******************************************************************************
                  TI ARM Linker PC v20.2.7                     
******************************************************************************
>> Linked Thu Nov 30 14:34:22 2023

OUTPUT FILE NAME:   <lab4_template.out>
ENTRY POINT SYMBOL: "_c_int00_noargs"  address: 0000225d


MEMORY CONFIGURATION

         name            origin    length      used     unused   attr    fill
----------------------  --------  ---------  --------  --------  ----  --------
  MAIN                  00000000   00040000  000027d1  0003d82f  R  X
  INFO                  00200000   00004000  00000000  00004000  R  X
  SRAM_CODE             01000000   00010000  00000d8c  0000f274  RW X
  SRAM_DATA             20000000   00010000  00000d8c  0000f274  RW  


SEGMENT ALLOCATION MAP

run origin  load origin   length   init length attrs members
----------  ----------- ---------- ----------- ----- -------
00000000    00000000    000027d8   000027d8    r-x
  00000000    00000000    000000e4   000000e4    r-- .intvecs
  000000e4    000000e4    000025d4   000025d4    r-x .text
  000026b8    000026b8    00000071   00000071    r-- .const
  00002730    00002730    000000a8   000000a8    r-- .cinit
20000000    20000000    0000098c   00000000    rw-
  20000000    20000000    000000e8   00000000    rw- .vtable
  200000e8    200000e8    00000400   00000000    rw- .sysmem
  200004e8    200004e8    000002a8   00000000    rw- .bss
  20000790    20000790    000001fc   00000000    rw- .data
2000fc00    2000fc00    00000400   00000000    rw-
  2000fc00    2000fc00    00000400   00000000    rw- .stack


SECTION ALLOCATION MAP

 output                                  attributes/
section   page    origin      length       input sections
--------  ----  ----------  ----------   ----------------
.intvecs   0    00000000    000000e4     
                  00000000    000000e4     startup_msp432p401r_ccs.obj (.intvecs:retain)

.text      0    000000e4    000025d4     
                  000000e4    000001e0     main.obj (.text:main)
                  000002c4    000001a0     main.obj (.text:TimerInit)
                  00000464    0000018c     main.obj (.text:Encoder_ISR)
                  000005f0    00000144     msp432p4xx_driverlib.lib : timer_a.o (.text:privateTimer_AProcessClockSourceDivider)
                  00000734    00000136     rtsv7M4_T_le_v4SPD16_eabi.lib : fd_div_t2.asm.obj (.text)
                  0000086a    00000002     startup_msp432p401r_ccs.obj (.text:Default_Handler)
                  0000086c    0000011c     msp432p4xx_driverlib.lib : uart.o (.text:UART_initModule)
                  00000988    00000110     rtsv7M4_T_le_v4SPD16_eabi.lib : fopen.c.obj (.text:_openfile)
                  00000a98    00000100                                   : memory.c.obj (.text:aligned_alloc)
                  00000b98    000000fc                                   : fd_mul_t2.asm.obj (.text)
                  00000c94    000000e4                                   : memory.c.obj (.text:free)
                  00000d78    000000dc                                   : setvbuf.c.obj (.text:setvbuf)
                  00000e54    000000d4     main.obj (.text:differential)
                  00000f28    000000d2     msp432p4xx_driverlib.lib : timer_a.o (.text:Timer_A_registerInterrupt)
                  00000ffa    00000002     rtsv7M4_T_le_v4SPD16_eabi.lib : _lock.c.obj (.text:_nop)
                  00000ffc    000000bc                                   : open.c.obj (.text:open)
                  000010b8    000000b8                                   : add_device.c.obj (.text:add_device)
                  00001170    000000b6     main.obj (.text:I2C_readData)
                  00001226    00000002     --HOLE-- [fill = 0]
                  00001228    0000009c     engr2350_msp432.obj (.text:init_std_uart)
                  000012c4    0000009c     rtsv7M4_T_le_v4SPD16_eabi.lib : memcpy_t2.asm.obj (.text)
                  00001360    00000098     system_msp432p401r.obj (.text:SystemInit)
                  000013f8    00000088     msp432p4xx_driverlib.lib : gpio.o (.text:GPIO_setAsPeripheralModuleFunctionInputPin)
                  00001480    00000088                              : gpio.o (.text:GPIO_setAsPeripheralModuleFunctionOutputPin)
                  00001508    00000086     rtsv7M4_T_le_v4SPD16_eabi.lib : fd_cmp_t2.asm.obj (.text:__aeabi_cdrcmple)
                  0000158e    00000002     --HOLE-- [fill = 0]
                  00001590    00000080     msp432p4xx_driverlib.lib : interrupt.o (.text:Interrupt_enableInterrupt)
                  00001610    00000080     engr2350_msp432.obj (.text:dopen)
                  00001690    00000074     rtsv7M4_T_le_v4SPD16_eabi.lib : fclose.c.obj (.text:__TI_closefile)
                  00001704    00000070                                   : memory.c.obj (.text:split)
                  00001774    0000006c                                   : hostrename.c.obj (.text:HOSTrename)
                  000017e0    0000006a     main.obj (.text:I2C_writeData)
                  0000184a    00000002     --HOLE-- [fill = 0]
                  0000184c    00000068     rtsv7M4_T_le_v4SPD16_eabi.lib : hostlseek.c.obj (.text:HOSTlseek)
                  000018b4    00000068     msp432p4xx_driverlib.lib : i2c.o (.text:I2C_masterSendMultiByteStart)
                  0000191c    00000068                              : timer_a.o (.text:Timer_A_configureUpMode)
                  00001984    00000068     rtsv7M4_T_le_v4SPD16_eabi.lib : copy_decompress_lzss.c.obj (.text:decompress:lzss:__TI_decompress_lzss)
                  000019ec    00000062     msp432p4xx_driverlib.lib : i2c.o (.text:I2C_initMaster)
                  00001a4e    00000002     --HOLE-- [fill = 0]
                  00001a50    00000060     rtsv7M4_T_le_v4SPD16_eabi.lib : hostopen.c.obj (.text:HOSTopen)
                  00001ab0    0000005c     msp432p4xx_driverlib.lib : interrupt.o (.text:Interrupt_registerInterrupt)
                  00001b0c    0000005c     rtsv7M4_T_le_v4SPD16_eabi.lib : close.c.obj (.text:close)
                  00001b68    00000058                                   : hostread.c.obj (.text:HOSTread)
                  00001bc0    00000058                                   : hostwrite.c.obj (.text:HOSTwrite)
                  00001c18    00000058     msp432p4xx_driverlib.lib : timer_a.o (.text:Timer_A_initCapture)
                  00001c70    00000054     engr2350_msp432.obj (.text:dread)
                  00001cc4    00000050     main.obj (.text:readRanger)
                  00001d14    0000004e     msp432p4xx_driverlib.lib : timer_a.o (.text:Timer_A_initCompare)
                  00001d62    0000004c     main.obj (.text:GPIOInit)
                  00001dae    0000004c     rtsv7M4_T_le_v4SPD16_eabi.lib : fflush.c.obj (.text:__TI_doflush)
                  00001dfa    00000002     --HOLE-- [fill = 0]
                  00001dfc    00000048     main.obj (.text:I2CInit)
                  00001e44    00000048     engr2350_msp432.obj (.text:dwrite)
                  00001e8c    00000048     rtsv7M4_T_le_v4SPD16_eabi.lib : exit.c.obj (.text:exit)
                  00001ed4    00000048                                   : fd_toi_t2.asm.obj (.text)
                  00001f1c    00000044                                   : hostclose.c.obj (.text:HOSTclose)
                  00001f60    00000044                                   : hostunlink.c.obj (.text:HOSTunlink)
                  00001fa4    00000044                                   : autoinit.c.obj (.text:__TI_auto_init_nobinit_nopinit:__TI_auto_init_nobinit_nopinit)
                  00001fe8    00000044                                   : getdevice.c.obj (.text:getdevice)
                  0000202c    00000040     msp432p4xx_driverlib.lib : gpio.o (.text:GPIO_setAsOutputPin)
                  0000206c    00000040                              : i2c.o (.text:I2C_masterReceiveMultiByteFinish)
                  000020ac    00000038                              : i2c.o (.text:I2C_masterSendMultiByteStop)
                  000020e4    00000038                              : timer_a.o (.text:Timer_A_getCaptureCompareEnabledInterruptStatus)
                  0000211c    00000038     rtsv7M4_T_le_v4SPD16_eabi.lib : trgmsg.c.obj (.text:__TI_writemsg)
                  00002154    00000036                                   : strncpy.c.obj (.text:strncpy)
                  0000218a    00000002     --HOLE-- [fill = 0]
                  0000218c    00000034     msp432p4xx_driverlib.lib : i2c.o (.text:I2C_masterSendMultiByteNext)
                  000021c0    00000034                              : timer_a.o (.text:Timer_A_configureContinuousMode)
                  000021f4    00000034     rtsv7M4_T_le_v4SPD16_eabi.lib : fopen.c.obj (.text:__TI_cleanup)
                  00002228    00000034                                   : trgmsg.c.obj (.text:__TI_readmsg)
                  0000225c    00000034                                   : boot_cortex_m.c.obj (.text:_c_int00_noargs:_c_int00_noargs)
                  00002290    00000034                                   : fopen.c.obj (.text:freopen)
                  000022c4    00000030                                   : getdevice.c.obj (.text:finddevice)
                  000022f4    0000002e                                   : i_tofd_t2.asm.obj (.text)
                  00002322    00000002     --HOLE-- [fill = 0]
                  00002324    0000002c     msp432p4xx_driverlib.lib : timer_a.o (.text:Timer_A_clearCaptureCompareInterrupt)
                  00002350    0000002c     rtsv7M4_T_le_v4SPD16_eabi.lib : unlink.c.obj (.text:unlink)
                  0000237c    00000028     msp432p4xx_driverlib.lib : gpio.o (.text:GPIO_setOutputHighOnPin)
                  000023a4    00000028                              : gpio.o (.text:GPIO_setOutputLowOnPin)
                  000023cc    00000028                              : timer_a.o (.text:Timer_A_getCaptureCompareInterruptStatus)
                  000023f4    00000028                              : timer_a.o (.text:Timer_A_setCompareValue)
                  0000241c    00000028     rtsv7M4_T_le_v4SPD16_eabi.lib : memory.c.obj (.text:free_list_insert)
                  00002444    00000028                                   : write.c.obj (.text:write)
                  0000246c    00000022     msp432p4xx_driverlib.lib : timer_a.o (.text:Timer_A_getCaptureCompareCount)
                  0000248e    0000001c                              : i2c.o (.text:I2C_setMode)
                  000024aa    00000002     --HOLE-- [fill = 0]
                  000024ac    0000001c     engr2350_msp432.obj (.text:dclose)
                  000024c8    0000001c     rtsv7M4_T_le_v4SPD16_eabi.lib : copy_zero_init.c.obj (.text:decompress:ZI:__TI_zero_init_nomemset:__TI_zero_init_nomemset)
                  000024e4    0000001c                                   : memory.c.obj (.text:free_list_remove)
                  00002500    0000001a     msp432p4xx_driverlib.lib : i2c.o (.text:I2C_masterReceiveStart)
                  0000251a    00000002     --HOLE-- [fill = 0]
                  0000251c    00000018     main.obj (.text:T1_100ms_ISR)
                  00002534    00000018     msp432p4xx_driverlib.lib : timer_a.o (.text:Timer_A_getEnabledInterruptStatus)
                  0000254c    00000018     rtsv7M4_T_le_v4SPD16_eabi.lib : strcmp.c.obj (.text:strcmp)
                  00002564    00000016     msp432p4xx_driverlib.lib : i2c.o (.text:I2C_enableModule)
                  0000257a    00000016                              : timer_a.o (.text:Timer_A_clearInterruptFlag)
                  00002590    00000016                              : timer_a.o (.text:Timer_A_startCounter)
                  000025a6    00000016     rtsv7M4_T_le_v4SPD16_eabi.lib : strchr.c.obj (.text:strchr)
                  000025bc    00000014     msp432p4xx_driverlib.lib : i2c.o (.text:I2C_masterReceiveMultiByteNext)
                  000025d0    00000014                              : i2c.o (.text:I2C_setSlaveAddress)
                  000025e4    00000014     rtsv7M4_T_le_v4SPD16_eabi.lib : strcpy.c.obj (.text:strcpy)
                  000025f8    00000014                                   : strlen.c.obj (.text:strlen)
                  0000260c    00000012     msp432p4xx_driverlib.lib : timer_a.o (.text:Timer_A_getInterruptStatus)
                  0000261e    00000012     engr2350_msp432.obj (.text:dlseek)
                  00002630    00000010     msp432p4xx_driverlib.lib : interrupt.o (.text:Interrupt_disableMaster)
                  00002640    00000010                              : interrupt.o (.text:Interrupt_enableMaster)
                  00002650    00000010     engr2350_msp432.obj (.text:drename)
                  00002660    0000000e     rtsv7M4_T_le_v4SPD16_eabi.lib : copy_decompress_none.c.obj (.text:decompress:none:__TI_decompress_none)
                  0000266e    0000000e     engr2350_msp432.obj (.text:dunlink)
                  0000267c    0000000c     msp432p4xx_driverlib.lib : cpu.o (.text:CPU_cpsid)
                  00002688    0000000c                              : cpu.o (.text:CPU_cpsie)
                  00002694    0000000c     startup_msp432p401r_ccs.obj (.text:Reset_Handler)
                  000026a0    00000008     engr2350_msp432.obj (.text:SysInit)
                  000026a8    00000008     rtsv7M4_T_le_v4SPD16_eabi.lib : memory.c.obj (.text:malloc)
                  000026b0    00000004                                   : pre_init.c.obj (.text:_system_pre_init)
                  000026b4    00000004                                   : exit.c.obj (.text:abort:abort)

.const     0    000026b8    00000071     
                  000026b8    00000030     msp432p4xx_driverlib.lib : gpio.o (.const:GPIO_PORT_TO_BASE)
                  000026e8    00000028     engr2350_msp432.obj (.const:$P$T1$2)
                  00002710    0000000c     main.obj (.const)
                  0000271c    00000008     msp432p4xx_driverlib.lib : interrupt.o (.const:g_pulEnRegs)
                  00002724    00000005     engr2350_msp432.obj (.const:.string:$P$T0$1)

.cinit     0    00002730    000000a8     
                  00002730    00000072     (.cinit..data.load) [load image, compression = lzss]
                  000027a2    00000002     --HOLE-- [fill = 0]
                  000027a4    0000000c     (__TI_handler_table)
                  000027b0    00000008     (.cinit..bss.load) [load image, compression = zero_init]
                  000027b8    00000008     (.cinit..vtable.load) [load image, compression = zero_init]
                  000027c0    00000018     (__TI_cinit_table)

.init_array 
*          0    00000000    00000000     UNINITIALIZED

.binit     0    00000000    00000000     

.vtable    0    20000000    000000e8     UNINITIALIZED
                  20000000    000000e8     msp432p4xx_driverlib.lib : interrupt.o (.vtable)

.sysmem    0    200000e8    00000400     UNINITIALIZED
                  200000e8    00000010     rtsv7M4_T_le_v4SPD16_eabi.lib : memory.c.obj (.sysmem)
                  200000f8    000003f0     --HOLE--

.bss       0    200004e8    000002a8     UNINITIALIZED
                  200004e8    00000120     rtsv7M4_T_le_v4SPD16_eabi.lib : trgmsg.c.obj (.bss:_CIOBUF_)
                  20000608    000000a0     (.common:__TI_tmpnams)
                  200006a8    00000018     (.common:TA0cfg)
                  200006c0    00000018     (.common:TA1cfg)
                  200006d8    00000018     (.common:TA3_ccr0)
                  200006f0    00000018     (.common:TA3_ccr1)
                  20000708    00000014     (.common:eUSCI_config)
                  2000071c    00000010     (.common:TA0_ccr3)
                  2000072c    00000010     (.common:TA0_ccr4)
                  2000073c    00000010     (.common:TA3cfg)
                  2000074c    00000008     (.common:parmbuf)
                  20000754    00000004     (.common:Tach_L)
                  20000758    00000004     (.common:Tach_L_avg)
                  2000075c    00000004     (.common:Tach_L_count)
                  20000760    00000004     (.common:Tach_L_sum)
                  20000764    00000004     (.common:Tach_L_sum_count)
                  20000768    00000004     (.common:Tach_R)
                  2000076c    00000004     (.common:Tach_R_avg)
                  20000770    00000004     (.common:Tach_R_count)
                  20000774    00000004     (.common:Tach_R_sum)
                  20000778    00000004     (.common:Tach_R_sum_count)
                  2000077c    00000004     (.common:enc_total_L)
                  20000780    00000004     (.common:enc_total_R)
                  20000784    00000002     (.common:current_speed_L)
                  20000786    00000002     (.common:current_speed_R)
                  20000788    00000002     (.common:desired_speed_L)
                  2000078a    00000002     (.common:desired_speed_R)
                  2000078c    00000002     (.common:differential_speed)
                  2000078e    00000002     (.common:range)

.data      0    20000790    000001fc     UNINITIALIZED
                  20000790    000000f0     rtsv7M4_T_le_v4SPD16_eabi.lib : defs.c.obj (.data:_ftable)
                  20000880    00000078                                   : host_device.c.obj (.data:_device)
                  200008f8    00000050                                   : host_device.c.obj (.data:_stream)
                  20000948    00000010     main.obj (.data)
                  20000958    00000010     rtsv7M4_T_le_v4SPD16_eabi.lib : defs.c.obj (.data)
                  20000968    0000000c                                   : exit.c.obj (.data:$O1$$)
                  20000974    00000008                                   : _lock.c.obj (.data:$O1$$)
                  2000097c    00000008                                   : memory.c.obj (.data:$O1$$)
                  20000984    00000004                                   : add_device.c.obj (.data)
                  20000988    00000004                                   : open.c.obj (.data)

.stack     0    2000fc00    00000400     UNINITIALIZED
                  2000fc00    00000004     rtsv7M4_T_le_v4SPD16_eabi.lib : boot_cortex_m.c.obj (.stack)
                  2000fc04    000003fc     --HOLE--

__llvm_prf_cnts 
*          0    20000000    00000000     UNINITIALIZED

MODULE SUMMARY

       Module                        code   ro data   rw data
       ------                        ----   -------   -------
    .\
       main.obj                      2044   12        480    
    +--+-----------------------------+------+---------+---------+
       Total:                        2044   12        480    
                                                             
    .\src\
       engr2350_msp432.obj           524    45        0      
       startup_msp432p401r_ccs.obj   14     228       0      
       system_msp432p401r.obj        152    0         0      
    +--+-----------------------------+------+---------+---------+
       Total:                        690    273       0      
                                                             
    C:/ti/simplelink_msp432p4_sdk_3_40_01_02/source/ti/devices/msp432p4xx/driverlib/ccs/msp432p4xx_driverlib.lib
       timer_a.o                     1156   0         0      
       interrupt.o                   252    8         464    
       i2c.o                         490    0         0      
       gpio.o                        416    48        0      
       uart.o                        284    0         0      
       cpu.o                         24     0         0      
    +--+-----------------------------+------+---------+---------+
       Total:                        2622   56        464    
                                                             
    C:\ti\ccs1240\ccs\tools\compiler\ti-cgt-arm_20.2.7.LTS\lib\rtsv7M4_T_le_v4SPD16_eabi.lib
       defs.c.obj                    0      0         832    
       memory.c.obj                  672    0         16     
       trgmsg.c.obj                  108    0         576    
       host_device.c.obj             0      0         400    
       fopen.c.obj                   376    0         0      
       fd_div_t2.asm.obj             310    0         0      
       fd_mul_t2.asm.obj             252    0         0      
       setvbuf.c.obj                 220    0         0      
       open.c.obj                    188    0         8      
       add_device.c.obj              184    0         8      
       memcpy_t2.asm.obj             156    0         0      
       fd_cmp_t2.asm.obj             134    0         0      
       fclose.c.obj                  116    0         0      
       getdevice.c.obj               116    0         0      
       hostopen.c.obj                96     0         16     
       hostrename.c.obj              108    0         0      
       copy_decompress_lzss.c.obj    104    0         0      
       hostlseek.c.obj               104    0         0      
       exit.c.obj                    76     0         24     
       close.c.obj                   92     0         0      
       hostread.c.obj                88     0         0      
       hostwrite.c.obj               88     0         0      
       fflush.c.obj                  76     0         0      
       fd_toi_t2.asm.obj             72     0         0      
       autoinit.c.obj                68     0         0      
       hostclose.c.obj               68     0         0      
       hostunlink.c.obj              68     0         0      
       strncpy.c.obj                 54     0         0      
       boot_cortex_m.c.obj           52     0         0      
       i_tofd_t2.asm.obj             46     0         0      
       unlink.c.obj                  44     0         0      
       write.c.obj                   40     0         0      
       copy_zero_init.c.obj          28     0         0      
       strcmp.c.obj                  24     0         0      
       strchr.c.obj                  22     0         0      
       strcpy.c.obj                  20     0         0      
       strlen.c.obj                  20     0         0      
       _lock.c.obj                   2      0         16     
       copy_decompress_none.c.obj    14     0         0      
       pre_init.c.obj                4      0         0      
    +--+-----------------------------+------+---------+---------+
       Total:                        4310   0         1896   
                                                             
       Heap:                         0      0         2048   
       Stack:                        0      0         2048   
       Linker Generated:             0      166       0      
    +--+-----------------------------+------+---------+---------+
       Grand Total:                  9666   507       6936   


LINKER GENERATED COPY TABLES

__TI_cinit_table @ 000027c0 records: 3, size/record: 8, table size: 24
	.data: load addr=00002730, load size=00000072 bytes, run addr=20000790, run size=000001fc bytes, compression=lzss
	.bss: load addr=000027b0, load size=00000008 bytes, run addr=200004e8, run size=000002a8 bytes, compression=zero_init
	.vtable: load addr=000027b8, load size=00000008 bytes, run addr=20000000, run size=000000e8 bytes, compression=zero_init


LINKER GENERATED HANDLER TABLE

__TI_handler_table @ 000027a4 records: 3, size/record: 4, table size: 12
	index: 0, handler: __TI_zero_init
	index: 1, handler: __TI_decompress_lzss
	index: 2, handler: __TI_decompress_none


GLOBAL SYMBOLS: SORTED ALPHABETICALLY BY Name 

address   name                                           
-------   ----                                           
0000086b  ADC14_IRQHandler                               
0000086b  AES256_IRQHandler                              
0000086b  BusFault_Handler                               
000026b5  C$$EXIT                                        
0000214b  C$$IO$$                                        
0000086b  COMP_E0_IRQHandler                             
0000086b  COMP_E1_IRQHandler                             
0000267d  CPU_cpsid                                      
00002689  CPU_cpsie                                      
0000086b  CS_IRQHandler                                  
00002714  DISTANCE_BETWEEN_WHEELS                        
0000086b  DMA_ERR_IRQHandler                             
0000086b  DMA_INT0_IRQHandler                            
0000086b  DMA_INT1_IRQHandler                            
0000086b  DMA_INT2_IRQHandler                            
0000086b  DMA_INT3_IRQHandler                            
0000086b  DebugMon_Handler                               
0000086b  Default_Handler                                
0000086b  EUSCIA0_IRQHandler                             
0000086b  EUSCIA1_IRQHandler                             
0000086b  EUSCIA2_IRQHandler                             
0000086b  EUSCIA3_IRQHandler                             
0000086b  EUSCIB0_IRQHandler                             
0000086b  EUSCIB1_IRQHandler                             
0000086b  EUSCIB2_IRQHandler                             
0000086b  EUSCIB3_IRQHandler                             
00000465  Encoder_ISR                                    
0000086b  FLCTL_IRQHandler                               
0000086b  FPU_IRQHandler                                 
00001d63  GPIOInit                                       
0000202d  GPIO_setAsOutputPin                            
000013f9  GPIO_setAsPeripheralModuleFunctionInputPin     
00001481  GPIO_setAsPeripheralModuleFunctionOutputPin    
0000237d  GPIO_setOutputHighOnPin                        
000023a5  GPIO_setOutputLowOnPin                         
00001f1d  HOSTclose                                      
0000184d  HOSTlseek                                      
00001a51  HOSTopen                                       
00001b69  HOSTread                                       
00001775  HOSTrename                                     
00001f61  HOSTunlink                                     
00001bc1  HOSTwrite                                      
0000086b  HardFault_Handler                              
00001dfd  I2CInit                                        
00002565  I2C_enableModule                               
000019ed  I2C_initMaster                                 
0000206d  I2C_masterReceiveMultiByteFinish               
000025bd  I2C_masterReceiveMultiByteNext                 
00002501  I2C_masterReceiveStart                         
0000218d  I2C_masterSendMultiByteNext                    
000018b5  I2C_masterSendMultiByteStart                   
000020ad  I2C_masterSendMultiByteStop                    
00001171  I2C_readData                                   
0000248f  I2C_setMode                                    
000025d1  I2C_setSlaveAddress                            
000017e1  I2C_writeData                                  
00002631  Interrupt_disableMaster                        
00001591  Interrupt_enableInterrupt                      
00002641  Interrupt_enableMaster                         
00001ab1  Interrupt_registerInterrupt                    
0000086b  MemManage_Handler                              
0000086b  NMI_Handler                                    
0000086b  PCM_IRQHandler                                 
0000086b  PORT1_IRQHandler                               
0000086b  PORT2_IRQHandler                               
0000086b  PORT3_IRQHandler                               
0000086b  PORT4_IRQHandler                               
0000086b  PORT5_IRQHandler                               
0000086b  PORT6_IRQHandler                               
0000086b  PSS_IRQHandler                                 
0000086b  PendSV_Handler                                 
0000086b  RTC_C_IRQHandler                               
00002695  Reset_Handler                                  
0000086b  SVC_Handler                                    
000026a1  SysInit                                        
0000086b  SysTick_Handler                                
00001361  SystemInit                                     
0000251d  T1_100ms_ISR                                   
0000086b  T32_INT1_IRQHandler                            
0000086b  T32_INT2_IRQHandler                            
0000086b  T32_INTC_IRQHandler                            
0000086b  TA0_0_IRQHandler                               
0000086b  TA0_N_IRQHandler                               
2000071c  TA0_ccr3                                       
2000072c  TA0_ccr4                                       
200006a8  TA0cfg                                         
0000086b  TA1_0_IRQHandler                               
0000086b  TA1_N_IRQHandler                               
200006c0  TA1cfg                                         
0000086b  TA2_0_IRQHandler                               
0000086b  TA2_N_IRQHandler                               
0000086b  TA3_0_IRQHandler                               
0000086b  TA3_N_IRQHandler                               
200006d8  TA3_ccr0                                       
200006f0  TA3_ccr1                                       
2000073c  TA3cfg                                         
20000754  Tach_L                                         
20000758  Tach_L_avg                                     
2000075c  Tach_L_count                                   
20000760  Tach_L_sum                                     
20000764  Tach_L_sum_count                               
20000768  Tach_R                                         
2000076c  Tach_R_avg                                     
20000770  Tach_R_count                                   
20000774  Tach_R_sum                                     
20000778  Tach_R_sum_count                               
000002c5  TimerInit                                      
00002325  Timer_A_clearCaptureCompareInterrupt           
0000257b  Timer_A_clearInterruptFlag                     
000021c1  Timer_A_configureContinuousMode                
0000191d  Timer_A_configureUpMode                        
0000246d  Timer_A_getCaptureCompareCount                 
000020e5  Timer_A_getCaptureCompareEnabledInterruptStatus
000023cd  Timer_A_getCaptureCompareInterruptStatus       
00002535  Timer_A_getEnabledInterruptStatus              
0000260d  Timer_A_getInterruptStatus                     
00001c19  Timer_A_initCapture                            
00001d15  Timer_A_initCompare                            
00000f29  Timer_A_registerInterrupt                      
000023f5  Timer_A_setCompareValue                        
00002591  Timer_A_startCounter                           
0000086d  UART_initModule                                
0000086b  UsageFault_Handler                             
4000480c  WDTCTL_SYM                                     
0000086b  WDT_A_IRQHandler                               
00002715  WHEEL_RADIUS                                   
200004e8  __CIOBUF_                                      
20010000  __STACK_END                                    
00000400  __STACK_SIZE                                   
00000400  __SYSMEM_SIZE                                  
000027c0  __TI_CINIT_Base                                
000027d8  __TI_CINIT_Limit                               
000027a4  __TI_Handler_Table_Base                        
000027b0  __TI_Handler_Table_Limit                       
00001fa5  __TI_auto_init_nobinit_nopinit                 
000021f5  __TI_cleanup                                   
20000968  __TI_cleanup_ptr                               
00001691  __TI_closefile                                 
00001985  __TI_decompress_lzss                           
00002661  __TI_decompress_none                           
00001daf  __TI_doflush                                   
2000096c  __TI_dtors_ptr                                 
20000970  __TI_enable_exit_profile_output                
20000958  __TI_ft_end                                    
ffffffff  __TI_pprof_out_hndl                            
ffffffff  __TI_prof_data_size                            
ffffffff  __TI_prof_data_start                           
00002229  __TI_readmsg                                   
00000000  __TI_static_base__                             
20000608  __TI_tmpnams                                   
0000211d  __TI_writemsg                                  
000024c9  __TI_zero_init_nomemset                        
00001509  __aeabi_cdrcmple                               
00001ed5  __aeabi_d2iz                                   
00000735  __aeabi_ddiv                                   
00000b99  __aeabi_dmul                                   
000022f5  __aeabi_i2d                                    
000012c5  __aeabi_memcpy                                 
000012c5  __aeabi_memcpy4                                
000012c5  __aeabi_memcpy8                                
20000964  __aeabi_stderr                                 
2000095c  __aeabi_stdin                                  
20000960  __aeabi_stdout                                 
ffffffff  __binit__                                      
ffffffff  __c_args__                                     
UNDEFED   __mpu_init                                     
2000fc00  __stack                                        
20000000  __start___llvm_prf_cnts                        
20000000  __stop___llvm_prf_cnts                         
0000225d  _c_int00_noargs                                
20000880  _device                                        
20000790  _ftable                                        
20000974  _lock                                          
00000ffb  _nop                                           
200008f8  _stream                                        
200000e8  _sys_memory                                    
UNDEFED   _system_post_cinit                             
000026b1  _system_pre_init                               
20000978  _unlock                                        
000026b5  abort                                          
000010b9  add_device                                     
00000a99  aligned_alloc                                  
ffffffff  binit                                          
00001b0d  close                                          
20000784  current_speed_L                                
20000786  current_speed_R                                
000024ad  dclose                                         
20000949  desired_speed                                  
20000788  desired_speed_L                                
2000078a  desired_speed_R                                
00000e55  differential                                   
2000078c  differential_speed                             
0000261f  dlseek                                         
00001611  dopen                                          
00001c71  dread                                          
00002651  drename                                        
0000266f  dunlink                                        
00001e45  dwrite                                         
20000708  eUSCI_config                                   
2000077c  enc_total_L                                    
20000780  enc_total_R                                    
2000094c  error_sum_L                                    
20000950  error_sum_R                                    
00001e8d  exit                                           
000022c5  finddevice                                     
00000c95  free                                           
00002291  freopen                                        
20000000  g_pfnRAMVectors                                
00001fe9  getdevice                                      
00001229  init_std_uart                                  
00000000  interruptVectors                               
00002718  ki                                             
000000e5  main                                           
000026a9  malloc                                         
00000a99  memalign                                       
000012c5  memcpy                                         
00000ffd  open                                           
2000074c  parmbuf                                        
00002710  pwm_max                                        
00002712  pwm_min                                        
20000954  pwm_set_L                                      
20000956  pwm_set_R                                      
2000078e  range                                          
00001cc5  readRanger                                     
00002351  remove                                         
20000948  run_control                                    
00000d79  setvbuf                                        
000025a7  strchr                                         
0000254d  strcmp                                         
000025e5  strcpy                                         
000025f9  strlen                                         
00002155  strncpy                                        
00002351  unlink                                         
00002445  write                                          


GLOBAL SYMBOLS: SORTED BY Symbol Address 

address   name                                           
-------   ----                                           
00000000  __TI_static_base__                             
00000000  interruptVectors                               
000000e5  main                                           
000002c5  TimerInit                                      
00000400  __STACK_SIZE                                   
00000400  __SYSMEM_SIZE                                  
00000465  Encoder_ISR                                    
00000735  __aeabi_ddiv                                   
0000086b  ADC14_IRQHandler                               
0000086b  AES256_IRQHandler                              
0000086b  BusFault_Handler                               
0000086b  COMP_E0_IRQHandler                             
0000086b  COMP_E1_IRQHandler                             
0000086b  CS_IRQHandler                                  
0000086b  DMA_ERR_IRQHandler                             
0000086b  DMA_INT0_IRQHandler                            
0000086b  DMA_INT1_IRQHandler                            
0000086b  DMA_INT2_IRQHandler                            
0000086b  DMA_INT3_IRQHandler                            
0000086b  DebugMon_Handler                               
0000086b  Default_Handler                                
0000086b  EUSCIA0_IRQHandler                             
0000086b  EUSCIA1_IRQHandler                             
0000086b  EUSCIA2_IRQHandler                             
0000086b  EUSCIA3_IRQHandler                             
0000086b  EUSCIB0_IRQHandler                             
0000086b  EUSCIB1_IRQHandler                             
0000086b  EUSCIB2_IRQHandler                             
0000086b  EUSCIB3_IRQHandler                             
0000086b  FLCTL_IRQHandler                               
0000086b  FPU_IRQHandler                                 
0000086b  HardFault_Handler                              
0000086b  MemManage_Handler                              
0000086b  NMI_Handler                                    
0000086b  PCM_IRQHandler                                 
0000086b  PORT1_IRQHandler                               
0000086b  PORT2_IRQHandler                               
0000086b  PORT3_IRQHandler                               
0000086b  PORT4_IRQHandler                               
0000086b  PORT5_IRQHandler                               
0000086b  PORT6_IRQHandler                               
0000086b  PSS_IRQHandler                                 
0000086b  PendSV_Handler                                 
0000086b  RTC_C_IRQHandler                               
0000086b  SVC_Handler                                    
0000086b  SysTick_Handler                                
0000086b  T32_INT1_IRQHandler                            
0000086b  T32_INT2_IRQHandler                            
0000086b  T32_INTC_IRQHandler                            
0000086b  TA0_0_IRQHandler                               
0000086b  TA0_N_IRQHandler                               
0000086b  TA1_0_IRQHandler                               
0000086b  TA1_N_IRQHandler                               
0000086b  TA2_0_IRQHandler                               
0000086b  TA2_N_IRQHandler                               
0000086b  TA3_0_IRQHandler                               
0000086b  TA3_N_IRQHandler                               
0000086b  UsageFault_Handler                             
0000086b  WDT_A_IRQHandler                               
0000086d  UART_initModule                                
00000a99  aligned_alloc                                  
00000a99  memalign                                       
00000b99  __aeabi_dmul                                   
00000c95  free                                           
00000d79  setvbuf                                        
00000e55  differential                                   
00000f29  Timer_A_registerInterrupt                      
00000ffb  _nop                                           
00000ffd  open                                           
000010b9  add_device                                     
00001171  I2C_readData                                   
00001229  init_std_uart                                  
000012c5  __aeabi_memcpy                                 
000012c5  __aeabi_memcpy4                                
000012c5  __aeabi_memcpy8                                
000012c5  memcpy                                         
00001361  SystemInit                                     
000013f9  GPIO_setAsPeripheralModuleFunctionInputPin     
00001481  GPIO_setAsPeripheralModuleFunctionOutputPin    
00001509  __aeabi_cdrcmple                               
00001591  Interrupt_enableInterrupt                      
00001611  dopen                                          
00001691  __TI_closefile                                 
00001775  HOSTrename                                     
000017e1  I2C_writeData                                  
0000184d  HOSTlseek                                      
000018b5  I2C_masterSendMultiByteStart                   
0000191d  Timer_A_configureUpMode                        
00001985  __TI_decompress_lzss                           
000019ed  I2C_initMaster                                 
00001a51  HOSTopen                                       
00001ab1  Interrupt_registerInterrupt                    
00001b0d  close                                          
00001b69  HOSTread                                       
00001bc1  HOSTwrite                                      
00001c19  Timer_A_initCapture                            
00001c71  dread                                          
00001cc5  readRanger                                     
00001d15  Timer_A_initCompare                            
00001d63  GPIOInit                                       
00001daf  __TI_doflush                                   
00001dfd  I2CInit                                        
00001e45  dwrite                                         
00001e8d  exit                                           
00001ed5  __aeabi_d2iz                                   
00001f1d  HOSTclose                                      
00001f61  HOSTunlink                                     
00001fa5  __TI_auto_init_nobinit_nopinit                 
00001fe9  getdevice                                      
0000202d  GPIO_setAsOutputPin                            
0000206d  I2C_masterReceiveMultiByteFinish               
000020ad  I2C_masterSendMultiByteStop                    
000020e5  Timer_A_getCaptureCompareEnabledInterruptStatus
0000211d  __TI_writemsg                                  
0000214b  C$$IO$$                                        
00002155  strncpy                                        
0000218d  I2C_masterSendMultiByteNext                    
000021c1  Timer_A_configureContinuousMode                
000021f5  __TI_cleanup                                   
00002229  __TI_readmsg                                   
0000225d  _c_int00_noargs                                
00002291  freopen                                        
000022c5  finddevice                                     
000022f5  __aeabi_i2d                                    
00002325  Timer_A_clearCaptureCompareInterrupt           
00002351  remove                                         
00002351  unlink                                         
0000237d  GPIO_setOutputHighOnPin                        
000023a5  GPIO_setOutputLowOnPin                         
000023cd  Timer_A_getCaptureCompareInterruptStatus       
000023f5  Timer_A_setCompareValue                        
00002445  write                                          
0000246d  Timer_A_getCaptureCompareCount                 
0000248f  I2C_setMode                                    
000024ad  dclose                                         
000024c9  __TI_zero_init_nomemset                        
00002501  I2C_masterReceiveStart                         
0000251d  T1_100ms_ISR                                   
00002535  Timer_A_getEnabledInterruptStatus              
0000254d  strcmp                                         
00002565  I2C_enableModule                               
0000257b  Timer_A_clearInterruptFlag                     
00002591  Timer_A_startCounter                           
000025a7  strchr                                         
000025bd  I2C_masterReceiveMultiByteNext                 
000025d1  I2C_setSlaveAddress                            
000025e5  strcpy                                         
000025f9  strlen                                         
0000260d  Timer_A_getInterruptStatus                     
0000261f  dlseek                                         
00002631  Interrupt_disableMaster                        
00002641  Interrupt_enableMaster                         
00002651  drename                                        
00002661  __TI_decompress_none                           
0000266f  dunlink                                        
0000267d  CPU_cpsid                                      
00002689  CPU_cpsie                                      
00002695  Reset_Handler                                  
000026a1  SysInit                                        
000026a9  malloc                                         
000026b1  _system_pre_init                               
000026b5  C$$EXIT                                        
000026b5  abort                                          
00002710  pwm_max                                        
00002712  pwm_min                                        
00002714  DISTANCE_BETWEEN_WHEELS                        
00002715  WHEEL_RADIUS                                   
00002718  ki                                             
000027a4  __TI_Handler_Table_Base                        
000027b0  __TI_Handler_Table_Limit                       
000027c0  __TI_CINIT_Base                                
000027d8  __TI_CINIT_Limit                               
20000000  __start___llvm_prf_cnts                        
20000000  __stop___llvm_prf_cnts                         
20000000  g_pfnRAMVectors                                
200000e8  _sys_memory                                    
200004e8  __CIOBUF_                                      
20000608  __TI_tmpnams                                   
200006a8  TA0cfg                                         
200006c0  TA1cfg                                         
200006d8  TA3_ccr0                                       
200006f0  TA3_ccr1                                       
20000708  eUSCI_config                                   
2000071c  TA0_ccr3                                       
2000072c  TA0_ccr4                                       
2000073c  TA3cfg                                         
2000074c  parmbuf                                        
20000754  Tach_L                                         
20000758  Tach_L_avg                                     
2000075c  Tach_L_count                                   
20000760  Tach_L_sum                                     
20000764  Tach_L_sum_count                               
20000768  Tach_R                                         
2000076c  Tach_R_avg                                     
20000770  Tach_R_count                                   
20000774  Tach_R_sum                                     
20000778  Tach_R_sum_count                               
2000077c  enc_total_L                                    
20000780  enc_total_R                                    
20000784  current_speed_L                                
20000786  current_speed_R                                
20000788  desired_speed_L                                
2000078a  desired_speed_R                                
2000078c  differential_speed                             
2000078e  range                                          
20000790  _ftable                                        
20000880  _device                                        
200008f8  _stream                                        
20000948  run_control                                    
20000949  desired_speed                                  
2000094c  error_sum_L                                    
20000950  error_sum_R                                    
20000954  pwm_set_L                                      
20000956  pwm_set_R                                      
20000958  __TI_ft_end                                    
2000095c  __aeabi_stdin                                  
20000960  __aeabi_stdout                                 
20000964  __aeabi_stderr                                 
20000968  __TI_cleanup_ptr                               
2000096c  __TI_dtors_ptr                                 
20000970  __TI_enable_exit_profile_output                
20000974  _lock                                          
20000978  _unlock                                        
2000fc00  __stack                                        
20010000  __STACK_END                                    
4000480c  WDTCTL_SYM                                     
ffffffff  __TI_pprof_out_hndl                            
ffffffff  __TI_prof_data_size                            
ffffffff  __TI_prof_data_start                           
ffffffff  __binit__                                      
ffffffff  __c_args__                                     
ffffffff  binit                                          
UNDEFED   __mpu_init                                     
UNDEFED   _system_post_cinit                             

[234 symbols]
