<?xml version="1.0" encoding="ISO-8859-1" ?>
<link_info>
   <banner>TI ARM Linker PC v20.2.7.LTS</banner>
   <copyright>Copyright (c) 1996-2018 Texas Instruments Incorporated</copyright>
   <link_time>0x650c87e3</link_time>
   <link_errors>0x0</link_errors>
   <output_file>lab1_template.out</output_file>
   <entry_point>
      <name>_c_int00_noargs</name>
      <address>0x47e9</address>
   </entry_point>
   <input_file_list>
      <input_file id="fl-2">
         <path>.\</path>
         <kind>object</kind>
         <file>main.obj</file>
         <name>main.obj</name>
      </input_file>
      <input_file id="fl-3">
         <path>.\src\</path>
         <kind>object</kind>
         <file>engr2350_msp432.obj</file>
         <name>engr2350_msp432.obj</name>
      </input_file>
      <input_file id="fl-4">
         <path>.\src\</path>
         <kind>object</kind>
         <file>startup_msp432p401r_ccs.obj</file>
         <name>startup_msp432p401r_ccs.obj</name>
      </input_file>
      <input_file id="fl-5">
         <path>.\src\</path>
         <kind>object</kind>
         <file>system_msp432p401r.obj</file>
         <name>system_msp432p401r.obj</name>
      </input_file>
      <input_file id="fl-10">
         <kind>object</kind>
         <file>&lt;internal&gt;</file>
         <name>&lt;internal&gt;</name>
      </input_file>
      <input_file id="fl-11">
         <path>..\src\</path>
         <kind>archive</kind>
         <file>Lab1lib.lib</file>
         <name>lab1lib.obj</name>
      </input_file>
      <input_file id="fl-12">
         <path>C:\ti\simplelink_msp432p4_sdk_3_40_01_02\source\ti\devices\msp432p4xx\driverlib\ccs\</path>
         <kind>archive</kind>
         <file>msp432p4xx_driverlib.lib</file>
         <name>gpio.o</name>
      </input_file>
      <input_file id="fl-13">
         <path>C:\ti\simplelink_msp432p4_sdk_3_40_01_02\source\ti\devices\msp432p4xx\driverlib\ccs\</path>
         <kind>archive</kind>
         <file>msp432p4xx_driverlib.lib</file>
         <name>interrupt.o</name>
      </input_file>
      <input_file id="fl-14">
         <path>C:\ti\simplelink_msp432p4_sdk_3_40_01_02\source\ti\devices\msp432p4xx\driverlib\ccs\</path>
         <kind>archive</kind>
         <file>msp432p4xx_driverlib.lib</file>
         <name>timer_a.o</name>
      </input_file>
      <input_file id="fl-15">
         <path>C:\ti\simplelink_msp432p4_sdk_3_40_01_02\source\ti\devices\msp432p4xx\driverlib\ccs\</path>
         <kind>archive</kind>
         <file>msp432p4xx_driverlib.lib</file>
         <name>uart.o</name>
      </input_file>
      <input_file id="fl-16">
         <path>C:\ti\simplelink_msp432p4_sdk_3_40_01_02\source\ti\devices\msp432p4xx\driverlib\ccs\</path>
         <kind>archive</kind>
         <file>msp432p4xx_driverlib.lib</file>
         <name>cpu.o</name>
      </input_file>
      <input_file id="fl-cc">
         <path>C:\ti\ccs1240\ccs\tools\compiler\ti-cgt-arm_20.2.7.LTS\lib\</path>
         <kind>archive</kind>
         <file>rtsv7M4_T_le_v4SPD16_eabi.lib</file>
         <name>printf.c.obj</name>
      </input_file>
      <input_file id="fl-cd">
         <path>C:\ti\ccs1240\ccs\tools\compiler\ti-cgt-arm_20.2.7.LTS\lib\</path>
         <kind>archive</kind>
         <file>rtsv7M4_T_le_v4SPD16_eabi.lib</file>
         <name>_printfi.c.obj</name>
      </input_file>
      <input_file id="fl-ce">
         <path>C:\ti\ccs1240\ccs\tools\compiler\ti-cgt-arm_20.2.7.LTS\lib\</path>
         <kind>archive</kind>
         <file>rtsv7M4_T_le_v4SPD16_eabi.lib</file>
         <name>fgetc.c.obj</name>
      </input_file>
      <input_file id="fl-cf">
         <path>C:\ti\ccs1240\ccs\tools\compiler\ti-cgt-arm_20.2.7.LTS\lib\</path>
         <kind>archive</kind>
         <file>rtsv7M4_T_le_v4SPD16_eabi.lib</file>
         <name>fopen.c.obj</name>
      </input_file>
      <input_file id="fl-d0">
         <path>C:\ti\ccs1240\ccs\tools\compiler\ti-cgt-arm_20.2.7.LTS\lib\</path>
         <kind>archive</kind>
         <file>rtsv7M4_T_le_v4SPD16_eabi.lib</file>
         <name>fputc.c.obj</name>
      </input_file>
      <input_file id="fl-d1">
         <path>C:\ti\ccs1240\ccs\tools\compiler\ti-cgt-arm_20.2.7.LTS\lib\</path>
         <kind>archive</kind>
         <file>rtsv7M4_T_le_v4SPD16_eabi.lib</file>
         <name>fputs.c.obj</name>
      </input_file>
      <input_file id="fl-d2">
         <path>C:\ti\ccs1240\ccs\tools\compiler\ti-cgt-arm_20.2.7.LTS\lib\</path>
         <kind>archive</kind>
         <file>rtsv7M4_T_le_v4SPD16_eabi.lib</file>
         <name>_bufread.c.obj</name>
      </input_file>
      <input_file id="fl-d3">
         <path>C:\ti\ccs1240\ccs\tools\compiler\ti-cgt-arm_20.2.7.LTS\lib\</path>
         <kind>archive</kind>
         <file>rtsv7M4_T_le_v4SPD16_eabi.lib</file>
         <name>_io_perm.c.obj</name>
      </input_file>
      <input_file id="fl-d4">
         <path>C:\ti\ccs1240\ccs\tools\compiler\ti-cgt-arm_20.2.7.LTS\lib\</path>
         <kind>archive</kind>
         <file>rtsv7M4_T_le_v4SPD16_eabi.lib</file>
         <name>setvbuf.c.obj</name>
      </input_file>
      <input_file id="fl-d5">
         <path>C:\ti\ccs1240\ccs\tools\compiler\ti-cgt-arm_20.2.7.LTS\lib\</path>
         <kind>archive</kind>
         <file>rtsv7M4_T_le_v4SPD16_eabi.lib</file>
         <name>fd_add_t2.asm.obj</name>
      </input_file>
      <input_file id="fl-d6">
         <path>C:\ti\ccs1240\ccs\tools\compiler\ti-cgt-arm_20.2.7.LTS\lib\</path>
         <kind>archive</kind>
         <file>rtsv7M4_T_le_v4SPD16_eabi.lib</file>
         <name>fd_cmp_t2.asm.obj</name>
      </input_file>
      <input_file id="fl-d7">
         <path>C:\ti\ccs1240\ccs\tools\compiler\ti-cgt-arm_20.2.7.LTS\lib\</path>
         <kind>archive</kind>
         <file>rtsv7M4_T_le_v4SPD16_eabi.lib</file>
         <name>fd_div_t2.asm.obj</name>
      </input_file>
      <input_file id="fl-d8">
         <path>C:\ti\ccs1240\ccs\tools\compiler\ti-cgt-arm_20.2.7.LTS\lib\</path>
         <kind>archive</kind>
         <file>rtsv7M4_T_le_v4SPD16_eabi.lib</file>
         <name>fd_mul_t2.asm.obj</name>
      </input_file>
      <input_file id="fl-d9">
         <path>C:\ti\ccs1240\ccs\tools\compiler\ti-cgt-arm_20.2.7.LTS\lib\</path>
         <kind>archive</kind>
         <file>rtsv7M4_T_le_v4SPD16_eabi.lib</file>
         <name>fd_toi_t2.asm.obj</name>
      </input_file>
      <input_file id="fl-da">
         <path>C:\ti\ccs1240\ccs\tools\compiler\ti-cgt-arm_20.2.7.LTS\lib\</path>
         <kind>archive</kind>
         <file>rtsv7M4_T_le_v4SPD16_eabi.lib</file>
         <name>fd_tos_t2.asm.obj</name>
      </input_file>
      <input_file id="fl-db">
         <path>C:\ti\ccs1240\ccs\tools\compiler\ti-cgt-arm_20.2.7.LTS\lib\</path>
         <kind>archive</kind>
         <file>rtsv7M4_T_le_v4SPD16_eabi.lib</file>
         <name>fs_tod_t2.asm.obj</name>
      </input_file>
      <input_file id="fl-dc">
         <path>C:\ti\ccs1240\ccs\tools\compiler\ti-cgt-arm_20.2.7.LTS\lib\</path>
         <kind>archive</kind>
         <file>rtsv7M4_T_le_v4SPD16_eabi.lib</file>
         <name>i_tofd_t2.asm.obj</name>
      </input_file>
      <input_file id="fl-dd">
         <path>C:\ti\ccs1240\ccs\tools\compiler\ti-cgt-arm_20.2.7.LTS\lib\</path>
         <kind>archive</kind>
         <file>rtsv7M4_T_le_v4SPD16_eabi.lib</file>
         <name>memcpy_t2.asm.obj</name>
      </input_file>
      <input_file id="fl-de">
         <path>C:\ti\ccs1240\ccs\tools\compiler\ti-cgt-arm_20.2.7.LTS\lib\</path>
         <kind>archive</kind>
         <file>rtsv7M4_T_le_v4SPD16_eabi.lib</file>
         <name>u_tofd_t2.asm.obj</name>
      </input_file>
      <input_file id="fl-df">
         <path>C:\ti\ccs1240\ccs\tools\compiler\ti-cgt-arm_20.2.7.LTS\lib\</path>
         <kind>archive</kind>
         <file>rtsv7M4_T_le_v4SPD16_eabi.lib</file>
         <name>memset_t2.asm.obj</name>
      </input_file>
      <input_file id="fl-e0">
         <path>C:\ti\ccs1240\ccs\tools\compiler\ti-cgt-arm_20.2.7.LTS\lib\</path>
         <kind>archive</kind>
         <file>rtsv7M4_T_le_v4SPD16_eabi.lib</file>
         <name>ull_div_t2.asm.obj</name>
      </input_file>
      <input_file id="fl-e1">
         <path>C:\ti\ccs1240\ccs\tools\compiler\ti-cgt-arm_20.2.7.LTS\lib\</path>
         <kind>archive</kind>
         <file>rtsv7M4_T_le_v4SPD16_eabi.lib</file>
         <name>copy_zero_init.c.obj</name>
      </input_file>
      <input_file id="fl-e2">
         <path>C:\ti\ccs1240\ccs\tools\compiler\ti-cgt-arm_20.2.7.LTS\lib\</path>
         <kind>archive</kind>
         <file>rtsv7M4_T_le_v4SPD16_eabi.lib</file>
         <name>copy_decompress_none.c.obj</name>
      </input_file>
      <input_file id="fl-e3">
         <path>C:\ti\ccs1240\ccs\tools\compiler\ti-cgt-arm_20.2.7.LTS\lib\</path>
         <kind>archive</kind>
         <file>rtsv7M4_T_le_v4SPD16_eabi.lib</file>
         <name>copy_decompress_lzss.c.obj</name>
      </input_file>
      <input_file id="fl-e4">
         <path>C:\ti\ccs1240\ccs\tools\compiler\ti-cgt-arm_20.2.7.LTS\lib\</path>
         <kind>archive</kind>
         <file>rtsv7M4_T_le_v4SPD16_eabi.lib</file>
         <name>exit.c.obj</name>
      </input_file>
      <input_file id="fl-e5">
         <path>C:\ti\ccs1240\ccs\tools\compiler\ti-cgt-arm_20.2.7.LTS\lib\</path>
         <kind>archive</kind>
         <file>rtsv7M4_T_le_v4SPD16_eabi.lib</file>
         <name>_lock.c.obj</name>
      </input_file>
      <input_file id="fl-e6">
         <path>C:\ti\ccs1240\ccs\tools\compiler\ti-cgt-arm_20.2.7.LTS\lib\</path>
         <kind>archive</kind>
         <file>rtsv7M4_T_le_v4SPD16_eabi.lib</file>
         <name>_ltoa.c.obj</name>
      </input_file>
      <input_file id="fl-e7">
         <path>C:\ti\ccs1240\ccs\tools\compiler\ti-cgt-arm_20.2.7.LTS\lib\</path>
         <kind>archive</kind>
         <file>rtsv7M4_T_le_v4SPD16_eabi.lib</file>
         <name>atoi.c.obj</name>
      </input_file>
      <input_file id="fl-e8">
         <path>C:\ti\ccs1240\ccs\tools\compiler\ti-cgt-arm_20.2.7.LTS\lib\</path>
         <kind>archive</kind>
         <file>rtsv7M4_T_le_v4SPD16_eabi.lib</file>
         <name>ctype.c.obj</name>
      </input_file>
      <input_file id="fl-e9">
         <path>C:\ti\ccs1240\ccs\tools\compiler\ti-cgt-arm_20.2.7.LTS\lib\</path>
         <kind>archive</kind>
         <file>rtsv7M4_T_le_v4SPD16_eabi.lib</file>
         <name>defs.c.obj</name>
      </input_file>
      <input_file id="fl-ea">
         <path>C:\ti\ccs1240\ccs\tools\compiler\ti-cgt-arm_20.2.7.LTS\lib\</path>
         <kind>archive</kind>
         <file>rtsv7M4_T_le_v4SPD16_eabi.lib</file>
         <name>memccpy.c.obj</name>
      </input_file>
      <input_file id="fl-eb">
         <path>C:\ti\ccs1240\ccs\tools\compiler\ti-cgt-arm_20.2.7.LTS\lib\</path>
         <kind>archive</kind>
         <file>rtsv7M4_T_le_v4SPD16_eabi.lib</file>
         <name>memchr.c.obj</name>
      </input_file>
      <input_file id="fl-ec">
         <path>C:\ti\ccs1240\ccs\tools\compiler\ti-cgt-arm_20.2.7.LTS\lib\</path>
         <kind>archive</kind>
         <file>rtsv7M4_T_le_v4SPD16_eabi.lib</file>
         <name>memory.c.obj</name>
      </input_file>
      <input_file id="fl-ed">
         <path>C:\ti\ccs1240\ccs\tools\compiler\ti-cgt-arm_20.2.7.LTS\lib\</path>
         <kind>archive</kind>
         <file>rtsv7M4_T_le_v4SPD16_eabi.lib</file>
         <name>strchr.c.obj</name>
      </input_file>
      <input_file id="fl-ee">
         <path>C:\ti\ccs1240\ccs\tools\compiler\ti-cgt-arm_20.2.7.LTS\lib\</path>
         <kind>archive</kind>
         <file>rtsv7M4_T_le_v4SPD16_eabi.lib</file>
         <name>strlen.c.obj</name>
      </input_file>
      <input_file id="fl-ef">
         <path>C:\ti\ccs1240\ccs\tools\compiler\ti-cgt-arm_20.2.7.LTS\lib\</path>
         <kind>archive</kind>
         <file>rtsv7M4_T_le_v4SPD16_eabi.lib</file>
         <name>boot_cortex_m.c.obj</name>
      </input_file>
      <input_file id="fl-f0">
         <path>C:\ti\ccs1240\ccs\tools\compiler\ti-cgt-arm_20.2.7.LTS\lib\</path>
         <kind>archive</kind>
         <file>rtsv7M4_T_le_v4SPD16_eabi.lib</file>
         <name>write.c.obj</name>
      </input_file>
      <input_file id="fl-f1">
         <path>C:\ti\ccs1240\ccs\tools\compiler\ti-cgt-arm_20.2.7.LTS\lib\</path>
         <kind>archive</kind>
         <file>rtsv7M4_T_le_v4SPD16_eabi.lib</file>
         <name>host_device.c.obj</name>
      </input_file>
      <input_file id="fl-f2">
         <path>C:\ti\ccs1240\ccs\tools\compiler\ti-cgt-arm_20.2.7.LTS\lib\</path>
         <kind>archive</kind>
         <file>rtsv7M4_T_le_v4SPD16_eabi.lib</file>
         <name>read.c.obj</name>
      </input_file>
      <input_file id="fl-f3">
         <path>C:\ti\ccs1240\ccs\tools\compiler\ti-cgt-arm_20.2.7.LTS\lib\</path>
         <kind>archive</kind>
         <file>rtsv7M4_T_le_v4SPD16_eabi.lib</file>
         <name>open.c.obj</name>
      </input_file>
      <input_file id="fl-f4">
         <path>C:\ti\ccs1240\ccs\tools\compiler\ti-cgt-arm_20.2.7.LTS\lib\</path>
         <kind>archive</kind>
         <file>rtsv7M4_T_le_v4SPD16_eabi.lib</file>
         <name>add_device.c.obj</name>
      </input_file>
      <input_file id="fl-f5">
         <path>C:\ti\ccs1240\ccs\tools\compiler\ti-cgt-arm_20.2.7.LTS\lib\</path>
         <kind>archive</kind>
         <file>rtsv7M4_T_le_v4SPD16_eabi.lib</file>
         <name>errno.c.obj</name>
      </input_file>
      <input_file id="fl-f6">
         <path>C:\ti\ccs1240\ccs\tools\compiler\ti-cgt-arm_20.2.7.LTS\lib\</path>
         <kind>archive</kind>
         <file>rtsv7M4_T_le_v4SPD16_eabi.lib</file>
         <name>wcslen.c.obj</name>
      </input_file>
      <input_file id="fl-f7">
         <path>C:\ti\ccs1240\ccs\tools\compiler\ti-cgt-arm_20.2.7.LTS\lib\</path>
         <kind>archive</kind>
         <file>rtsv7M4_T_le_v4SPD16_eabi.lib</file>
         <name>s_frexp.c.obj</name>
      </input_file>
      <input_file id="fl-f8">
         <path>C:\ti\ccs1240\ccs\tools\compiler\ti-cgt-arm_20.2.7.LTS\lib\</path>
         <kind>archive</kind>
         <file>rtsv7M4_T_le_v4SPD16_eabi.lib</file>
         <name>s_scalbn.c.obj</name>
      </input_file>
      <input_file id="fl-f9">
         <path>C:\ti\ccs1240\ccs\tools\compiler\ti-cgt-arm_20.2.7.LTS\lib\</path>
         <kind>archive</kind>
         <file>rtsv7M4_T_le_v4SPD16_eabi.lib</file>
         <name>fclose.c.obj</name>
      </input_file>
      <input_file id="fl-fa">
         <path>C:\ti\ccs1240\ccs\tools\compiler\ti-cgt-arm_20.2.7.LTS\lib\</path>
         <kind>archive</kind>
         <file>rtsv7M4_T_le_v4SPD16_eabi.lib</file>
         <name>fflush.c.obj</name>
      </input_file>
      <input_file id="fl-fb">
         <path>C:\ti\ccs1240\ccs\tools\compiler\ti-cgt-arm_20.2.7.LTS\lib\</path>
         <kind>archive</kind>
         <file>rtsv7M4_T_le_v4SPD16_eabi.lib</file>
         <name>fseek.c.obj</name>
      </input_file>
      <input_file id="fl-fc">
         <path>C:\ti\ccs1240\ccs\tools\compiler\ti-cgt-arm_20.2.7.LTS\lib\</path>
         <kind>archive</kind>
         <file>rtsv7M4_T_le_v4SPD16_eabi.lib</file>
         <name>getdevice.c.obj</name>
      </input_file>
      <input_file id="fl-fd">
         <path>C:\ti\ccs1240\ccs\tools\compiler\ti-cgt-arm_20.2.7.LTS\lib\</path>
         <kind>archive</kind>
         <file>rtsv7M4_T_le_v4SPD16_eabi.lib</file>
         <name>div0.asm.obj</name>
      </input_file>
      <input_file id="fl-fe">
         <path>C:\ti\ccs1240\ccs\tools\compiler\ti-cgt-arm_20.2.7.LTS\lib\</path>
         <kind>archive</kind>
         <file>rtsv7M4_T_le_v4SPD16_eabi.lib</file>
         <name>autoinit.c.obj</name>
      </input_file>
      <input_file id="fl-ff">
         <path>C:\ti\ccs1240\ccs\tools\compiler\ti-cgt-arm_20.2.7.LTS\lib\</path>
         <kind>archive</kind>
         <file>rtsv7M4_T_le_v4SPD16_eabi.lib</file>
         <name>pre_init.c.obj</name>
      </input_file>
      <input_file id="fl-100">
         <path>C:\ti\ccs1240\ccs\tools\compiler\ti-cgt-arm_20.2.7.LTS\lib\</path>
         <kind>archive</kind>
         <file>rtsv7M4_T_le_v4SPD16_eabi.lib</file>
         <name>cpy_tbl.c.obj</name>
      </input_file>
      <input_file id="fl-101">
         <path>C:\ti\ccs1240\ccs\tools\compiler\ti-cgt-arm_20.2.7.LTS\lib\</path>
         <kind>archive</kind>
         <file>rtsv7M4_T_le_v4SPD16_eabi.lib</file>
         <name>args_main.c.obj</name>
      </input_file>
      <input_file id="fl-102">
         <path>C:\ti\ccs1240\ccs\tools\compiler\ti-cgt-arm_20.2.7.LTS\lib\</path>
         <kind>archive</kind>
         <file>rtsv7M4_T_le_v4SPD16_eabi.lib</file>
         <name>strcmp.c.obj</name>
      </input_file>
      <input_file id="fl-103">
         <path>C:\ti\ccs1240\ccs\tools\compiler\ti-cgt-arm_20.2.7.LTS\lib\</path>
         <kind>archive</kind>
         <file>rtsv7M4_T_le_v4SPD16_eabi.lib</file>
         <name>strncpy.c.obj</name>
      </input_file>
      <input_file id="fl-104">
         <path>C:\ti\ccs1240\ccs\tools\compiler\ti-cgt-arm_20.2.7.LTS\lib\</path>
         <kind>archive</kind>
         <file>rtsv7M4_T_le_v4SPD16_eabi.lib</file>
         <name>hostclose.c.obj</name>
      </input_file>
      <input_file id="fl-105">
         <path>C:\ti\ccs1240\ccs\tools\compiler\ti-cgt-arm_20.2.7.LTS\lib\</path>
         <kind>archive</kind>
         <file>rtsv7M4_T_le_v4SPD16_eabi.lib</file>
         <name>hostlseek.c.obj</name>
      </input_file>
      <input_file id="fl-106">
         <path>C:\ti\ccs1240\ccs\tools\compiler\ti-cgt-arm_20.2.7.LTS\lib\</path>
         <kind>archive</kind>
         <file>rtsv7M4_T_le_v4SPD16_eabi.lib</file>
         <name>hostopen.c.obj</name>
      </input_file>
      <input_file id="fl-107">
         <path>C:\ti\ccs1240\ccs\tools\compiler\ti-cgt-arm_20.2.7.LTS\lib\</path>
         <kind>archive</kind>
         <file>rtsv7M4_T_le_v4SPD16_eabi.lib</file>
         <name>hostread.c.obj</name>
      </input_file>
      <input_file id="fl-108">
         <path>C:\ti\ccs1240\ccs\tools\compiler\ti-cgt-arm_20.2.7.LTS\lib\</path>
         <kind>archive</kind>
         <file>rtsv7M4_T_le_v4SPD16_eabi.lib</file>
         <name>hostrename.c.obj</name>
      </input_file>
      <input_file id="fl-109">
         <path>C:\ti\ccs1240\ccs\tools\compiler\ti-cgt-arm_20.2.7.LTS\lib\</path>
         <kind>archive</kind>
         <file>rtsv7M4_T_le_v4SPD16_eabi.lib</file>
         <name>hostunlink.c.obj</name>
      </input_file>
      <input_file id="fl-10a">
         <path>C:\ti\ccs1240\ccs\tools\compiler\ti-cgt-arm_20.2.7.LTS\lib\</path>
         <kind>archive</kind>
         <file>rtsv7M4_T_le_v4SPD16_eabi.lib</file>
         <name>hostwrite.c.obj</name>
      </input_file>
      <input_file id="fl-10b">
         <path>C:\ti\ccs1240\ccs\tools\compiler\ti-cgt-arm_20.2.7.LTS\lib\</path>
         <kind>archive</kind>
         <file>rtsv7M4_T_le_v4SPD16_eabi.lib</file>
         <name>trgmsg.c.obj</name>
      </input_file>
      <input_file id="fl-10c">
         <path>C:\ti\ccs1240\ccs\tools\compiler\ti-cgt-arm_20.2.7.LTS\lib\</path>
         <kind>archive</kind>
         <file>rtsv7M4_T_le_v4SPD16_eabi.lib</file>
         <name>remove.c.obj</name>
      </input_file>
      <input_file id="fl-10d">
         <path>C:\ti\ccs1240\ccs\tools\compiler\ti-cgt-arm_20.2.7.LTS\lib\</path>
         <kind>archive</kind>
         <file>rtsv7M4_T_le_v4SPD16_eabi.lib</file>
         <name>lseek.c.obj</name>
      </input_file>
      <input_file id="fl-10e">
         <path>C:\ti\ccs1240\ccs\tools\compiler\ti-cgt-arm_20.2.7.LTS\lib\</path>
         <kind>archive</kind>
         <file>rtsv7M4_T_le_v4SPD16_eabi.lib</file>
         <name>close.c.obj</name>
      </input_file>
      <input_file id="fl-10f">
         <path>C:\ti\ccs1240\ccs\tools\compiler\ti-cgt-arm_20.2.7.LTS\lib\</path>
         <kind>archive</kind>
         <file>rtsv7M4_T_le_v4SPD16_eabi.lib</file>
         <name>s_copysign.c.obj</name>
      </input_file>
      <input_file id="fl-110">
         <path>C:\ti\ccs1240\ccs\tools\compiler\ti-cgt-arm_20.2.7.LTS\lib\</path>
         <kind>archive</kind>
         <file>rtsv7M4_T_le_v4SPD16_eabi.lib</file>
         <name>strcpy.c.obj</name>
      </input_file>
      <input_file id="fl-111">
         <path>C:\ti\ccs1240\ccs\tools\compiler\ti-cgt-arm_20.2.7.LTS\lib\</path>
         <kind>archive</kind>
         <file>rtsv7M4_T_le_v4SPD16_eabi.lib</file>
         <name>unlink.c.obj</name>
      </input_file>
   </input_file_list>
   <object_component_list>
      <object_component id="oc-26">
         <name>.intvecs:retain</name>
         <load_address>0x0</load_address>
         <run_address>0x0</run_address>
         <size>0xe4</size>
         <input_file_ref idref="fl-4"/>
      </object_component>
      <object_component id="oc-e3">
         <name>.text</name>
         <load_address>0xe4</load_address>
         <run_address>0xe4</run_address>
         <size>0xd0c</size>
         <input_file_ref idref="fl-11"/>
      </object_component>
      <object_component id="oc-21a">
         <name>.text:__TI_printfi</name>
         <load_address>0xdf0</load_address>
         <run_address>0xdf0</run_address>
         <size>0xa4e</size>
         <input_file_ref idref="fl-cd"/>
      </object_component>
      <object_component id="oc-70">
         <name>.text:Default_Handler</name>
         <load_address>0x183e</load_address>
         <run_address>0x183e</run_address>
         <size>0x2</size>
         <input_file_ref idref="fl-4"/>
      </object_component>
      <object_component id="oc-f5">
         <name>.text:ControlSystem</name>
         <load_address>0x1840</load_address>
         <run_address>0x1840</run_address>
         <size>0x3e4</size>
         <input_file_ref idref="fl-2"/>
      </object_component>
      <object_component id="oc-347">
         <name>.text:_pconv_a</name>
         <load_address>0x1c24</load_address>
         <run_address>0x1c24</run_address>
         <size>0x270</size>
         <input_file_ref idref="fl-cd"/>
      </object_component>
      <object_component id="oc-335">
         <name>.text:_pconv_g</name>
         <load_address>0x1e94</load_address>
         <run_address>0x1e94</run_address>
         <size>0x1d0</size>
         <input_file_ref idref="fl-cd"/>
      </object_component>
      <object_component id="oc-1cd">
         <name>.text</name>
         <load_address>0x2064</load_address>
         <run_address>0x2064</run_address>
         <size>0x1b6</size>
         <input_file_ref idref="fl-d5"/>
      </object_component>
      <object_component id="oc-36b">
         <name>.text:_nop</name>
         <load_address>0x221a</load_address>
         <run_address>0x221a</run_address>
         <size>0x2</size>
         <input_file_ref idref="fl-e5"/>
      </object_component>
      <object_component id="oc-2db">
         <name>.text:privateTimer_AProcessClockSourceDivider</name>
         <load_address>0x221c</load_address>
         <run_address>0x221c</run_address>
         <size>0x144</size>
         <input_file_ref idref="fl-14"/>
      </object_component>
      <object_component id="oc-341">
         <name>.text:_pconv_e</name>
         <load_address>0x2360</load_address>
         <run_address>0x2360</run_address>
         <size>0x13c</size>
         <input_file_ref idref="fl-cd"/>
      </object_component>
      <object_component id="oc-1c3">
         <name>.text</name>
         <load_address>0x249c</load_address>
         <run_address>0x249c</run_address>
         <size>0x136</size>
         <input_file_ref idref="fl-d7"/>
      </object_component>
      <object_component id="oc-54e">
         <name>.text</name>
         <load_address>0x25d2</load_address>
         <run_address>0x25d2</run_address>
         <size>0x2</size>
         <input_file_ref idref="fl-fd"/>
      </object_component>
      <object_component id="oc-45d">
         <name>.text:fcvt</name>
         <load_address>0x25d4</load_address>
         <run_address>0x25d4</run_address>
         <size>0x124</size>
         <input_file_ref idref="fl-cd"/>
      </object_component>
      <object_component id="oc-3ed">
         <name>.text:UART_initModule</name>
         <load_address>0x26f8</load_address>
         <run_address>0x26f8</run_address>
         <size>0x11c</size>
         <input_file_ref idref="fl-15"/>
      </object_component>
      <object_component id="oc-379">
         <name>.text:fputs</name>
         <load_address>0x2814</load_address>
         <run_address>0x2814</run_address>
         <size>0x114</size>
         <input_file_ref idref="fl-d1"/>
      </object_component>
      <object_component id="oc-3c0">
         <name>.text:_openfile</name>
         <load_address>0x2928</load_address>
         <run_address>0x2928</run_address>
         <size>0x110</size>
         <input_file_ref idref="fl-cf"/>
      </object_component>
      <object_component id="oc-471">
         <name>.text:scalbn</name>
         <load_address>0x2a38</load_address>
         <run_address>0x2a38</run_address>
         <size>0x110</size>
         <input_file_ref idref="fl-f8"/>
      </object_component>
      <object_component id="oc-52d">
         <name>.text:aligned_alloc</name>
         <load_address>0x2b48</load_address>
         <run_address>0x2b48</run_address>
         <size>0x100</size>
         <input_file_ref idref="fl-ec"/>
      </object_component>
      <object_component id="oc-1c8">
         <name>.text</name>
         <load_address>0x2c48</load_address>
         <run_address>0x2c48</run_address>
         <size>0xfc</size>
         <input_file_ref idref="fl-d8"/>
      </object_component>
      <object_component id="oc-3c8">
         <name>.text:free</name>
         <load_address>0x2d44</load_address>
         <run_address>0x2d44</run_address>
         <size>0xe4</size>
         <input_file_ref idref="fl-ec"/>
      </object_component>
      <object_component id="oc-27d">
         <name>.text:setvbuf</name>
         <load_address>0x2e28</load_address>
         <run_address>0x2e28</run_address>
         <size>0xdc</size>
         <input_file_ref idref="fl-d4"/>
      </object_component>
      <object_component id="oc-17e">
         <name>.text:Timer_A_registerInterrupt</name>
         <load_address>0x2f04</load_address>
         <run_address>0x2f04</run_address>
         <size>0xd2</size>
         <input_file_ref idref="fl-14"/>
      </object_component>
      <object_component id="oc-517">
         <name>.text:open</name>
         <load_address>0x2fd8</load_address>
         <run_address>0x2fd8</run_address>
         <size>0xbc</size>
         <input_file_ref idref="fl-f3"/>
      </object_component>
      <object_component id="oc-271">
         <name>.text:add_device</name>
         <load_address>0x3094</load_address>
         <run_address>0x3094</run_address>
         <size>0xb8</size>
         <input_file_ref idref="fl-f4"/>
      </object_component>
      <object_component id="oc-32a">
         <name>.text:_ltostr</name>
         <load_address>0x314c</load_address>
         <run_address>0x314c</run_address>
         <size>0xb1</size>
         <input_file_ref idref="fl-cd"/>
      </object_component>
      <object_component id="oc-147">
         <name>.text:init_motor_PWM</name>
         <load_address>0x3200</load_address>
         <run_address>0x3200</run_address>
         <size>0xac</size>
         <input_file_ref idref="fl-3"/>
      </object_component>
      <object_component id="oc-141">
         <name>.text:init_std_uart</name>
         <load_address>0x32ac</load_address>
         <run_address>0x32ac</run_address>
         <size>0x9c</size>
         <input_file_ref idref="fl-3"/>
      </object_component>
      <object_component id="oc-3a">
         <name>.text</name>
         <load_address>0x3348</load_address>
         <run_address>0x3348</run_address>
         <size>0x9c</size>
         <input_file_ref idref="fl-dd"/>
      </object_component>
      <object_component id="oc-b2">
         <name>.text:SystemInit</name>
         <load_address>0x33e4</load_address>
         <run_address>0x33e4</run_address>
         <size>0x98</size>
         <input_file_ref idref="fl-5"/>
      </object_component>
      <object_component id="oc-43e">
         <name>.text</name>
         <load_address>0x347c</load_address>
         <run_address>0x347c</run_address>
         <size>0x96</size>
         <input_file_ref idref="fl-e0"/>
      </object_component>
      <object_component id="oc-380">
         <name>.text:fputc</name>
         <load_address>0x3514</load_address>
         <run_address>0x3514</run_address>
         <size>0x8c</size>
         <input_file_ref idref="fl-d0"/>
      </object_component>
      <object_component id="oc-15a">
         <name>.text:GPIO_setAsPeripheralModuleFunctionInputPin</name>
         <load_address>0x35a0</load_address>
         <run_address>0x35a0</run_address>
         <size>0x88</size>
         <input_file_ref idref="fl-12"/>
      </object_component>
      <object_component id="oc-154">
         <name>.text:GPIO_setAsPeripheralModuleFunctionOutputPin</name>
         <load_address>0x3628</load_address>
         <run_address>0x3628</run_address>
         <size>0x88</size>
         <input_file_ref idref="fl-12"/>
      </object_component>
      <object_component id="oc-330">
         <name>.text:__aeabi_cdcmple</name>
         <load_address>0x36b0</load_address>
         <run_address>0x36b0</run_address>
         <size>0x86</size>
         <input_file_ref idref="fl-d6"/>
      </object_component>
      <object_component id="oc-445">
         <name>.text:__aeabi_cdrcmple</name>
         <load_address>0x3736</load_address>
         <run_address>0x3736</run_address>
         <size>0x86</size>
         <input_file_ref idref="fl-d6"/>
      </object_component>
      <object_component id="oc-2ec">
         <name>.text:Interrupt_enableInterrupt</name>
         <load_address>0x37bc</load_address>
         <run_address>0x37bc</run_address>
         <size>0x80</size>
         <input_file_ref idref="fl-13"/>
      </object_component>
      <object_component id="oc-2a4">
         <name>.text:dopen</name>
         <load_address>0x383c</load_address>
         <run_address>0x383c</run_address>
         <size>0x80</size>
         <input_file_ref idref="fl-3"/>
      </object_component>
      <object_component id="oc-94">
         <name>.text</name>
         <load_address>0x38bc</load_address>
         <run_address>0x38bc</run_address>
         <size>0x7a</size>
         <input_file_ref idref="fl-df"/>
      </object_component>
      <object_component id="oc-3ba">
         <name>.text:__TI_closefile</name>
         <load_address>0x3938</load_address>
         <run_address>0x3938</run_address>
         <size>0x74</size>
         <input_file_ref idref="fl-f9"/>
      </object_component>
      <object_component id="oc-5d5">
         <name>.text:split</name>
         <load_address>0x39ac</load_address>
         <run_address>0x39ac</run_address>
         <size>0x70</size>
         <input_file_ref idref="fl-ec"/>
      </object_component>
      <object_component id="oc-456">
         <name>.text:_mcpy</name>
         <load_address>0x3a1c</load_address>
         <run_address>0x3a1c</run_address>
         <size>0x6e</size>
         <input_file_ref idref="fl-cd"/>
      </object_component>
      <object_component id="oc-1d2">
         <name>.text</name>
         <load_address>0x3a8a</load_address>
         <run_address>0x3a8a</run_address>
         <size>0x6e</size>
         <input_file_ref idref="fl-da"/>
      </object_component>
      <object_component id="oc-4f8">
         <name>.text:HOSTrename</name>
         <load_address>0x3af8</load_address>
         <run_address>0x3af8</run_address>
         <size>0x6c</size>
         <input_file_ref idref="fl-108"/>
      </object_component>
      <object_component id="oc-4ec">
         <name>.text:HOSTlseek</name>
         <load_address>0x3b64</load_address>
         <run_address>0x3b64</run_address>
         <size>0x68</size>
         <input_file_ref idref="fl-105"/>
      </object_component>
      <object_component id="oc-166">
         <name>.text:Timer_A_configureUpMode</name>
         <load_address>0x3bcc</load_address>
         <run_address>0x3bcc</run_address>
         <size>0x68</size>
         <input_file_ref idref="fl-14"/>
      </object_component>
      <object_component id="oc-17">
         <name>.text:decompress:lzss:__TI_decompress_lzss</name>
         <load_address>0x3c34</load_address>
         <run_address>0x3c34</run_address>
         <size>0x68</size>
         <input_file_ref idref="fl-e3"/>
      </object_component>
      <object_component id="oc-ef">
         <name>.text:printf</name>
         <load_address>0x3c9c</load_address>
         <run_address>0x3c9c</run_address>
         <size>0x68</size>
         <input_file_ref idref="fl-cc"/>
      </object_component>
      <object_component id="oc-46b">
         <name>.text:frexp</name>
         <load_address>0x3d04</load_address>
         <run_address>0x3d04</run_address>
         <size>0x64</size>
         <input_file_ref idref="fl-f7"/>
      </object_component>
      <object_component id="oc-57e">
         <name>.text:fseek</name>
         <load_address>0x3d68</load_address>
         <run_address>0x3d68</run_address>
         <size>0x64</size>
         <input_file_ref idref="fl-fb"/>
      </object_component>
      <object_component id="oc-4a2">
         <name>.text:__TI_wrt_ok</name>
         <load_address>0x3dcc</load_address>
         <run_address>0x3dcc</run_address>
         <size>0x62</size>
         <input_file_ref idref="fl-d3"/>
      </object_component>
      <object_component id="oc-4d4">
         <name>.text:HOSTopen</name>
         <load_address>0x3e30</load_address>
         <run_address>0x3e30</run_address>
         <size>0x60</size>
         <input_file_ref idref="fl-106"/>
      </object_component>
      <object_component id="oc-2e6">
         <name>.text:Interrupt_registerInterrupt</name>
         <load_address>0x3e90</load_address>
         <run_address>0x3e90</run_address>
         <size>0x5c</size>
         <input_file_ref idref="fl-13"/>
      </object_component>
      <object_component id="oc-508">
         <name>.text:close</name>
         <load_address>0x3eec</load_address>
         <run_address>0x3eec</run_address>
         <size>0x5c</size>
         <input_file_ref idref="fl-10e"/>
      </object_component>
      <object_component id="oc-20d">
         <name>.text:GPIO_setAsInputPinWithPullUpResistor</name>
         <load_address>0x3f48</load_address>
         <run_address>0x3f48</run_address>
         <size>0x58</size>
         <input_file_ref idref="fl-12"/>
      </object_component>
      <object_component id="oc-4e0">
         <name>.text:HOSTread</name>
         <load_address>0x3fa0</load_address>
         <run_address>0x3fa0</run_address>
         <size>0x58</size>
         <input_file_ref idref="fl-107"/>
      </object_component>
      <object_component id="oc-4e6">
         <name>.text:HOSTwrite</name>
         <load_address>0x3ff8</load_address>
         <run_address>0x3ff8</run_address>
         <size>0x58</size>
         <input_file_ref idref="fl-10a"/>
      </object_component>
      <object_component id="oc-178">
         <name>.text:Timer_A_initCapture</name>
         <load_address>0x4050</load_address>
         <run_address>0x4050</run_address>
         <size>0x58</size>
         <input_file_ref idref="fl-14"/>
      </object_component>
      <object_component id="oc-33b">
         <name>.text:_pconv_f</name>
         <load_address>0x40a8</load_address>
         <run_address>0x40a8</run_address>
         <size>0x56</size>
         <input_file_ref idref="fl-cd"/>
      </object_component>
      <object_component id="oc-184">
         <name>.text:Interrupt_setPriority</name>
         <load_address>0x4100</load_address>
         <run_address>0x4100</run_address>
         <size>0x54</size>
         <input_file_ref idref="fl-13"/>
      </object_component>
      <object_component id="oc-44a">
         <name>.text:__TI_ltoa</name>
         <load_address>0x4154</load_address>
         <run_address>0x4154</run_address>
         <size>0x54</size>
         <input_file_ref idref="fl-e6"/>
      </object_component>
      <object_component id="oc-286">
         <name>.text:dread</name>
         <load_address>0x41a8</load_address>
         <run_address>0x41a8</run_address>
         <size>0x54</size>
         <input_file_ref idref="fl-3"/>
      </object_component>
      <object_component id="oc-450">
         <name>.text:_ecpy</name>
         <load_address>0x41fc</load_address>
         <run_address>0x41fc</run_address>
         <size>0x52</size>
         <input_file_ref idref="fl-cd"/>
      </object_component>
      <object_component id="oc-16c">
         <name>.text:Timer_A_initCompare</name>
         <load_address>0x424e</load_address>
         <run_address>0x424e</run_address>
         <size>0x4e</size>
         <input_file_ref idref="fl-14"/>
      </object_component>
      <object_component id="oc-207">
         <name>.text:GPIO_setAsInputPin</name>
         <load_address>0x429c</load_address>
         <run_address>0x429c</run_address>
         <size>0x4c</size>
         <input_file_ref idref="fl-12"/>
      </object_component>
      <object_component id="oc-4ae">
         <name>.text:__TI_doflush</name>
         <load_address>0x42e8</load_address>
         <run_address>0x42e8</run_address>
         <size>0x4c</size>
         <input_file_ref idref="fl-fa"/>
      </object_component>
      <object_component id="oc-324">
         <name>.text:atoi</name>
         <load_address>0x4334</load_address>
         <run_address>0x4334</run_address>
         <size>0x4c</size>
         <input_file_ref idref="fl-e7"/>
      </object_component>
      <object_component id="oc-28c">
         <name>.text:dwrite</name>
         <load_address>0x4380</load_address>
         <run_address>0x4380</run_address>
         <size>0x48</size>
         <input_file_ref idref="fl-3"/>
      </object_component>
      <object_component id="oc-102">
         <name>.text:exit</name>
         <load_address>0x43c8</load_address>
         <run_address>0x43c8</run_address>
         <size>0x48</size>
         <input_file_ref idref="fl-e4"/>
      </object_component>
      <object_component id="oc-2b7">
         <name>.text</name>
         <load_address>0x4410</load_address>
         <run_address>0x4410</run_address>
         <size>0x48</size>
         <input_file_ref idref="fl-d9"/>
      </object_component>
      <object_component id="oc-a0">
         <name>.text:main</name>
         <load_address>0x4458</load_address>
         <run_address>0x4458</run_address>
         <size>0x47</size>
         <input_file_ref idref="fl-2"/>
      </object_component>
      <object_component id="oc-4da">
         <name>.text:HOSTclose</name>
         <load_address>0x44a0</load_address>
         <run_address>0x44a0</run_address>
         <size>0x44</size>
         <input_file_ref idref="fl-104"/>
      </object_component>
      <object_component id="oc-4f2">
         <name>.text:HOSTunlink</name>
         <load_address>0x44e4</load_address>
         <run_address>0x44e4</run_address>
         <size>0x44</size>
         <input_file_ref idref="fl-109"/>
      </object_component>
      <object_component id="oc-108">
         <name>.text:__TI_auto_init_nobinit_nopinit:__TI_auto_init_nobinit_nopinit</name>
         <load_address>0x4528</load_address>
         <run_address>0x4528</run_address>
         <size>0x44</size>
         <input_file_ref idref="fl-fe"/>
      </object_component>
      <object_component id="oc-5c3">
         <name>.text:getdevice</name>
         <load_address>0x456c</load_address>
         <run_address>0x456c</run_address>
         <size>0x44</size>
         <input_file_ref idref="fl-fc"/>
      </object_component>
      <object_component id="oc-213">
         <name>.text:GPIO_setAsOutputPin</name>
         <load_address>0x45b0</load_address>
         <run_address>0x45b0</run_address>
         <size>0x40</size>
         <input_file_ref idref="fl-12"/>
      </object_component>
      <object_component id="oc-463">
         <name>.text:_fcpy</name>
         <load_address>0x45f0</load_address>
         <run_address>0x45f0</run_address>
         <size>0x3e</size>
         <input_file_ref idref="fl-cd"/>
      </object_component>
      <object_component id="oc-e9">
         <name>.text:GPIOInit</name>
         <load_address>0x462e</load_address>
         <run_address>0x462e</run_address>
         <size>0x3c</size>
         <input_file_ref idref="fl-2"/>
      </object_component>
      <object_component id="oc-197">
         <name>.text:Timer_A_getCaptureCompareEnabledInterruptStatus</name>
         <load_address>0x466c</load_address>
         <run_address>0x466c</run_address>
         <size>0x38</size>
         <input_file_ref idref="fl-14"/>
      </object_component>
      <object_component id="oc-598">
         <name>.text:__TI_writemsg</name>
         <load_address>0x46a4</load_address>
         <run_address>0x46a4</run_address>
         <size>0x38</size>
         <input_file_ref idref="fl-10b"/>
      </object_component>
      <object_component id="oc-1b9">
         <name>.text</name>
         <load_address>0x46dc</load_address>
         <run_address>0x46dc</run_address>
         <size>0x38</size>
         <input_file_ref idref="fl-db"/>
      </object_component>
      <object_component id="oc-3ae">
         <name>.text:strncpy</name>
         <load_address>0x4714</load_address>
         <run_address>0x4714</run_address>
         <size>0x36</size>
         <input_file_ref idref="fl-103"/>
      </object_component>
      <object_component id="oc-172">
         <name>.text:Timer_A_configureContinuousMode</name>
         <load_address>0x474c</load_address>
         <run_address>0x474c</run_address>
         <size>0x34</size>
         <input_file_ref idref="fl-14"/>
      </object_component>
      <object_component id="oc-3d4">
         <name>.text:__TI_cleanup</name>
         <load_address>0x4780</load_address>
         <run_address>0x4780</run_address>
         <size>0x34</size>
         <input_file_ref idref="fl-cf"/>
      </object_component>
      <object_component id="oc-59e">
         <name>.text:__TI_readmsg</name>
         <load_address>0x47b4</load_address>
         <run_address>0x47b4</run_address>
         <size>0x34</size>
         <input_file_ref idref="fl-10b"/>
      </object_component>
      <object_component id="oc-58">
         <name>.text:_c_int00_noargs:_c_int00_noargs</name>
         <load_address>0x47e8</load_address>
         <run_address>0x47e8</run_address>
         <size>0x34</size>
         <input_file_ref idref="fl-ef"/>
      </object_component>
      <object_component id="oc-277">
         <name>.text:freopen</name>
         <load_address>0x481c</load_address>
         <run_address>0x481c</run_address>
         <size>0x34</size>
         <input_file_ref idref="fl-cf"/>
      </object_component>
      <object_component id="oc-239">
         <name>.text:GPIO_getInputPinValue</name>
         <load_address>0x4850</load_address>
         <run_address>0x4850</run_address>
         <size>0x30</size>
         <input_file_ref idref="fl-12"/>
      </object_component>
      <object_component id="oc-3a8">
         <name>.text:finddevice</name>
         <load_address>0x4880</load_address>
         <run_address>0x4880</run_address>
         <size>0x30</size>
         <input_file_ref idref="fl-fc"/>
      </object_component>
      <object_component id="oc-1be">
         <name>.text</name>
         <load_address>0x48b0</load_address>
         <run_address>0x48b0</run_address>
         <size>0x2e</size>
         <input_file_ref idref="fl-dc"/>
      </object_component>
      <object_component id="oc-19d">
         <name>.text:Timer_A_clearCaptureCompareInterrupt</name>
         <load_address>0x48e0</load_address>
         <run_address>0x48e0</run_address>
         <size>0x2c</size>
         <input_file_ref idref="fl-14"/>
      </object_component>
      <object_component id="oc-50e">
         <name>.text:unlink</name>
         <load_address>0x490c</load_address>
         <run_address>0x490c</run_address>
         <size>0x2c</size>
         <input_file_ref idref="fl-111"/>
      </object_component>
      <object_component id="oc-1f4">
         <name>.text:GPIO_setOutputHighOnPin</name>
         <load_address>0x4938</load_address>
         <run_address>0x4938</run_address>
         <size>0x28</size>
         <input_file_ref idref="fl-12"/>
      </object_component>
      <object_component id="oc-1ee">
         <name>.text:GPIO_setOutputLowOnPin</name>
         <load_address>0x4960</load_address>
         <run_address>0x4960</run_address>
         <size>0x28</size>
         <input_file_ref idref="fl-12"/>
      </object_component>
      <object_component id="oc-304">
         <name>.text:Timer_A_getCaptureCompareInterruptStatus</name>
         <load_address>0x4988</load_address>
         <run_address>0x4988</run_address>
         <size>0x28</size>
         <input_file_ref idref="fl-14"/>
      </object_component>
      <object_component id="oc-1db">
         <name>.text:Timer_A_setCompareValue</name>
         <load_address>0x49b0</load_address>
         <run_address>0x49b0</run_address>
         <size>0x28</size>
         <input_file_ref idref="fl-14"/>
      </object_component>
      <object_component id="oc-526">
         <name>.text:free_list_insert</name>
         <load_address>0x49d8</load_address>
         <run_address>0x49d8</run_address>
         <size>0x28</size>
         <input_file_ref idref="fl-ec"/>
      </object_component>
      <object_component id="oc-5f8">
         <name>.text:lseek</name>
         <load_address>0x4a00</load_address>
         <run_address>0x4a00</run_address>
         <size>0x28</size>
         <input_file_ref idref="fl-10d"/>
      </object_component>
      <object_component id="oc-4b4">
         <name>.text:write</name>
         <load_address>0x4a28</load_address>
         <run_address>0x4a28</run_address>
         <size>0x28</size>
         <input_file_ref idref="fl-f0"/>
      </object_component>
      <object_component id="oc-1a3">
         <name>.text:Timer_A_getCaptureCompareCount</name>
         <load_address>0x4a50</load_address>
         <run_address>0x4a50</run_address>
         <size>0x22</size>
         <input_file_ref idref="fl-14"/>
      </object_component>
      <object_component id="oc-4a8">
         <name>.text:memchr</name>
         <load_address>0x4a72</load_address>
         <run_address>0x4a72</run_address>
         <size>0x20</size>
         <input_file_ref idref="fl-eb"/>
      </object_component>
      <object_component id="oc-2b2">
         <name>.text</name>
         <load_address>0x4a92</load_address>
         <run_address>0x4a92</run_address>
         <size>0x20</size>
         <input_file_ref idref="fl-de"/>
      </object_component>
      <object_component id="oc-2aa">
         <name>.text:dclose</name>
         <load_address>0x4ab4</load_address>
         <run_address>0x4ab4</run_address>
         <size>0x1c</size>
         <input_file_ref idref="fl-3"/>
      </object_component>
      <object_component id="oc-46">
         <name>.text:decompress:ZI:__TI_zero_init_nomemset:__TI_zero_init_nomemset</name>
         <load_address>0x4ad0</load_address>
         <run_address>0x4ad0</run_address>
         <size>0x1c</size>
         <input_file_ref idref="fl-e1"/>
      </object_component>
      <object_component id="oc-520">
         <name>.text:free_list_remove</name>
         <load_address>0x4aec</load_address>
         <run_address>0x4aec</run_address>
         <size>0x1c</size>
         <input_file_ref idref="fl-ec"/>
      </object_component>
      <object_component id="oc-34d">
         <name>.text:memccpy</name>
         <load_address>0x4b08</load_address>
         <run_address>0x4b08</run_address>
         <size>0x1c</size>
         <input_file_ref idref="fl-ea"/>
      </object_component>
      <object_component id="oc-562">
         <name>.text:copysign</name>
         <load_address>0x4b24</load_address>
         <run_address>0x4b24</run_address>
         <size>0x1a</size>
         <input_file_ref idref="fl-10f"/>
      </object_component>
      <object_component id="oc-18b">
         <name>.text:Timer_A_getEnabledInterruptStatus</name>
         <load_address>0x4b3e</load_address>
         <run_address>0x4b3e</run_address>
         <size>0x18</size>
         <input_file_ref idref="fl-14"/>
      </object_component>
      <object_component id="oc-4ca">
         <name>.text:strcmp</name>
         <load_address>0x4b56</load_address>
         <run_address>0x4b56</run_address>
         <size>0x18</size>
         <input_file_ref idref="fl-102"/>
      </object_component>
      <object_component id="oc-191">
         <name>.text:Timer_A_clearInterruptFlag</name>
         <load_address>0x4b6e</load_address>
         <run_address>0x4b6e</run_address>
         <size>0x16</size>
         <input_file_ref idref="fl-14"/>
      </object_component>
      <object_component id="oc-14e">
         <name>.text:Timer_A_startCounter</name>
         <load_address>0x4b84</load_address>
         <run_address>0x4b84</run_address>
         <size>0x16</size>
         <input_file_ref idref="fl-14"/>
      </object_component>
      <object_component id="oc-477">
         <name>.text:strchr</name>
         <load_address>0x4b9a</load_address>
         <run_address>0x4b9a</run_address>
         <size>0x16</size>
         <input_file_ref idref="fl-ed"/>
      </object_component>
      <object_component id="oc-1e8">
         <name>.text:Timer_A_stopTimer</name>
         <load_address>0x4bb0</load_address>
         <run_address>0x4bb0</run_address>
         <size>0x14</size>
         <input_file_ref idref="fl-14"/>
      </object_component>
      <object_component id="oc-5b2">
         <name>.text:strcpy</name>
         <load_address>0x4bc4</load_address>
         <run_address>0x4bc4</run_address>
         <size>0x14</size>
         <input_file_ref idref="fl-110"/>
      </object_component>
      <object_component id="oc-31e">
         <name>.text:strlen</name>
         <load_address>0x4bd8</load_address>
         <run_address>0x4bd8</run_address>
         <size>0x14</size>
         <input_file_ref idref="fl-ee"/>
      </object_component>
      <object_component id="oc-2fc">
         <name>.text:Timer_A_getInterruptStatus</name>
         <load_address>0x4bec</load_address>
         <run_address>0x4bec</run_address>
         <size>0x12</size>
         <input_file_ref idref="fl-14"/>
      </object_component>
      <object_component id="oc-292">
         <name>.text:dlseek</name>
         <load_address>0x4bfe</load_address>
         <run_address>0x4bfe</run_address>
         <size>0x12</size>
         <input_file_ref idref="fl-3"/>
      </object_component>
      <object_component id="oc-353">
         <name>.text:wcslen</name>
         <load_address>0x4c10</load_address>
         <run_address>0x4c10</run_address>
         <size>0x12</size>
         <input_file_ref idref="fl-f6"/>
      </object_component>
      <object_component id="oc-29e">
         <name>.text:drename</name>
         <load_address>0x4c22</load_address>
         <run_address>0x4c22</run_address>
         <size>0x10</size>
         <input_file_ref idref="fl-3"/>
      </object_component>
      <object_component id="oc-1d">
         <name>.text:decompress:none:__TI_decompress_none</name>
         <load_address>0x4c32</load_address>
         <run_address>0x4c32</run_address>
         <size>0xe</size>
         <input_file_ref idref="fl-e2"/>
      </object_component>
      <object_component id="oc-298">
         <name>.text:dunlink</name>
         <load_address>0x4c40</load_address>
         <run_address>0x4c40</run_address>
         <size>0xe</size>
         <input_file_ref idref="fl-3"/>
      </object_component>
      <object_component id="oc-6a">
         <name>.text:Reset_Handler</name>
         <load_address>0x4c4e</load_address>
         <run_address>0x4c4e</run_address>
         <size>0xc</size>
         <input_file_ref idref="fl-4"/>
      </object_component>
      <object_component id="oc-dd">
         <name>.text:SysInit</name>
         <load_address>0x4c5a</load_address>
         <run_address>0x4c5a</run_address>
         <size>0xc</size>
         <input_file_ref idref="fl-3"/>
      </object_component>
      <object_component id="oc-359">
         <name>.text:__aeabi_errno_addr</name>
         <load_address>0x4c68</load_address>
         <run_address>0x4c68</run_address>
         <size>0x8</size>
         <input_file_ref idref="fl-f5"/>
      </object_component>
      <object_component id="oc-3ce">
         <name>.text:malloc</name>
         <load_address>0x4c70</load_address>
         <run_address>0x4c70</run_address>
         <size>0x8</size>
         <input_file_ref idref="fl-ec"/>
      </object_component>
      <object_component id="oc-22c">
         <name>.text:_outc</name>
         <load_address>0x4c78</load_address>
         <run_address>0x4c78</run_address>
         <size>0x4</size>
         <input_file_ref idref="fl-cc"/>
      </object_component>
      <object_component id="oc-226">
         <name>.text:_outs</name>
         <load_address>0x4c7c</load_address>
         <run_address>0x4c7c</run_address>
         <size>0x4</size>
         <input_file_ref idref="fl-cc"/>
      </object_component>
      <object_component id="oc-9a">
         <name>.text:_system_pre_init</name>
         <load_address>0x4c80</load_address>
         <run_address>0x4c80</run_address>
         <size>0x4</size>
         <input_file_ref idref="fl-ff"/>
      </object_component>
      <object_component id="oc-fc">
         <name>.text:abort:abort</name>
         <load_address>0x4c84</load_address>
         <run_address>0x4c84</run_address>
         <size>0x4</size>
         <input_file_ref idref="fl-e4"/>
      </object_component>
      <object_component id="oc-439">
         <name>.const:.string:_ctypes_</name>
         <load_address>0x4c88</load_address>
         <run_address>0x4c88</run_address>
         <size>0x101</size>
         <input_file_ref idref="fl-e8"/>
      </object_component>
      <object_component id="oc-2f3">
         <name>.const:g_pulRegs</name>
         <load_address>0x4d8c</load_address>
         <run_address>0x4d8c</run_address>
         <size>0x50</size>
         <input_file_ref idref="fl-13"/>
      </object_component>
      <object_component id="oc-2c8">
         <name>.const:GPIO_PORT_TO_BASE</name>
         <load_address>0x4ddc</load_address>
         <run_address>0x4ddc</run_address>
         <size>0x30</size>
         <input_file_ref idref="fl-12"/>
      </object_component>
      <object_component id="oc-3f3">
         <name>.const:$P$T1$2</name>
         <load_address>0x4e0c</load_address>
         <run_address>0x4e0c</run_address>
         <size>0x28</size>
         <input_file_ref idref="fl-3"/>
      </object_component>
      <object_component id="oc-42f">
         <name>.const:g_pulEnRegs</name>
         <load_address>0x4e34</load_address>
         <run_address>0x4e34</run_address>
         <size>0x8</size>
         <input_file_ref idref="fl-13"/>
      </object_component>
      <object_component id="oc-283">
         <name>.const:.string:$P$T0$1</name>
         <load_address>0x4e3c</load_address>
         <run_address>0x4e3c</run_address>
         <size>0x5</size>
         <input_file_ref idref="fl-3"/>
      </object_component>
      <object_component id="oc-668">
         <name>.cinit..data.load</name>
         <load_address>0x4e48</load_address>
         <run_address>0x4e48</run_address>
         <size>0x90</size>
      </object_component>
      <object_component id="oc-665">
         <name>__TI_handler_table</name>
         <load_address>0x4ed8</load_address>
         <run_address>0x4ed8</run_address>
         <size>0xc</size>
      </object_component>
      <object_component id="oc-669">
         <name>.cinit..bss.load</name>
         <load_address>0x4ee8</load_address>
         <run_address>0x4ee8</run_address>
         <size>0x8</size>
      </object_component>
      <object_component id="oc-667">
         <name>.cinit..vtable.load</name>
         <load_address>0x4ef0</load_address>
         <run_address>0x4ef0</run_address>
         <size>0x8</size>
      </object_component>
      <object_component id="oc-666">
         <name>__TI_cinit_table</name>
         <load_address>0x4ef8</load_address>
         <run_address>0x4ef8</run_address>
         <size>0x18</size>
      </object_component>
      <object_component id="oc-639">
         <name>.binit</name>
         <load_address>0x0</load_address>
         <run_address>0x0</run_address>
         <size>0x0</size>
      </object_component>
      <object_component id="oc-42a">
         <name>.vtable</name>
         <uninitialized>true</uninitialized>
         <run_address>0x20000000</run_address>
         <size>0xe8</size>
         <input_file_ref idref="fl-13"/>
      </object_component>
      <object_component id="oc-23f">
         <name>.data</name>
         <load_address>0x20000991</load_address>
         <run_address>0x20000991</run_address>
         <size>0x3</size>
         <input_file_ref idref="fl-2"/>
      </object_component>
      <object_component id="oc-160">
         <name>.data</name>
         <load_address>0x2000095c</load_address>
         <run_address>0x2000095c</run_address>
         <size>0x35</size>
         <input_file_ref idref="fl-11"/>
      </object_component>
      <object_component id="oc-1fb">
         <name>.data:error_sum_L_base</name>
         <load_address>0x20000994</load_address>
         <run_address>0x20000994</run_address>
         <size>0x14</size>
         <input_file_ref idref="fl-11"/>
      </object_component>
      <object_component id="oc-1fe">
         <name>.data:error_sum_R_base</name>
         <load_address>0x200009a8</load_address>
         <run_address>0x200009a8</run_address>
         <size>0x14</size>
         <input_file_ref idref="fl-11"/>
      </object_component>
      <object_component id="oc-244">
         <name>.data:$O1$$</name>
         <load_address>0x200009cc</load_address>
         <run_address>0x200009cc</run_address>
         <size>0xc</size>
         <input_file_ref idref="fl-e4"/>
      </object_component>
      <object_component id="oc-220">
         <name>.data:$O1$$</name>
         <load_address>0x200009d8</load_address>
         <run_address>0x200009d8</run_address>
         <size>0x8</size>
         <input_file_ref idref="fl-e5"/>
      </object_component>
      <object_component id="oc-223">
         <name>.data:_ftable</name>
         <load_address>0x200007a4</load_address>
         <run_address>0x200007a4</run_address>
         <size>0xf0</size>
         <input_file_ref idref="fl-e9"/>
      </object_component>
      <object_component id="oc-534">
         <name>.data</name>
         <load_address>0x200009bc</load_address>
         <run_address>0x200009bc</run_address>
         <size>0x10</size>
         <input_file_ref idref="fl-e9"/>
      </object_component>
      <object_component id="oc-5d0">
         <name>.data:$O1$$</name>
         <load_address>0x200009e0</load_address>
         <run_address>0x200009e0</run_address>
         <size>0x8</size>
         <input_file_ref idref="fl-ec"/>
      </object_component>
      <object_component id="oc-3b5">
         <name>.data:_device</name>
         <load_address>0x20000894</load_address>
         <run_address>0x20000894</run_address>
         <size>0x78</size>
         <input_file_ref idref="fl-f1"/>
      </object_component>
      <object_component id="oc-589">
         <name>.data:_stream</name>
         <load_address>0x2000090c</load_address>
         <run_address>0x2000090c</run_address>
         <size>0x50</size>
         <input_file_ref idref="fl-f1"/>
      </object_component>
      <object_component id="oc-5cd">
         <name>.data</name>
         <load_address>0x200009f0</load_address>
         <run_address>0x200009f0</run_address>
         <size>0x4</size>
         <input_file_ref idref="fl-f3"/>
      </object_component>
      <object_component id="oc-3b4">
         <name>.data</name>
         <load_address>0x200009e8</load_address>
         <run_address>0x200009e8</run_address>
         <size>0x4</size>
         <input_file_ref idref="fl-f4"/>
      </object_component>
      <object_component id="oc-487">
         <name>.data</name>
         <load_address>0x200009ec</load_address>
         <run_address>0x200009ec</run_address>
         <size>0x4</size>
         <input_file_ref idref="fl-f5"/>
      </object_component>
      <object_component id="oc-60a">
         <name>.bss:_CIOBUF_</name>
         <uninitialized>true</uninitialized>
         <run_address>0x200004e8</run_address>
         <size>0x120</size>
         <input_file_ref idref="fl-10b"/>
      </object_component>
      <object_component id="oc-163">
         <name>.common:segments</name>
         <uninitialized>true</uninitialized>
         <run_address>0x200006a8</run_address>
         <size>0x34</size>
      </object_component>
      <object_component id="oc-1e1">
         <name>.common:distance_L</name>
         <uninitialized>true</uninitialized>
         <run_address>0x2000078c</run_address>
         <size>0x4</size>
      </object_component>
      <object_component id="oc-1e3">
         <name>.common:distance_R</name>
         <uninitialized>true</uninitialized>
         <run_address>0x20000790</run_address>
         <size>0x4</size>
      </object_component>
      <object_component id="oc-1e4">
         <name>.common:d_scale_R</name>
         <uninitialized>true</uninitialized>
         <run_address>0x20000788</run_address>
         <size>0x4</size>
      </object_component>
      <object_component id="oc-1e2">
         <name>.common:d_scale_L</name>
         <uninitialized>true</uninitialized>
         <run_address>0x20000784</run_address>
         <size>0x4</size>
      </object_component>
      <object_component id="oc-1d7">
         <name>.common:cmp_L_count</name>
         <uninitialized>true</uninitialized>
         <run_address>0x20000774</run_address>
         <size>0x4</size>
      </object_component>
      <object_component id="oc-1d9">
         <name>.common:cmp_R_count</name>
         <uninitialized>true</uninitialized>
         <run_address>0x2000077c</run_address>
         <size>0x4</size>
      </object_component>
      <object_component id="oc-1ad">
         <name>.common:Tach_L_count</name>
         <uninitialized>true</uninitialized>
         <run_address>0x20000754</run_address>
         <size>0x4</size>
      </object_component>
      <object_component id="oc-1b0">
         <name>.common:Tach_L</name>
         <uninitialized>true</uninitialized>
         <run_address>0x2000074c</run_address>
         <size>0x4</size>
      </object_component>
      <object_component id="oc-1b2">
         <name>.common:Tach_L_sum</name>
         <uninitialized>true</uninitialized>
         <run_address>0x20000758</run_address>
         <size>0x4</size>
      </object_component>
      <object_component id="oc-1b1">
         <name>.common:Tach_L_sum_count</name>
         <uninitialized>true</uninitialized>
         <run_address>0x2000075c</run_address>
         <size>0x4</size>
      </object_component>
      <object_component id="oc-1d8">
         <name>.common:Tach_L_avg</name>
         <uninitialized>true</uninitialized>
         <run_address>0x20000750</run_address>
         <size>0x4</size>
      </object_component>
      <object_component id="oc-1ae">
         <name>.common:Tach_R_count</name>
         <uninitialized>true</uninitialized>
         <run_address>0x20000768</run_address>
         <size>0x4</size>
      </object_component>
      <object_component id="oc-1b5">
         <name>.common:Tach_R</name>
         <uninitialized>true</uninitialized>
         <run_address>0x20000760</run_address>
         <size>0x4</size>
      </object_component>
      <object_component id="oc-1b7">
         <name>.common:Tach_R_sum</name>
         <uninitialized>true</uninitialized>
         <run_address>0x2000076c</run_address>
         <size>0x4</size>
      </object_component>
      <object_component id="oc-1b6">
         <name>.common:Tach_R_sum_count</name>
         <uninitialized>true</uninitialized>
         <run_address>0x20000770</run_address>
         <size>0x4</size>
      </object_component>
      <object_component id="oc-1da">
         <name>.common:Tach_R_avg</name>
         <uninitialized>true</uninitialized>
         <run_address>0x20000764</run_address>
         <size>0x4</size>
      </object_component>
      <object_component id="oc-1b3">
         <name>.common:Tach_L_flag</name>
         <uninitialized>true</uninitialized>
         <run_address>0x200007a0</run_address>
         <size>0x1</size>
      </object_component>
      <object_component id="oc-1b8">
         <name>.common:Tach_R_flag</name>
         <uninitialized>true</uninitialized>
         <run_address>0x200007a1</run_address>
         <size>0x1</size>
      </object_component>
      <object_component id="oc-1af">
         <name>.common:cmp_L_total</name>
         <uninitialized>true</uninitialized>
         <run_address>0x20000778</run_address>
         <size>0x4</size>
      </object_component>
      <object_component id="oc-1b4">
         <name>.common:cmp_R_total</name>
         <uninitialized>true</uninitialized>
         <run_address>0x20000780</run_address>
         <size>0x4</size>
      </object_component>
      <object_component id="oc-1e7">
         <name>.common:PW_L</name>
         <uninitialized>true</uninitialized>
         <run_address>0x2000079c</run_address>
         <size>0x2</size>
      </object_component>
      <object_component id="oc-1fa">
         <name>.common:PW_R</name>
         <uninitialized>true</uninitialized>
         <run_address>0x2000079e</run_address>
         <size>0x2</size>
      </object_component>
      <object_component id="oc-1e5">
         <name>.common:error_sum_L</name>
         <uninitialized>true</uninitialized>
         <run_address>0x20000794</run_address>
         <size>0x4</size>
      </object_component>
      <object_component id="oc-1e6">
         <name>.common:error_sum_R</name>
         <uninitialized>true</uninitialized>
         <run_address>0x20000798</run_address>
         <size>0x4</size>
      </object_component>
      <object_component id="oc-18a">
         <name>.common:TA0cfg</name>
         <uninitialized>true</uninitialized>
         <run_address>0x200006dc</run_address>
         <size>0x18</size>
      </object_component>
      <object_component id="oc-1ac">
         <name>.common:TA1cfg</name>
         <uninitialized>true</uninitialized>
         <run_address>0x200006f4</run_address>
         <size>0x18</size>
      </object_component>
      <object_component id="oc-1aa">
         <name>.common:TA3cfg</name>
         <uninitialized>true</uninitialized>
         <run_address>0x20000734</run_address>
         <size>0x10</size>
      </object_component>
      <object_component id="oc-1a9">
         <name>.common:TA0_ccr</name>
         <uninitialized>true</uninitialized>
         <run_address>0x20000724</run_address>
         <size>0x10</size>
      </object_component>
      <object_component id="oc-1ab">
         <name>.common:TA3_ccr</name>
         <uninitialized>true</uninitialized>
         <run_address>0x2000070c</run_address>
         <size>0x18</size>
      </object_component>
      <object_component id="oc-514">
         <name>.common:__TI_tmpnams</name>
         <uninitialized>true</uninitialized>
         <run_address>0x20000608</run_address>
         <size>0xa0</size>
      </object_component>
      <object_component id="oc-5a4">
         <name>.common:parmbuf</name>
         <uninitialized>true</uninitialized>
         <run_address>0x20000744</run_address>
         <size>0x8</size>
      </object_component>
      <object_component id="oc-29">
         <name>.sysmem</name>
         <uninitialized>true</uninitialized>
         <run_address>0x200000e8</run_address>
         <size>0x10</size>
         <input_file_ref idref="fl-ec"/>
      </object_component>
      <object_component id="oc-66c">
         <name>.sysmem</name>
         <uninitialized>true</uninitialized>
         <run_address>0x200000e8</run_address>
         <size>0x0</size>
      </object_component>
      <object_component id="oc-2c">
         <name>.stack</name>
         <uninitialized>true</uninitialized>
         <run_address>0x2000fc00</run_address>
         <size>0x4</size>
         <input_file_ref idref="fl-ef"/>
      </object_component>
      <object_component id="oc-66b">
         <name>.stack</name>
         <uninitialized>true</uninitialized>
         <run_address>0x2000fc00</run_address>
         <size>0x0</size>
      </object_component>
      <object_component id="oc-140">
         <name>.debug_info</name>
         <load_address>0x0</load_address>
         <run_address>0x0</run_address>
         <size>0x88c</size>
         <input_file_ref idref="fl-2"/>
      </object_component>
      <object_component id="oc-240">
         <name>.debug_info</name>
         <load_address>0x88c</load_address>
         <run_address>0x88c</run_address>
         <size>0x11a</size>
         <input_file_ref idref="fl-2"/>
      </object_component>
      <object_component id="oc-a3">
         <name>.debug_info</name>
         <load_address>0x9a6</load_address>
         <run_address>0x9a6</run_address>
         <size>0x15a</size>
         <input_file_ref idref="fl-2"/>
      </object_component>
      <object_component id="oc-ec">
         <name>.debug_info</name>
         <load_address>0xb00</load_address>
         <run_address>0xb00</run_address>
         <size>0x1d7</size>
         <input_file_ref idref="fl-2"/>
      </object_component>
      <object_component id="oc-f8">
         <name>.debug_info</name>
         <load_address>0xcd7</load_address>
         <run_address>0xcd7</run_address>
         <size>0x616</size>
         <input_file_ref idref="fl-2"/>
      </object_component>
      <object_component id="oc-bc">
         <name>.debug_info</name>
         <load_address>0x12ed</load_address>
         <run_address>0x12ed</run_address>
         <size>0x26b</size>
         <input_file_ref idref="fl-2"/>
      </object_component>
      <object_component id="oc-267">
         <name>.debug_info</name>
         <load_address>0x1558</load_address>
         <run_address>0x1558</run_address>
         <size>0x1028</size>
         <input_file_ref idref="fl-2"/>
      </object_component>
      <object_component id="oc-262">
         <name>.debug_info</name>
         <load_address>0x2580</load_address>
         <run_address>0x2580</run_address>
         <size>0x37e2</size>
         <input_file_ref idref="fl-2"/>
      </object_component>
      <object_component id="oc-2d6">
         <name>.debug_info</name>
         <load_address>0x5d62</load_address>
         <run_address>0x5d62</run_address>
         <size>0x341</size>
         <input_file_ref idref="fl-2"/>
      </object_component>
      <object_component id="oc-35">
         <name>.debug_info</name>
         <load_address>0x60a3</load_address>
         <run_address>0x60a3</run_address>
         <size>0x84</size>
         <input_file_ref idref="fl-2"/>
      </object_component>
      <object_component id="oc-13b">
         <name>.debug_info</name>
         <load_address>0x6127</load_address>
         <run_address>0x6127</run_address>
         <size>0x2a4</size>
         <input_file_ref idref="fl-2"/>
      </object_component>
      <object_component id="oc-26c">
         <name>.debug_info</name>
         <load_address>0x63cb</load_address>
         <run_address>0x63cb</run_address>
         <size>0xef</size>
         <input_file_ref idref="fl-2"/>
      </object_component>
      <object_component id="oc-202">
         <name>.debug_info</name>
         <load_address>0x64ba</load_address>
         <run_address>0x64ba</run_address>
         <size>0xbb</size>
         <input_file_ref idref="fl-2"/>
      </object_component>
      <object_component id="oc-404">
         <name>.debug_info</name>
         <load_address>0x6575</load_address>
         <run_address>0x6575</run_address>
         <size>0xcc</size>
         <input_file_ref idref="fl-2"/>
      </object_component>
      <object_component id="oc-3e6">
         <name>.debug_info</name>
         <load_address>0x6641</load_address>
         <run_address>0x6641</run_address>
         <size>0x2c</size>
         <input_file_ref idref="fl-2"/>
      </object_component>
      <object_component id="oc-234">
         <name>.debug_info</name>
         <load_address>0x666d</load_address>
         <run_address>0x666d</run_address>
         <size>0x2c</size>
         <input_file_ref idref="fl-2"/>
      </object_component>
      <object_component id="oc-3f7">
         <name>.debug_info</name>
         <load_address>0x6699</load_address>
         <run_address>0x6699</run_address>
         <size>0x102</size>
         <input_file_ref idref="fl-2"/>
      </object_component>
      <object_component id="oc-2b1">
         <name>.debug_info</name>
         <load_address>0x679b</load_address>
         <run_address>0x679b</run_address>
         <size>0x787</size>
         <input_file_ref idref="fl-3"/>
      </object_component>
      <object_component id="oc-284">
         <name>.debug_info</name>
         <load_address>0x6f22</load_address>
         <run_address>0x6f22</run_address>
         <size>0xf4</size>
         <input_file_ref idref="fl-3"/>
      </object_component>
      <object_component id="oc-3f4">
         <name>.debug_info</name>
         <load_address>0x7016</load_address>
         <run_address>0x7016</run_address>
         <size>0xf4</size>
         <input_file_ref idref="fl-3"/>
      </object_component>
      <object_component id="oc-de">
         <name>.debug_info</name>
         <load_address>0x710a</load_address>
         <run_address>0x710a</run_address>
         <size>0x166</size>
         <input_file_ref idref="fl-3"/>
      </object_component>
      <object_component id="oc-142">
         <name>.debug_info</name>
         <load_address>0x7270</load_address>
         <run_address>0x7270</run_address>
         <size>0x1a2</size>
         <input_file_ref idref="fl-3"/>
      </object_component>
      <object_component id="oc-2a5">
         <name>.debug_info</name>
         <load_address>0x7412</load_address>
         <run_address>0x7412</run_address>
         <size>0x1e8</size>
         <input_file_ref idref="fl-3"/>
      </object_component>
      <object_component id="oc-2ab">
         <name>.debug_info</name>
         <load_address>0x75fa</load_address>
         <run_address>0x75fa</run_address>
         <size>0x171</size>
         <input_file_ref idref="fl-3"/>
      </object_component>
      <object_component id="oc-287">
         <name>.debug_info</name>
         <load_address>0x776b</load_address>
         <run_address>0x776b</run_address>
         <size>0x1c1</size>
         <input_file_ref idref="fl-3"/>
      </object_component>
      <object_component id="oc-28d">
         <name>.debug_info</name>
         <load_address>0x792c</load_address>
         <run_address>0x792c</run_address>
         <size>0x1c3</size>
         <input_file_ref idref="fl-3"/>
      </object_component>
      <object_component id="oc-293">
         <name>.debug_info</name>
         <load_address>0x7aef</load_address>
         <run_address>0x7aef</run_address>
         <size>0x1c0</size>
         <input_file_ref idref="fl-3"/>
      </object_component>
      <object_component id="oc-299">
         <name>.debug_info</name>
         <load_address>0x7caf</load_address>
         <run_address>0x7caf</run_address>
         <size>0x164</size>
         <input_file_ref idref="fl-3"/>
      </object_component>
      <object_component id="oc-29f">
         <name>.debug_info</name>
         <load_address>0x7e13</load_address>
         <run_address>0x7e13</run_address>
         <size>0x1a7</size>
         <input_file_ref idref="fl-3"/>
      </object_component>
      <object_component id="oc-148">
         <name>.debug_info</name>
         <load_address>0x7fba</load_address>
         <run_address>0x7fba</run_address>
         <size>0x184</size>
         <input_file_ref idref="fl-3"/>
      </object_component>
      <object_component id="oc-3ff">
         <name>.debug_info</name>
         <load_address>0x813e</load_address>
         <run_address>0x813e</run_address>
         <size>0x37e2</size>
         <input_file_ref idref="fl-3"/>
      </object_component>
      <object_component id="oc-2f7">
         <name>.debug_info</name>
         <load_address>0xb920</load_address>
         <run_address>0xb920</run_address>
         <size>0x8b</size>
         <input_file_ref idref="fl-3"/>
      </object_component>
      <object_component id="oc-78">
         <name>.debug_info</name>
         <load_address>0xb9ab</load_address>
         <run_address>0xb9ab</run_address>
         <size>0x2e3</size>
         <input_file_ref idref="fl-4"/>
      </object_component>
      <object_component id="oc-27">
         <name>.debug_info</name>
         <load_address>0xbc8e</load_address>
         <run_address>0xbc8e</run_address>
         <size>0x10f</size>
         <input_file_ref idref="fl-4"/>
      </object_component>
      <object_component id="oc-6e">
         <name>.debug_info</name>
         <load_address>0xbd9d</load_address>
         <run_address>0xbd9d</run_address>
         <size>0x172</size>
         <input_file_ref idref="fl-4"/>
      </object_component>
      <object_component id="oc-72">
         <name>.debug_info</name>
         <load_address>0xbf0f</load_address>
         <run_address>0xbf0f</run_address>
         <size>0x15a</size>
         <input_file_ref idref="fl-4"/>
      </object_component>
      <object_component id="oc-b3">
         <name>.debug_info</name>
         <load_address>0xc069</load_address>
         <run_address>0xc069</run_address>
         <size>0x14f</size>
         <input_file_ref idref="fl-5"/>
      </object_component>
      <object_component id="oc-164">
         <name>.debug_info</name>
         <load_address>0xc1b8</load_address>
         <run_address>0xc1b8</run_address>
         <size>0x1073</size>
         <input_file_ref idref="fl-11"/>
      </object_component>
      <object_component id="oc-161">
         <name>.debug_info</name>
         <load_address>0xd22b</load_address>
         <run_address>0xd22b</run_address>
         <size>0x3f4</size>
         <input_file_ref idref="fl-11"/>
      </object_component>
      <object_component id="oc-1fc">
         <name>.debug_info</name>
         <load_address>0xd61f</load_address>
         <run_address>0xd61f</run_address>
         <size>0x102</size>
         <input_file_ref idref="fl-11"/>
      </object_component>
      <object_component id="oc-1ff">
         <name>.debug_info</name>
         <load_address>0xd721</load_address>
         <run_address>0xd721</run_address>
         <size>0x102</size>
         <input_file_ref idref="fl-11"/>
      </object_component>
      <object_component id="oc-e7">
         <name>.debug_info</name>
         <load_address>0xd823</load_address>
         <run_address>0xd823</run_address>
         <size>0x11bc</size>
         <input_file_ref idref="fl-11"/>
      </object_component>
      <object_component id="oc-2d1">
         <name>.debug_info</name>
         <load_address>0xe9df</load_address>
         <run_address>0xe9df</run_address>
         <size>0x1055</size>
         <input_file_ref idref="fl-11"/>
      </object_component>
[...]
      </symbol>
      <symbol id="sm-773">
         <name>__aeabi_i2d</name>
         <value>0x48b1</value>
         <object_component_ref idref="oc-1be"/>
      </symbol>
      <symbol id="sm-78e">
         <name>memcpy</name>
         <value>0x3349</value>
         <object_component_ref idref="oc-3a"/>
      </symbol>
      <symbol id="sm-78f">
         <name>__aeabi_memcpy</name>
         <value>0x3349</value>
         <object_component_ref idref="oc-3a"/>
      </symbol>
      <symbol id="sm-790">
         <name>__aeabi_memcpy8</name>
         <value>0x3349</value>
         <object_component_ref idref="oc-3a"/>
      </symbol>
      <symbol id="sm-791">
         <name>__aeabi_memcpy4</name>
         <value>0x3349</value>
         <object_component_ref idref="oc-3a"/>
      </symbol>
      <symbol id="sm-79b">
         <name>__aeabi_ui2d</name>
         <value>0x4a93</value>
         <object_component_ref idref="oc-2b2"/>
      </symbol>
      <symbol id="sm-7aa">
         <name>__aeabi_memset</name>
         <value>0x38bf</value>
         <object_component_ref idref="oc-94"/>
      </symbol>
      <symbol id="sm-7ab">
         <name>memset</name>
         <value>0x38c5</value>
         <object_component_ref idref="oc-94"/>
      </symbol>
      <symbol id="sm-7ac">
         <name>__aeabi_memset8</name>
         <value>0x38bf</value>
         <object_component_ref idref="oc-94"/>
      </symbol>
      <symbol id="sm-7ad">
         <name>__aeabi_memset4</name>
         <value>0x38bf</value>
         <object_component_ref idref="oc-94"/>
      </symbol>
      <symbol id="sm-7ae">
         <name>__aeabi_memclr8</name>
         <value>0x38bd</value>
         <object_component_ref idref="oc-94"/>
      </symbol>
      <symbol id="sm-7af">
         <name>__aeabi_memclr4</name>
         <value>0x38bd</value>
         <object_component_ref idref="oc-94"/>
      </symbol>
      <symbol id="sm-7b0">
         <name>__aeabi_memclr</name>
         <value>0x38bd</value>
         <object_component_ref idref="oc-94"/>
      </symbol>
      <symbol id="sm-7bd">
         <name>__aeabi_uldivmod</name>
         <value>0x347d</value>
         <object_component_ref idref="oc-43e"/>
      </symbol>
      <symbol id="sm-7d1">
         <name>__TI_zero_init_nomemset</name>
         <value>0x4ad1</value>
         <object_component_ref idref="oc-46"/>
      </symbol>
      <symbol id="sm-7e8">
         <name>__TI_decompress_none</name>
         <value>0x4c33</value>
         <object_component_ref idref="oc-1d"/>
      </symbol>
      <symbol id="sm-80b">
         <name>__TI_decompress_lzss</name>
         <value>0x3c35</value>
         <object_component_ref idref="oc-17"/>
      </symbol>
      <symbol id="sm-831">
         <name>C$$EXIT</name>
         <value>0x4c85</value>
         <object_component_ref idref="oc-fc"/>
      </symbol>
      <symbol id="sm-832">
         <name>abort</name>
         <value>0x4c85</value>
         <object_component_ref idref="oc-fc"/>
      </symbol>
      <symbol id="sm-833">
         <name>__TI_dtors_ptr</name>
         <value>0x200009d0</value>
         <object_component_ref idref="oc-244"/>
      </symbol>
      <symbol id="sm-834">
         <name>__TI_cleanup_ptr</name>
         <value>0x200009cc</value>
         <object_component_ref idref="oc-244"/>
      </symbol>
      <symbol id="sm-835">
         <name>__TI_enable_exit_profile_output</name>
         <value>0x200009d4</value>
         <object_component_ref idref="oc-244"/>
      </symbol>
      <symbol id="sm-836">
         <name>exit</name>
         <value>0x43c9</value>
         <object_component_ref idref="oc-102"/>
      </symbol>
      <symbol id="sm-84b">
         <name>_nop</name>
         <value>0x221b</value>
         <object_component_ref idref="oc-36b"/>
      </symbol>
      <symbol id="sm-84c">
         <name>_lock</name>
         <value>0x200009d8</value>
         <object_component_ref idref="oc-220"/>
      </symbol>
      <symbol id="sm-84d">
         <name>_unlock</name>
         <value>0x200009dc</value>
         <object_component_ref idref="oc-220"/>
      </symbol>
      <symbol id="sm-85c">
         <name>__TI_ltoa</name>
         <value>0x4155</value>
         <object_component_ref idref="oc-44a"/>
      </symbol>
      <symbol id="sm-872">
         <name>atoi</name>
         <value>0x4335</value>
         <object_component_ref idref="oc-324"/>
      </symbol>
      <symbol id="sm-87d">
         <name>_ctypes_</name>
         <value>0x4c88</value>
         <object_component_ref idref="oc-439"/>
      </symbol>
      <symbol id="sm-892">
         <name>__TI_tmpnams</name>
         <value>0x20000608</value>
      </symbol>
      <symbol id="sm-893">
         <name>__aeabi_stdout</name>
         <value>0x200009c4</value>
         <object_component_ref idref="oc-534"/>
      </symbol>
      <symbol id="sm-894">
         <name>__aeabi_stderr</name>
         <value>0x200009c8</value>
         <object_component_ref idref="oc-534"/>
      </symbol>
      <symbol id="sm-895">
         <name>__aeabi_stdin</name>
         <value>0x200009c0</value>
         <object_component_ref idref="oc-534"/>
      </symbol>
      <symbol id="sm-896">
         <name>_ftable</name>
         <value>0x200007a4</value>
         <object_component_ref idref="oc-223"/>
      </symbol>
      <symbol id="sm-897">
         <name>__TI_ft_end</name>
         <value>0x200009bc</value>
         <object_component_ref idref="oc-534"/>
      </symbol>
      <symbol id="sm-8a7">
         <name>memccpy</name>
         <value>0x4b09</value>
         <object_component_ref idref="oc-34d"/>
      </symbol>
      <symbol id="sm-8b7">
         <name>memchr</name>
         <value>0x4a73</value>
         <object_component_ref idref="oc-4a8"/>
      </symbol>
      <symbol id="sm-93b">
         <name>_sys_memory</name>
         <value>0x200000e8</value>
         <object_component_ref idref="oc-29"/>
      </symbol>
      <symbol id="sm-93c">
         <name>free</name>
         <value>0x2d45</value>
         <object_component_ref idref="oc-3c8"/>
      </symbol>
      <symbol id="sm-93d">
         <name>memalign</name>
         <value>0x2b49</value>
         <object_component_ref idref="oc-52d"/>
      </symbol>
      <symbol id="sm-93e">
         <name>malloc</name>
         <value>0x4c71</value>
         <object_component_ref idref="oc-3ce"/>
      </symbol>
      <symbol id="sm-93f">
         <name>aligned_alloc</name>
         <value>0x2b49</value>
         <object_component_ref idref="oc-52d"/>
      </symbol>
      <symbol id="sm-94f">
         <name>strchr</name>
         <value>0x4b9b</value>
         <object_component_ref idref="oc-477"/>
      </symbol>
      <symbol id="sm-95d">
         <name>strlen</name>
         <value>0x4bd9</value>
         <object_component_ref idref="oc-31e"/>
      </symbol>
      <symbol id="sm-970">
         <name>__stack</name>
         <value>0x2000fc00</value>
         <object_component_ref idref="oc-2c"/>
      </symbol>
      <symbol id="sm-971">
         <name>_c_int00_noargs</name>
         <value>0x47e9</value>
         <object_component_ref idref="oc-58"/>
      </symbol>
      <symbol id="sm-986">
         <name>write</name>
         <value>0x4a29</value>
         <object_component_ref idref="oc-4b4"/>
      </symbol>
      <symbol id="sm-997">
         <name>_stream</name>
         <value>0x2000090c</value>
         <object_component_ref idref="oc-589"/>
      </symbol>
      <symbol id="sm-998">
         <name>_device</name>
         <value>0x20000894</value>
         <object_component_ref idref="oc-3b5"/>
      </symbol>
      <symbol id="sm-9b6">
         <name>open</name>
         <value>0x2fd9</value>
         <object_component_ref idref="oc-517"/>
      </symbol>
      <symbol id="sm-9d6">
         <name>add_device</name>
         <value>0x3095</value>
         <object_component_ref idref="oc-271"/>
      </symbol>
      <symbol id="sm-9ec">
         <name>__aeabi_errno_addr</name>
         <value>0x4c69</value>
         <object_component_ref idref="oc-359"/>
      </symbol>
      <symbol id="sm-9ed">
         <name>errno</name>
         <value>0x200009ec</value>
         <object_component_ref idref="oc-487"/>
      </symbol>
      <symbol id="sm-a06">
         <name>wcslen</name>
         <value>0x4c11</value>
         <object_component_ref idref="oc-353"/>
      </symbol>
      <symbol id="sm-a26">
         <name>frexpl</name>
         <value>0x3d05</value>
         <object_component_ref idref="oc-46b"/>
      </symbol>
      <symbol id="sm-a27">
         <name>frexp</name>
         <value>0x3d05</value>
         <object_component_ref idref="oc-46b"/>
      </symbol>
      <symbol id="sm-a44">
         <name>scalbn</name>
         <value>0x2a39</value>
         <object_component_ref idref="oc-471"/>
      </symbol>
      <symbol id="sm-a45">
         <name>scalbnl</name>
         <value>0x2a39</value>
         <object_component_ref idref="oc-471"/>
      </symbol>
      <symbol id="sm-a46">
         <name>ldexpl</name>
         <value>0x2a39</value>
         <object_component_ref idref="oc-471"/>
      </symbol>
      <symbol id="sm-a47">
         <name>ldexp</name>
         <value>0x2a39</value>
         <object_component_ref idref="oc-471"/>
      </symbol>
      <symbol id="sm-a5c">
         <name>__TI_closefile</name>
         <value>0x3939</value>
         <object_component_ref idref="oc-3ba"/>
      </symbol>
      <symbol id="sm-a6c">
         <name>__TI_doflush</name>
         <value>0x42e9</value>
         <object_component_ref idref="oc-4ae"/>
      </symbol>
      <symbol id="sm-a7e">
         <name>fseek</name>
         <value>0x3d69</value>
         <object_component_ref idref="oc-57e"/>
      </symbol>
      <symbol id="sm-a9c">
         <name>finddevice</name>
         <value>0x4881</value>
         <object_component_ref idref="oc-3a8"/>
      </symbol>
      <symbol id="sm-a9d">
         <name>getdevice</name>
         <value>0x456d</value>
         <object_component_ref idref="oc-5c3"/>
      </symbol>
      <symbol id="sm-aa7">
         <name>__aeabi_idiv0</name>
         <value>0x25d3</value>
         <object_component_ref idref="oc-54e"/>
      </symbol>
      <symbol id="sm-aa8">
         <name>__aeabi_ldiv0</name>
         <value>0x25d3</value>
         <object_component_ref idref="oc-54e"/>
      </symbol>
      <symbol id="sm-ad0">
         <name>__TI_auto_init_nobinit_nopinit</name>
         <value>0x4529</value>
         <object_component_ref idref="oc-108"/>
      </symbol>
      <symbol id="sm-ada">
         <name>_system_pre_init</name>
         <value>0x4c81</value>
         <object_component_ref idref="oc-9a"/>
      </symbol>
      <symbol id="sm-aeb">
         <name>strcmp</name>
         <value>0x4b57</value>
         <object_component_ref idref="oc-4ca"/>
      </symbol>
      <symbol id="sm-afb">
         <name>strncpy</name>
         <value>0x4715</value>
         <object_component_ref idref="oc-3ae"/>
      </symbol>
      <symbol id="sm-b0c">
         <name>HOSTclose</name>
         <value>0x44a1</value>
         <object_component_ref idref="oc-4da"/>
      </symbol>
      <symbol id="sm-b1d">
         <name>HOSTlseek</name>
         <value>0x3b65</value>
         <object_component_ref idref="oc-4ec"/>
      </symbol>
      <symbol id="sm-b2f">
         <name>parmbuf</name>
         <value>0x20000744</value>
      </symbol>
      <symbol id="sm-b30">
         <name>HOSTopen</name>
         <value>0x3e31</value>
         <object_component_ref idref="oc-4d4"/>
      </symbol>
      <symbol id="sm-b41">
         <name>HOSTread</name>
         <value>0x3fa1</value>
         <object_component_ref idref="oc-4e0"/>
      </symbol>
      <symbol id="sm-b52">
         <name>HOSTrename</name>
         <value>0x3af9</value>
         <object_component_ref idref="oc-4f8"/>
      </symbol>
      <symbol id="sm-b63">
         <name>HOSTunlink</name>
         <value>0x44e5</value>
         <object_component_ref idref="oc-4f2"/>
      </symbol>
      <symbol id="sm-b74">
         <name>HOSTwrite</name>
         <value>0x3ff9</value>
         <object_component_ref idref="oc-4e6"/>
      </symbol>
      <symbol id="sm-b98">
         <name>__TI_readmsg</name>
         <value>0x47b5</value>
         <object_component_ref idref="oc-59e"/>
      </symbol>
      <symbol id="sm-b99">
         <name>C$$IO$$</name>
         <value>0x46d3</value>
         <object_component_ref idref="oc-598"/>
      </symbol>
      <symbol id="sm-b9a">
         <name>__CIOBUF_</name>
         <value>0x200004e8</value>
         <object_component_ref idref="oc-60a"/>
      </symbol>
      <symbol id="sm-b9b">
         <name>__TI_writemsg</name>
         <value>0x46a5</value>
         <object_component_ref idref="oc-598"/>
      </symbol>
      <symbol id="sm-bac">
         <name>lseek</name>
         <value>0x4a01</value>
         <object_component_ref idref="oc-5f8"/>
      </symbol>
      <symbol id="sm-bc0">
         <name>close</name>
         <value>0x3eed</value>
         <object_component_ref idref="oc-508"/>
      </symbol>
      <symbol id="sm-bca">
         <name>copysign</name>
         <value>0x4b25</value>
         <object_component_ref idref="oc-562"/>
      </symbol>
      <symbol id="sm-bcb">
         <name>copysignl</name>
         <value>0x4b25</value>
         <object_component_ref idref="oc-562"/>
      </symbol>
      <symbol id="sm-bd9">
         <name>strcpy</name>
         <value>0x4bc5</value>
         <object_component_ref idref="oc-5b2"/>
      </symbol>
      <symbol id="sm-be9">
         <name>unlink</name>
         <value>0x490d</value>
         <object_component_ref idref="oc-50e"/>
      </symbol>
      <symbol id="sm-bea">
         <name>__TI_static_base__</name>
         <value>0x0</value>
      </symbol>
      <symbol id="sm-bed">
         <name>__mpu_init</name>
         <value>0x0</value>
      </symbol>
      <symbol id="sm-bee">
         <name>_system_post_cinit</name>
         <value>0x0</value>
      </symbol>
      <symbol id="sm-bef">
         <name>NMI_Handler</name>
         <value>0x183f</value>
      </symbol>
      <symbol id="sm-bf0">
         <name>HardFault_Handler</name>
         <value>0x183f</value>
      </symbol>
      <symbol id="sm-bf1">
         <name>MemManage_Handler</name>
         <value>0x183f</value>
      </symbol>
      <symbol id="sm-bf2">
         <name>BusFault_Handler</name>
         <value>0x183f</value>
      </symbol>
      <symbol id="sm-bf3">
         <name>UsageFault_Handler</name>
         <value>0x183f</value>
      </symbol>
      <symbol id="sm-bf4">
         <name>SVC_Handler</name>
         <value>0x183f</value>
      </symbol>
      <symbol id="sm-bf5">
         <name>DebugMon_Handler</name>
         <value>0x183f</value>
      </symbol>
      <symbol id="sm-bf6">
         <name>PendSV_Handler</name>
         <value>0x183f</value>
      </symbol>
      <symbol id="sm-bf7">
         <name>SysTick_Handler</name>
         <value>0x183f</value>
      </symbol>
      <symbol id="sm-bf8">
         <name>PSS_IRQHandler</name>
         <value>0x183f</value>
      </symbol>
      <symbol id="sm-bf9">
         <name>CS_IRQHandler</name>
         <value>0x183f</value>
      </symbol>
      <symbol id="sm-bfa">
         <name>PCM_IRQHandler</name>
         <value>0x183f</value>
      </symbol>
      <symbol id="sm-bfb">
         <name>WDT_A_IRQHandler</name>
         <value>0x183f</value>
      </symbol>
      <symbol id="sm-bfc">
         <name>FPU_IRQHandler</name>
         <value>0x183f</value>
      </symbol>
      <symbol id="sm-bfd">
         <name>FLCTL_IRQHandler</name>
         <value>0x183f</value>
      </symbol>
      <symbol id="sm-bfe">
         <name>COMP_E0_IRQHandler</name>
         <value>0x183f</value>
      </symbol>
      <symbol id="sm-bff">
         <name>COMP_E1_IRQHandler</name>
         <value>0x183f</value>
      </symbol>
      <symbol id="sm-c00">
         <name>TA0_0_IRQHandler</name>
         <value>0x183f</value>
      </symbol>
      <symbol id="sm-c01">
         <name>TA0_N_IRQHandler</name>
         <value>0x183f</value>
      </symbol>
      <symbol id="sm-c02">
         <name>TA1_0_IRQHandler</name>
         <value>0x183f</value>
      </symbol>
      <symbol id="sm-c03">
         <name>TA1_N_IRQHandler</name>
         <value>0x183f</value>
      </symbol>
      <symbol id="sm-c04">
         <name>TA2_0_IRQHandler</name>
         <value>0x183f</value>
      </symbol>
      <symbol id="sm-c05">
         <name>TA2_N_IRQHandler</name>
         <value>0x183f</value>
      </symbol>
      <symbol id="sm-c06">
         <name>TA3_0_IRQHandler</name>
         <value>0x183f</value>
      </symbol>
      <symbol id="sm-c07">
         <name>TA3_N_IRQHandler</name>
         <value>0x183f</value>
      </symbol>
      <symbol id="sm-c08">
         <name>EUSCIA0_IRQHandler</name>
         <value>0x183f</value>
      </symbol>
      <symbol id="sm-c09">
         <name>EUSCIA1_IRQHandler</name>
         <value>0x183f</value>
      </symbol>
      <symbol id="sm-c0a">
         <name>EUSCIA2_IRQHandler</name>
         <value>0x183f</value>
      </symbol>
      <symbol id="sm-c0b">
         <name>EUSCIA3_IRQHandler</name>
         <value>0x183f</value>
      </symbol>
      <symbol id="sm-c0c">
         <name>EUSCIB0_IRQHandler</name>
         <value>0x183f</value>
      </symbol>
      <symbol id="sm-c0d">
         <name>EUSCIB1_IRQHandler</name>
         <value>0x183f</value>
      </symbol>
      <symbol id="sm-c0e">
         <name>EUSCIB2_IRQHandler</name>
         <value>0x183f</value>
      </symbol>
      <symbol id="sm-c0f">
         <name>EUSCIB3_IRQHandler</name>
         <value>0x183f</value>
      </symbol>
      <symbol id="sm-c10">
         <name>ADC14_IRQHandler</name>
         <value>0x183f</value>
      </symbol>
      <symbol id="sm-c11">
         <name>T32_INT1_IRQHandler</name>
         <value>0x183f</value>
      </symbol>
      <symbol id="sm-c12">
         <name>T32_INT2_IRQHandler</name>
         <value>0x183f</value>
      </symbol>
      <symbol id="sm-c13">
         <name>T32_INTC_IRQHandler</name>
         <value>0x183f</value>
      </symbol>
      <symbol id="sm-c14">
         <name>AES256_IRQHandler</name>
         <value>0x183f</value>
      </symbol>
      <symbol id="sm-c15">
         <name>RTC_C_IRQHandler</name>
         <value>0x183f</value>
      </symbol>
      <symbol id="sm-c16">
         <name>DMA_ERR_IRQHandler</name>
         <value>0x183f</value>
      </symbol>
      <symbol id="sm-c17">
         <name>DMA_INT3_IRQHandler</name>
         <value>0x183f</value>
      </symbol>
      <symbol id="sm-c18">
         <name>DMA_INT2_IRQHandler</name>
         <value>0x183f</value>
      </symbol>
      <symbol id="sm-c19">
         <name>DMA_INT1_IRQHandler</name>
         <value>0x183f</value>
      </symbol>
      <symbol id="sm-c1a">
         <name>DMA_INT0_IRQHandler</name>
         <value>0x183f</value>
      </symbol>
      <symbol id="sm-c1b">
         <name>PORT1_IRQHandler</name>
         <value>0x183f</value>
      </symbol>
      <symbol id="sm-c1c">
         <name>PORT2_IRQHandler</name>
         <value>0x183f</value>
      </symbol>
      <symbol id="sm-c1d">
         <name>PORT3_IRQHandler</name>
         <value>0x183f</value>
      </symbol>
      <symbol id="sm-c1e">
         <name>PORT4_IRQHandler</name>
         <value>0x183f</value>
      </symbol>
      <symbol id="sm-c1f">
         <name>PORT5_IRQHandler</name>
         <value>0x183f</value>
      </symbol>
      <symbol id="sm-c20">
         <name>PORT6_IRQHandler</name>
         <value>0x183f</value>
      </symbol>
      <symbol id="sm-c21">
         <name>remove</name>
         <value>0x490d</value>
      </symbol>
   </symbol_table>
   <title>Link successful</title>
</link_info>
