******************************************************************************
                  TI ARM Linker PC v20.2.7                     
******************************************************************************
>> Linked Thu Sep 21 14:13:55 2023

OUTPUT FILE NAME:   <lab1_template.out>
ENTRY POINT SYMBOL: "_c_int00_noargs"  address: 000047e9


MEMORY CONFIGURATION

         name            origin    length      used     unused   attr    fill
----------------------  --------  ---------  --------  --------  ----  --------
  MAIN                  00000000   00040000  00004f09  0003b0f7  R  X
  INFO                  00200000   00004000  00000000  00004000  R  X
  SRAM_CODE             01000000   00010000  00000df2  0000f20e  RW X
  SRAM_DATA             20000000   00010000  00000df2  0000f20e  RW  


SEGMENT ALLOCATION MAP

run origin  load origin   length   init length attrs members
----------  ----------- ---------- ----------- ----- -------
00000000    00000000    00004f10   00004f10    r-x
  00000000    00000000    000000e4   000000e4    r-- .intvecs
  000000e4    000000e4    00004ba4   00004ba4    r-x .text
  00004c88    00004c88    000001b9   000001b9    r-- .const
  00004e48    00004e48    000000c8   000000c8    r-- .cinit
20000000    20000000    000009f4   00000000    rw-
  20000000    20000000    000000e8   00000000    rw- .vtable
  200000e8    200000e8    00000400   00000000    rw- .sysmem
  200004e8    200004e8    000002ba   00000000    rw- .bss
  200007a4    200007a4    00000250   00000000    rw- .data
2000fc00    2000fc00    00000400   00000000    rw-
  2000fc00    2000fc00    00000400   00000000    rw- .stack


SECTION ALLOCATION MAP

 output                                  attributes/
section   page    origin      length       input sections
--------  ----  ----------  ----------   ----------------
.intvecs   0    00000000    000000e4     
                  00000000    000000e4     startup_msp432p401r_ccs.obj (.intvecs:retain)

.text      0    000000e4    00004ba4     
                  000000e4    00000d0c     Lab1lib.lib : lab1lib.obj (.text)
                  00000df0    00000a4e     rtsv7M4_T_le_v4SPD16_eabi.lib : _printfi.c.obj (.text:__TI_printfi)
                  0000183e    00000002     startup_msp432p401r_ccs.obj (.text:Default_Handler)
                  00001840    000003e4     main.obj (.text:ControlSystem)
                  00001c24    00000270     rtsv7M4_T_le_v4SPD16_eabi.lib : _printfi.c.obj (.text:_pconv_a)
                  00001e94    000001d0                                   : _printfi.c.obj (.text:_pconv_g)
                  00002064    000001b6                                   : fd_add_t2.asm.obj (.text)
                  0000221a    00000002                                   : _lock.c.obj (.text:_nop)
                  0000221c    00000144     msp432p4xx_driverlib.lib : timer_a.o (.text:privateTimer_AProcessClockSourceDivider)
                  00002360    0000013c     rtsv7M4_T_le_v4SPD16_eabi.lib : _printfi.c.obj (.text:_pconv_e)
                  0000249c    00000136                                   : fd_div_t2.asm.obj (.text)
                  000025d2    00000002                                   : div0.asm.obj (.text)
                  000025d4    00000124                                   : _printfi.c.obj (.text:fcvt)
                  000026f8    0000011c     msp432p4xx_driverlib.lib : uart.o (.text:UART_initModule)
                  00002814    00000114     rtsv7M4_T_le_v4SPD16_eabi.lib : fputs.c.obj (.text:fputs)
                  00002928    00000110                                   : fopen.c.obj (.text:_openfile)
                  00002a38    00000110                                   : s_scalbn.c.obj (.text:scalbn)
                  00002b48    00000100                                   : memory.c.obj (.text:aligned_alloc)
                  00002c48    000000fc                                   : fd_mul_t2.asm.obj (.text)
                  00002d44    000000e4                                   : memory.c.obj (.text:free)
                  00002e28    000000dc                                   : setvbuf.c.obj (.text:setvbuf)
                  00002f04    000000d2     msp432p4xx_driverlib.lib : timer_a.o (.text:Timer_A_registerInterrupt)
                  00002fd6    00000002     --HOLE-- [fill = 0]
                  00002fd8    000000bc     rtsv7M4_T_le_v4SPD16_eabi.lib : open.c.obj (.text:open)
                  00003094    000000b8                                   : add_device.c.obj (.text:add_device)
                  0000314c    000000b1                                   : _printfi.c.obj (.text:_ltostr)
                  000031fd    00000003     --HOLE-- [fill = 0]
                  00003200    000000ac     engr2350_msp432.obj (.text:init_motor_PWM)
                  000032ac    0000009c     engr2350_msp432.obj (.text:init_std_uart)
                  00003348    0000009c     rtsv7M4_T_le_v4SPD16_eabi.lib : memcpy_t2.asm.obj (.text)
                  000033e4    00000098     system_msp432p401r.obj (.text:SystemInit)
                  0000347c    00000096     rtsv7M4_T_le_v4SPD16_eabi.lib : ull_div_t2.asm.obj (.text)
                  00003512    00000002     --HOLE-- [fill = 0]
                  00003514    0000008c                                   : fputc.c.obj (.text:fputc)
                  000035a0    00000088     msp432p4xx_driverlib.lib : gpio.o (.text:GPIO_setAsPeripheralModuleFunctionInputPin)
                  00003628    00000088                              : gpio.o (.text:GPIO_setAsPeripheralModuleFunctionOutputPin)
                  000036b0    00000086     rtsv7M4_T_le_v4SPD16_eabi.lib : fd_cmp_t2.asm.obj (.text:__aeabi_cdcmple)
                  00003736    00000086                                   : fd_cmp_t2.asm.obj (.text:__aeabi_cdrcmple)
                  000037bc    00000080     msp432p4xx_driverlib.lib : interrupt.o (.text:Interrupt_enableInterrupt)
                  0000383c    00000080     engr2350_msp432.obj (.text:dopen)
                  000038bc    0000007a     rtsv7M4_T_le_v4SPD16_eabi.lib : memset_t2.asm.obj (.text)
                  00003936    00000002     --HOLE-- [fill = 0]
                  00003938    00000074                                   : fclose.c.obj (.text:__TI_closefile)
                  000039ac    00000070                                   : memory.c.obj (.text:split)
                  00003a1c    0000006e                                   : _printfi.c.obj (.text:_mcpy)
                  00003a8a    0000006e                                   : fd_tos_t2.asm.obj (.text)
                  00003af8    0000006c                                   : hostrename.c.obj (.text:HOSTrename)
                  00003b64    00000068                                   : hostlseek.c.obj (.text:HOSTlseek)
                  00003bcc    00000068     msp432p4xx_driverlib.lib : timer_a.o (.text:Timer_A_configureUpMode)
                  00003c34    00000068     rtsv7M4_T_le_v4SPD16_eabi.lib : copy_decompress_lzss.c.obj (.text:decompress:lzss:__TI_decompress_lzss)
                  00003c9c    00000068                                   : printf.c.obj (.text:printf)
                  00003d04    00000064                                   : s_frexp.c.obj (.text:frexp)
                  00003d68    00000064                                   : fseek.c.obj (.text:fseek)
                  00003dcc    00000062                                   : _io_perm.c.obj (.text:__TI_wrt_ok)
                  00003e2e    00000002     --HOLE-- [fill = 0]
                  00003e30    00000060                                   : hostopen.c.obj (.text:HOSTopen)
                  00003e90    0000005c     msp432p4xx_driverlib.lib : interrupt.o (.text:Interrupt_registerInterrupt)
                  00003eec    0000005c     rtsv7M4_T_le_v4SPD16_eabi.lib : close.c.obj (.text:close)
                  00003f48    00000058     msp432p4xx_driverlib.lib : gpio.o (.text:GPIO_setAsInputPinWithPullUpResistor)
                  00003fa0    00000058     rtsv7M4_T_le_v4SPD16_eabi.lib : hostread.c.obj (.text:HOSTread)
                  00003ff8    00000058                                   : hostwrite.c.obj (.text:HOSTwrite)
                  00004050    00000058     msp432p4xx_driverlib.lib : timer_a.o (.text:Timer_A_initCapture)
                  000040a8    00000056     rtsv7M4_T_le_v4SPD16_eabi.lib : _printfi.c.obj (.text:_pconv_f)
                  000040fe    00000002     --HOLE-- [fill = 0]
                  00004100    00000054     msp432p4xx_driverlib.lib : interrupt.o (.text:Interrupt_setPriority)
                  00004154    00000054     rtsv7M4_T_le_v4SPD16_eabi.lib : _ltoa.c.obj (.text:__TI_ltoa)
                  000041a8    00000054     engr2350_msp432.obj (.text:dread)
                  000041fc    00000052     rtsv7M4_T_le_v4SPD16_eabi.lib : _printfi.c.obj (.text:_ecpy)
                  0000424e    0000004e     msp432p4xx_driverlib.lib : timer_a.o (.text:Timer_A_initCompare)
                  0000429c    0000004c                              : gpio.o (.text:GPIO_setAsInputPin)
                  000042e8    0000004c     rtsv7M4_T_le_v4SPD16_eabi.lib : fflush.c.obj (.text:__TI_doflush)
                  00004334    0000004c                                   : atoi.c.obj (.text:atoi)
                  00004380    00000048     engr2350_msp432.obj (.text:dwrite)
                  000043c8    00000048     rtsv7M4_T_le_v4SPD16_eabi.lib : exit.c.obj (.text:exit)
                  00004410    00000048                                   : fd_toi_t2.asm.obj (.text)
                  00004458    00000047     main.obj (.text:main)
                  0000449f    00000001     --HOLE-- [fill = 0]
                  000044a0    00000044     rtsv7M4_T_le_v4SPD16_eabi.lib : hostclose.c.obj (.text:HOSTclose)
                  000044e4    00000044                                   : hostunlink.c.obj (.text:HOSTunlink)
                  00004528    00000044                                   : autoinit.c.obj (.text:__TI_auto_init_nobinit_nopinit:__TI_auto_init_nobinit_nopinit)
                  0000456c    00000044                                   : getdevice.c.obj (.text:getdevice)
                  000045b0    00000040     msp432p4xx_driverlib.lib : gpio.o (.text:GPIO_setAsOutputPin)
                  000045f0    0000003e     rtsv7M4_T_le_v4SPD16_eabi.lib : _printfi.c.obj (.text:_fcpy)
                  0000462e    0000003c     main.obj (.text:GPIOInit)
                  0000466a    00000002     --HOLE-- [fill = 0]
                  0000466c    00000038     msp432p4xx_driverlib.lib : timer_a.o (.text:Timer_A_getCaptureCompareEnabledInterruptStatus)
                  000046a4    00000038     rtsv7M4_T_le_v4SPD16_eabi.lib : trgmsg.c.obj (.text:__TI_writemsg)
                  000046dc    00000038                                   : fs_tod_t2.asm.obj (.text)
                  00004714    00000036                                   : strncpy.c.obj (.text:strncpy)
                  0000474a    00000002     --HOLE-- [fill = 0]
                  0000474c    00000034     msp432p4xx_driverlib.lib : timer_a.o (.text:Timer_A_configureContinuousMode)
                  00004780    00000034     rtsv7M4_T_le_v4SPD16_eabi.lib : fopen.c.obj (.text:__TI_cleanup)
                  000047b4    00000034                                   : trgmsg.c.obj (.text:__TI_readmsg)
                  000047e8    00000034                                   : boot_cortex_m.c.obj (.text:_c_int00_noargs:_c_int00_noargs)
                  0000481c    00000034                                   : fopen.c.obj (.text:freopen)
                  00004850    00000030     msp432p4xx_driverlib.lib : gpio.o (.text:GPIO_getInputPinValue)
                  00004880    00000030     rtsv7M4_T_le_v4SPD16_eabi.lib : getdevice.c.obj (.text:finddevice)
                  000048b0    0000002e                                   : i_tofd_t2.asm.obj (.text)
                  000048de    00000002     --HOLE-- [fill = 0]
                  000048e0    0000002c     msp432p4xx_driverlib.lib : timer_a.o (.text:Timer_A_clearCaptureCompareInterrupt)
                  0000490c    0000002c     rtsv7M4_T_le_v4SPD16_eabi.lib : unlink.c.obj (.text:unlink)
                  00004938    00000028     msp432p4xx_driverlib.lib : gpio.o (.text:GPIO_setOutputHighOnPin)
                  00004960    00000028                              : gpio.o (.text:GPIO_setOutputLowOnPin)
                  00004988    00000028                              : timer_a.o (.text:Timer_A_getCaptureCompareInterruptStatus)
                  000049b0    00000028                              : timer_a.o (.text:Timer_A_setCompareValue)
                  000049d8    00000028     rtsv7M4_T_le_v4SPD16_eabi.lib : memory.c.obj (.text:free_list_insert)
                  00004a00    00000028                                   : lseek.c.obj (.text:lseek)
                  00004a28    00000028                                   : write.c.obj (.text:write)
                  00004a50    00000022     msp432p4xx_driverlib.lib : timer_a.o (.text:Timer_A_getCaptureCompareCount)
                  00004a72    00000020     rtsv7M4_T_le_v4SPD16_eabi.lib : memchr.c.obj (.text:memchr)
                  00004a92    00000020                                   : u_tofd_t2.asm.obj (.text)
                  00004ab2    00000002     --HOLE-- [fill = 0]
                  00004ab4    0000001c     engr2350_msp432.obj (.text:dclose)
                  00004ad0    0000001c     rtsv7M4_T_le_v4SPD16_eabi.lib : copy_zero_init.c.obj (.text:decompress:ZI:__TI_zero_init_nomemset:__TI_zero_init_nomemset)
                  00004aec    0000001c                                   : memory.c.obj (.text:free_list_remove)
                  00004b08    0000001c                                   : memccpy.c.obj (.text:memccpy)
                  00004b24    0000001a                                   : s_copysign.c.obj (.text:copysign)
                  00004b3e    00000018     msp432p4xx_driverlib.lib : timer_a.o (.text:Timer_A_getEnabledInterruptStatus)
                  00004b56    00000018     rtsv7M4_T_le_v4SPD16_eabi.lib : strcmp.c.obj (.text:strcmp)
                  00004b6e    00000016     msp432p4xx_driverlib.lib : timer_a.o (.text:Timer_A_clearInterruptFlag)
                  00004b84    00000016                              : timer_a.o (.text:Timer_A_startCounter)
                  00004b9a    00000016     rtsv7M4_T_le_v4SPD16_eabi.lib : strchr.c.obj (.text:strchr)
                  00004bb0    00000014     msp432p4xx_driverlib.lib : timer_a.o (.text:Timer_A_stopTimer)
                  00004bc4    00000014     rtsv7M4_T_le_v4SPD16_eabi.lib : strcpy.c.obj (.text:strcpy)
                  00004bd8    00000014                                   : strlen.c.obj (.text:strlen)
                  00004bec    00000012     msp432p4xx_driverlib.lib : timer_a.o (.text:Timer_A_getInterruptStatus)
                  00004bfe    00000012     engr2350_msp432.obj (.text:dlseek)
                  00004c10    00000012     rtsv7M4_T_le_v4SPD16_eabi.lib : wcslen.c.obj (.text:wcslen)
                  00004c22    00000010     engr2350_msp432.obj (.text:drename)
                  00004c32    0000000e     rtsv7M4_T_le_v4SPD16_eabi.lib : copy_decompress_none.c.obj (.text:decompress:none:__TI_decompress_none)
                  00004c40    0000000e     engr2350_msp432.obj (.text:dunlink)
                  00004c4e    0000000c     startup_msp432p401r_ccs.obj (.text:Reset_Handler)
                  00004c5a    0000000c     engr2350_msp432.obj (.text:SysInit)
                  00004c66    00000002     --HOLE-- [fill = 0]
                  00004c68    00000008     rtsv7M4_T_le_v4SPD16_eabi.lib : errno.c.obj (.text:__aeabi_errno_addr)
                  00004c70    00000008                                   : memory.c.obj (.text:malloc)
                  00004c78    00000004                                   : printf.c.obj (.text:_outc)
                  00004c7c    00000004                                   : printf.c.obj (.text:_outs)
                  00004c80    00000004                                   : pre_init.c.obj (.text:_system_pre_init)
                  00004c84    00000004                                   : exit.c.obj (.text:abort:abort)

.const     0    00004c88    000001b9     
                  00004c88    00000101     rtsv7M4_T_le_v4SPD16_eabi.lib : ctype.c.obj (.const:.string:_ctypes_)
                  00004d89    00000003     --HOLE-- [fill = 0]
                  00004d8c    00000050     msp432p4xx_driverlib.lib : interrupt.o (.const:g_pulRegs)
                  00004ddc    00000030                              : gpio.o (.const:GPIO_PORT_TO_BASE)
                  00004e0c    00000028     engr2350_msp432.obj (.const:$P$T1$2)
                  00004e34    00000008     msp432p4xx_driverlib.lib : interrupt.o (.const:g_pulEnRegs)
                  00004e3c    00000005     engr2350_msp432.obj (.const:.string:$P$T0$1)

.cinit     0    00004e48    000000c8     
                  00004e48    00000090     (.cinit..data.load) [load image, compression = lzss]
                  00004ed8    0000000c     (__TI_handler_table)
                  00004ee4    00000004     --HOLE-- [fill = 0]
                  00004ee8    00000008     (.cinit..bss.load) [load image, compression = zero_init]
                  00004ef0    00000008     (.cinit..vtable.load) [load image, compression = zero_init]
                  00004ef8    00000018     (__TI_cinit_table)

.init_array 
*          0    00000000    00000000     UNINITIALIZED

.binit     0    00000000    00000000     

.vtable    0    20000000    000000e8     UNINITIALIZED
                  20000000    000000e8     msp432p4xx_driverlib.lib : interrupt.o (.vtable)

.sysmem    0    200000e8    00000400     UNINITIALIZED
                  200000e8    00000010     rtsv7M4_T_le_v4SPD16_eabi.lib : memory.c.obj (.sysmem)
                  200000f8    000003f0     --HOLE--

.bss       0    200004e8    000002ba     UNINITIALIZED
                  200004e8    00000120     rtsv7M4_T_le_v4SPD16_eabi.lib : trgmsg.c.obj (.bss:_CIOBUF_)
                  20000608    000000a0     (.common:__TI_tmpnams)
                  200006a8    00000034     (.common:segments)
                  200006dc    00000018     (.common:TA0cfg)
                  200006f4    00000018     (.common:TA1cfg)
                  2000070c    00000018     (.common:TA3_ccr)
                  20000724    00000010     (.common:TA0_ccr)
                  20000734    00000010     (.common:TA3cfg)
                  20000744    00000008     (.common:parmbuf)
                  2000074c    00000004     (.common:Tach_L)
                  20000750    00000004     (.common:Tach_L_avg)
                  20000754    00000004     (.common:Tach_L_count)
                  20000758    00000004     (.common:Tach_L_sum)
                  2000075c    00000004     (.common:Tach_L_sum_count)
                  20000760    00000004     (.common:Tach_R)
                  20000764    00000004     (.common:Tach_R_avg)
                  20000768    00000004     (.common:Tach_R_count)
                  2000076c    00000004     (.common:Tach_R_sum)
                  20000770    00000004     (.common:Tach_R_sum_count)
                  20000774    00000004     (.common:cmp_L_count)
                  20000778    00000004     (.common:cmp_L_total)
                  2000077c    00000004     (.common:cmp_R_count)
                  20000780    00000004     (.common:cmp_R_total)
                  20000784    00000004     (.common:d_scale_L)
                  20000788    00000004     (.common:d_scale_R)
                  2000078c    00000004     (.common:distance_L)
                  20000790    00000004     (.common:distance_R)
                  20000794    00000004     (.common:error_sum_L)
                  20000798    00000004     (.common:error_sum_R)
                  2000079c    00000002     (.common:PW_L)
                  2000079e    00000002     (.common:PW_R)
                  200007a0    00000001     (.common:Tach_L_flag)
                  200007a1    00000001     (.common:Tach_R_flag)

.data      0    200007a4    00000250     UNINITIALIZED
                  200007a4    000000f0     rtsv7M4_T_le_v4SPD16_eabi.lib : defs.c.obj (.data:_ftable)
                  20000894    00000078                                   : host_device.c.obj (.data:_device)
                  2000090c    00000050                                   : host_device.c.obj (.data:_stream)
                  2000095c    00000035     Lab1lib.lib : lab1lib.obj (.data)
                  20000991    00000003     main.obj (.data)
                  20000994    00000014     Lab1lib.lib : lab1lib.obj (.data:error_sum_L_base)
                  200009a8    00000014                 : lab1lib.obj (.data:error_sum_R_base)
                  200009bc    00000010     rtsv7M4_T_le_v4SPD16_eabi.lib : defs.c.obj (.data)
                  200009cc    0000000c                                   : exit.c.obj (.data:$O1$$)
                  200009d8    00000008                                   : _lock.c.obj (.data:$O1$$)
                  200009e0    00000008                                   : memory.c.obj (.data:$O1$$)
                  200009e8    00000004                                   : add_device.c.obj (.data)
                  200009ec    00000004                                   : errno.c.obj (.data)
                  200009f0    00000004                                   : open.c.obj (.data)

.stack     0    2000fc00    00000400     UNINITIALIZED
                  2000fc00    00000004     rtsv7M4_T_le_v4SPD16_eabi.lib : boot_cortex_m.c.obj (.stack)
                  2000fc04    000003fc     --HOLE--

__llvm_prf_cnts 
*          0    20000000    00000000     UNINITIALIZED

MODULE SUMMARY

       Module                        code    ro data   rw data
       ------                        ----    -------   -------
    .\
       main.obj                      1127    0         6      
    +--+-----------------------------+-------+---------+---------+
       Total:                        1127    0         6      
                                                              
    .\src\
       engr2350_msp432.obj           700     45        0      
       startup_msp432p401r_ccs.obj   14      228       0      
       system_msp432p401r.obj        152     0         0      
    +--+-----------------------------+-------+---------+---------+
       Total:                        866     273       0      
                                                              
    ../src/Lab1lib.lib
       lab1lib.obj                   3340    0         670    
    +--+-----------------------------+-------+---------+---------+
       Total:                        3340    0         670    
                                                              
    C:/ti/simplelink_msp432p4_sdk_3_40_01_02/source/ti/devices/msp432p4xx/driverlib/ccs/msp432p4xx_driverlib.lib
       timer_a.o                     1176    0         0      
       interrupt.o                   304     88        464    
       gpio.o                        628     48        0      
       uart.o                        284     0         0      
    +--+-----------------------------+-------+---------+---------+
       Total:                        2392    136       464    
                                                              
    C:\ti\ccs1240\ccs\tools\compiler\ti-cgt-arm_20.2.7.LTS\lib\rtsv7M4_T_le_v4SPD16_eabi.lib
       _printfi.c.obj                4851    0         0      
       defs.c.obj                    0       0         832    
       memory.c.obj                  672     0         16     
       trgmsg.c.obj                  108     0         576    
       fd_add_t2.asm.obj             438     0         0      
       host_device.c.obj             0       0         400    
       fopen.c.obj                   376     0         0      
       fd_div_t2.asm.obj             310     0         0      
       fputs.c.obj                   276     0         0      
       s_scalbn.c.obj                272     0         0      
       fd_cmp_t2.asm.obj             268     0         0      
       ctype.c.obj                   0       257       0      
       fd_mul_t2.asm.obj             252     0         0      
       setvbuf.c.obj                 220     0         0      
       open.c.obj                    188     0         8      
       add_device.c.obj              184     0         8      
       memcpy_t2.asm.obj             156     0         0      
       ull_div_t2.asm.obj            150     0         0      
       fputc.c.obj                   140     0         0      
       memset_t2.asm.obj             122     0         0      
       fclose.c.obj                  116     0         0      
       getdevice.c.obj               116     0         0      
       hostopen.c.obj                96      0         16     
       printf.c.obj                  112     0         0      
       fd_tos_t2.asm.obj             110     0         0      
       hostrename.c.obj              108     0         0      
       copy_decompress_lzss.c.obj    104     0         0      
       hostlseek.c.obj               104     0         0      
       exit.c.obj                    76      0         24     
       fseek.c.obj                   100     0         0      
       s_frexp.c.obj                 100     0         0      
       _io_perm.c.obj                98      0         0      
       close.c.obj                   92      0         0      
       hostread.c.obj                88      0         0      
       hostwrite.c.obj               88      0         0      
       _ltoa.c.obj                   84      0         0      
       atoi.c.obj                    76      0         0      
       fflush.c.obj                  76      0         0      
       fd_toi_t2.asm.obj             72      0         0      
       autoinit.c.obj                68      0         0      
       hostclose.c.obj               68      0         0      
       hostunlink.c.obj              68      0         0      
       fs_tod_t2.asm.obj             56      0         0      
       strncpy.c.obj                 54      0         0      
       boot_cortex_m.c.obj           52      0         0      
       i_tofd_t2.asm.obj             46      0         0      
       unlink.c.obj                  44      0         0      
       lseek.c.obj                   40      0         0      
       write.c.obj                   40      0         0      
       memchr.c.obj                  32      0         0      
       u_tofd_t2.asm.obj             32      0         0      
       copy_zero_init.c.obj          28      0         0      
       memccpy.c.obj                 28      0         0      
       s_copysign.c.obj              26      0         0      
       strcmp.c.obj                  24      0         0      
       strchr.c.obj                  22      0         0      
       strcpy.c.obj                  20      0         0      
       strlen.c.obj                  20      0         0      
       _lock.c.obj                   2       0         16     
       wcslen.c.obj                  18      0         0      
       errno.c.obj                   8       0         8      
       copy_decompress_none.c.obj    14      0         0      
       pre_init.c.obj                4       0         0      
       div0.asm.obj                  2       0         0      
    +--+-----------------------------+-------+---------+---------+
       Total:                        11615   257       1904   
                                                              
       Heap:                         0       0         2048   
       Stack:                        0       0         2048   
       Linker Generated:             0       196       0      
    +--+-----------------------------+-------+---------+---------+
       Grand Total:                  19340   862       7140   


LINKER GENERATED COPY TABLES

__TI_cinit_table @ 00004ef8 records: 3, size/record: 8, table size: 24
	.data: load addr=00004e48, load size=00000090 bytes, run addr=200007a4, run size=00000250 bytes, compression=lzss
	.bss: load addr=00004ee8, load size=00000008 bytes, run addr=200004e8, run size=000002ba bytes, compression=zero_init
	.vtable: load addr=00004ef0, load size=00000008 bytes, run addr=20000000, run size=000000e8 bytes, compression=zero_init


LINKER GENERATED HANDLER TABLE

__TI_handler_table @ 00004ed8 records: 3, size/record: 4, table size: 12
	index: 0, handler: __TI_zero_init
	index: 1, handler: __TI_decompress_lzss
	index: 2, handler: __TI_decompress_none


GLOBAL SYMBOLS: SORTED ALPHABETICALLY BY Name 

address   name                                           
-------   ----                                           
0000183f  ADC14_IRQHandler                               
0000183f  AES256_IRQHandler                              
0000183f  BusFault_Handler                               
00004c85  C$$EXIT                                        
000046d3  C$$IO$$                                        
0000183f  COMP_E0_IRQHandler                             
0000183f  COMP_E1_IRQHandler                             
0000183f  CS_IRQHandler                                  
00001841  ControlSystem                                  
0000183f  DMA_ERR_IRQHandler                             
0000183f  DMA_INT0_IRQHandler                            
0000183f  DMA_INT1_IRQHandler                            
0000183f  DMA_INT2_IRQHandler                            
0000183f  DMA_INT3_IRQHandler                            
0000183f  DebugMon_Handler                               
0000183f  Default_Handler                                
0000183f  EUSCIA0_IRQHandler                             
0000183f  EUSCIA1_IRQHandler                             
0000183f  EUSCIA2_IRQHandler                             
0000183f  EUSCIA3_IRQHandler                             
0000183f  EUSCIB0_IRQHandler                             
0000183f  EUSCIB1_IRQHandler                             
0000183f  EUSCIB2_IRQHandler                             
0000183f  EUSCIB3_IRQHandler                             
0000183f  FLCTL_IRQHandler                               
0000183f  FPU_IRQHandler                                 
0000462f  GPIOInit                                       
00004851  GPIO_getInputPinValue                          
0000429d  GPIO_setAsInputPin                             
00003f49  GPIO_setAsInputPinWithPullUpResistor           
000045b1  GPIO_setAsOutputPin                            
000035a1  GPIO_setAsPeripheralModuleFunctionInputPin     
00003629  GPIO_setAsPeripheralModuleFunctionOutputPin    
00004939  GPIO_setOutputHighOnPin                        
00004961  GPIO_setOutputLowOnPin                         
000044a1  HOSTclose                                      
00003b65  HOSTlseek                                      
00003e31  HOSTopen                                       
00003fa1  HOSTread                                       
00003af9  HOSTrename                                     
000044e5  HOSTunlink                                     
00003ff9  HOSTwrite                                      
0000183f  HardFault_Handler                              
000006e1  I_ISR                                          
000037bd  Interrupt_enableInterrupt                      
00003e91  Interrupt_registerInterrupt                    
00004101  Interrupt_setPriority                          
20000991  LEDFL                                          
20000992  LEDFR                                          
0000183f  MemManage_Handler                              
0000183f  NMI_Handler                                    
2000095d  N_run                                          
2000095c  N_store                                        
0000183f  PCM_IRQHandler                                 
0000183f  PORT1_IRQHandler                               
0000183f  PORT2_IRQHandler                               
0000183f  PORT3_IRQHandler                               
0000183f  PORT4_IRQHandler                               
0000183f  PORT5_IRQHandler                               
0000183f  PORT6_IRQHandler                               
0000183f  PSS_IRQHandler                                 
2000079c  PW_L                                           
2000079e  PW_R                                           
0000183f  PendSV_Handler                                 
0000183f  RTC_C_IRQHandler                               
00004c4f  Reset_Handler                                  
0000183f  SVC_Handler                                    
00004c5b  SysInit                                        
0000183f  SysTick_Handler                                
000033e5  SystemInit                                     
0000183f  T32_INT1_IRQHandler                            
0000183f  T32_INT2_IRQHandler                            
0000183f  T32_INTC_IRQHandler                            
0000183f  TA0_0_IRQHandler                               
0000183f  TA0_N_IRQHandler                               
20000724  TA0_ccr                                        
200006dc  TA0cfg                                         
0000183f  TA1_0_IRQHandler                               
0000183f  TA1_N_IRQHandler                               
200006f4  TA1cfg                                         
0000183f  TA2_0_IRQHandler                               
0000183f  TA2_N_IRQHandler                               
0000183f  TA3_0_IRQHandler                               
0000183f  TA3_N_IRQHandler                               
2000070c  TA3_ccr                                        
20000734  TA3cfg                                         
00000515  Tach_ISR                                       
2000074c  Tach_L                                         
20000750  Tach_L_avg                                     
20000754  Tach_L_count                                   
200007a0  Tach_L_flag                                    
20000758  Tach_L_sum                                     
2000075c  Tach_L_sum_count                               
20000760  Tach_R                                         
20000764  Tach_R_avg                                     
20000768  Tach_R_count                                   
200007a1  Tach_R_flag                                    
2000076c  Tach_R_sum                                     
20000770  Tach_R_sum_count                               
000048e1  Timer_A_clearCaptureCompareInterrupt           
00004b6f  Timer_A_clearInterruptFlag                     
0000474d  Timer_A_configureContinuousMode                
00003bcd  Timer_A_configureUpMode                        
00004a51  Timer_A_getCaptureCompareCount                 
0000466d  Timer_A_getCaptureCompareEnabledInterruptStatus
00004989  Timer_A_getCaptureCompareInterruptStatus       
00004b3f  Timer_A_getEnabledInterruptStatus              
00004bed  Timer_A_getInterruptStatus                     
00004051  Timer_A_initCapture                            
0000424f  Timer_A_initCompare                            
00002f05  Timer_A_registerInterrupt                      
000049b1  Timer_A_setCompareValue                        
00004b85  Timer_A_startCounter                           
00004bb1  Timer_A_stopTimer                              
000026f9  UART_initModule                                
0000183f  UsageFault_Handler                             
4000480c  WDTCTL_SYM                                     
0000183f  WDT_A_IRQHandler                               
200004e8  __CIOBUF_                                      
20010000  __STACK_END                                    
00000400  __STACK_SIZE                                   
00000400  __SYSMEM_SIZE                                  
00004ef8  __TI_CINIT_Base                                
00004f10  __TI_CINIT_Limit                               
00004ed8  __TI_Handler_Table_Base                        
00004ee4  __TI_Handler_Table_Limit                       
00004529  __TI_auto_init_nobinit_nopinit                 
00004781  __TI_cleanup                                   
200009cc  __TI_cleanup_ptr                               
00003939  __TI_closefile                                 
00003c35  __TI_decompress_lzss                           
00004c33  __TI_decompress_none                           
000042e9  __TI_doflush                                   
200009d0  __TI_dtors_ptr                                 
200009d4  __TI_enable_exit_profile_output                
200009bc  __TI_ft_end                                    
00004155  __TI_ltoa                                      
ffffffff  __TI_pprof_out_hndl                            
00000df1  __TI_printfi                                   
ffffffff  __TI_prof_data_size                            
ffffffff  __TI_prof_data_start                           
000047b5  __TI_readmsg                                   
00000000  __TI_static_base__                             
20000608  __TI_tmpnams                                   
000046a5  __TI_writemsg                                  
00003dcd  __TI_wrt_ok                                    
00004ad1  __TI_zero_init_nomemset                        
000036b1  __aeabi_cdcmpeq                                
000036b1  __aeabi_cdcmple                                
00003737  __aeabi_cdrcmple                               
00003a8b  __aeabi_d2f                                    
00004411  __aeabi_d2iz                                   
0000206f  __aeabi_dadd                                   
0000249d  __aeabi_ddiv                                   
00002c49  __aeabi_dmul                                   
00002065  __aeabi_dsub                                   
00004c69  __aeabi_errno_addr                             
000046dd  __aeabi_f2d                                    
000048b1  __aeabi_i2d                                    
000025d3  __aeabi_idiv0                                  
000025d3  __aeabi_ldiv0                                  
000038bd  __aeabi_memclr                                 
000038bd  __aeabi_memclr4                                
000038bd  __aeabi_memclr8                                
00003349  __aeabi_memcpy                                 
00003349  __aeabi_memcpy4                                
00003349  __aeabi_memcpy8                                
000038bf  __aeabi_memset                                 
000038bf  __aeabi_memset4                                
000038bf  __aeabi_memset8                                
200009c8  __aeabi_stderr                                 
200009c0  __aeabi_stdin                                  
200009c4  __aeabi_stdout                                 
00004a93  __aeabi_ui2d                                   
0000347d  __aeabi_uldivmod                               
ffffffff  __binit__                                      
ffffffff  __c_args__                                     
UNDEFED   __mpu_init                                     
2000fc00  __stack                                        
20000000  __start___llvm_prf_cnts                        
20000000  __stop___llvm_prf_cnts                         
000047e9  _c_int00_noargs                                
00004c88  _ctypes_                                       
20000894  _device                                        
200007a4  _ftable                                        
200009d8  _lock                                          
0000221b  _nop                                           
2000090c  _stream                                        
200000e8  _sys_memory                                    
UNDEFED   _system_post_cinit                             
00004c81  _system_pre_init                               
200009dc  _unlock                                        
00004c85  abort                                          
00003095  add_device                                     
00002b49  aligned_alloc                                  
00004335  atoi                                           
ffffffff  binit                                          
00000b7d  calc_Segment                                   
000001f3  checkGPIO                                      
00000141  clear_Sequence                                 
00003eed  close                                          
20000774  cmp_L_count                                    
20000778  cmp_L_total                                    
2000077c  cmp_R_count                                    
20000780  cmp_R_total                                    
00004b25  copysign                                       
00004b25  copysignl                                      
20000784  d_scale_L                                      
20000788  d_scale_R                                      
00004ab5  dclose                                         
20000964  desired_distance                               
2000096a  desired_speed                                  
2000096c  desired_speed_L                                
20000970  desired_speed_L_mod                            
2000096e  desired_speed_R                                
20000972  desired_speed_R_mod                            
2000097c  diff_speed                                     
20000980  dir_L                                          
20000984  dir_R                                          
2000078c  distance_L                                     
20000790  distance_R                                     
00004bff  dlseek                                         
0000383d  dopen                                          
000041a9  dread                                          
00004c23  drename                                        
00004c41  dunlink                                        
00004381  dwrite                                         
200009ec  errno                                          
20000794  error_sum_L                                    
20000994  error_sum_L_base                               
20000798  error_sum_R                                    
200009a8  error_sum_R_base                               
000043c9  exit                                           
00004881  finddevice                                     
00003515  fputc                                          
00002815  fputs                                          
00002d45  free                                           
0000481d  freopen                                        
00003d05  frexp                                          
00003d05  frexpl                                         
00003d69  fseek                                          
20000000  g_pfnRAMVectors                                
000001d5  get_SequenceLength                             
0000456d  getdevice                                      
20000990  ignore_error                                   
000000e5  init_Sequence                                  
00003201  init_motor_PWM                                 
000032ad  init_std_uart                                  
00000000  interruptVectors                               
2000098c  ki                                             
20000988  kp_dist                                        
000001db  lab1_GPIOInit                                  
000002e1  lab1_TimerInit                                 
00002a39  ldexp                                          
00002a39  ldexpl                                         
00004a01  lseek                                          
00004459  main                                           
00004c71  malloc                                         
20000978  max_diff_speed                                 
20000974  max_speed                                      
00002b49  memalign                                       
00004b09  memccpy                                        
00004a73  memchr                                         
00003349  memcpy                                         
000038c5  memset                                         
20000976  min_speed                                      
00002fd9  open                                           
20000744  parmbuf                                        
00000149  pop_Segment                                    
00003c9d  printf                                         
00003515  putc                                           
000000f7  record_Segment                                 
0000490d  remove                                         
0000015f  run_Sequence                                   
20000968  run_control                                    
2000095e  running                                        
00002a39  scalbn                                         
00002a39  scalbnl                                        
200006a8  segments                                       
00002e29  setvbuf                                        
000001af  status_Segment                                 
000001c5  status_Sequence                                
00000d3b  stop                                           
20000960  stop_counts                                    
00004b9b  strchr                                         
00004b57  strcmp                                         
00004bc5  strcpy                                         
00004bd9  strlen                                         
00004715  strncpy                                        
2000095f  timer_counts                                   
20000993  toggle                                         
0000490d  unlink                                         
00004c11  wcslen                                         
00004a29  write                                          


GLOBAL SYMBOLS: SORTED BY Symbol Address 

address   name                                           
-------   ----                                           
00000000  __TI_static_base__                             
00000000  interruptVectors                               
000000e5  init_Sequence                                  
000000f7  record_Segment                                 
00000141  clear_Sequence                                 
00000149  pop_Segment                                    
0000015f  run_Sequence                                   
000001af  status_Segment                                 
000001c5  status_Sequence                                
000001d5  get_SequenceLength                             
000001db  lab1_GPIOInit                                  
000001f3  checkGPIO                                      
000002e1  lab1_TimerInit                                 
00000400  __STACK_SIZE                                   
00000400  __SYSMEM_SIZE                                  
00000515  Tach_ISR                                       
000006e1  I_ISR                                          
00000b7d  calc_Segment                                   
00000d3b  stop                                           
00000df1  __TI_printfi                                   
0000183f  ADC14_IRQHandler                               
0000183f  AES256_IRQHandler                              
0000183f  BusFault_Handler                               
0000183f  COMP_E0_IRQHandler                             
0000183f  COMP_E1_IRQHandler                             
0000183f  CS_IRQHandler                                  
0000183f  DMA_ERR_IRQHandler                             
0000183f  DMA_INT0_IRQHandler                            
0000183f  DMA_INT1_IRQHandler                            
0000183f  DMA_INT2_IRQHandler                            
0000183f  DMA_INT3_IRQHandler                            
0000183f  DebugMon_Handler                               
0000183f  Default_Handler                                
0000183f  EUSCIA0_IRQHandler                             
0000183f  EUSCIA1_IRQHandler                             
0000183f  EUSCIA2_IRQHandler                             
0000183f  EUSCIA3_IRQHandler                             
0000183f  EUSCIB0_IRQHandler                             
0000183f  EUSCIB1_IRQHandler                             
0000183f  EUSCIB2_IRQHandler                             
0000183f  EUSCIB3_IRQHandler                             
0000183f  FLCTL_IRQHandler                               
0000183f  FPU_IRQHandler                                 
0000183f  HardFault_Handler                              
0000183f  MemManage_Handler                              
0000183f  NMI_Handler                                    
0000183f  PCM_IRQHandler                                 
0000183f  PORT1_IRQHandler                               
0000183f  PORT2_IRQHandler                               
0000183f  PORT3_IRQHandler                               
0000183f  PORT4_IRQHandler                               
0000183f  PORT5_IRQHandler                               
0000183f  PORT6_IRQHandler                               
0000183f  PSS_IRQHandler                                 
0000183f  PendSV_Handler                                 
0000183f  RTC_C_IRQHandler                               
0000183f  SVC_Handler                                    
0000183f  SysTick_Handler                                
0000183f  T32_INT1_IRQHandler                            
0000183f  T32_INT2_IRQHandler                            
0000183f  T32_INTC_IRQHandler                            
0000183f  TA0_0_IRQHandler                               
0000183f  TA0_N_IRQHandler                               
0000183f  TA1_0_IRQHandler                               
0000183f  TA1_N_IRQHandler                               
0000183f  TA2_0_IRQHandler                               
0000183f  TA2_N_IRQHandler                               
0000183f  TA3_0_IRQHandler                               
0000183f  TA3_N_IRQHandler                               
0000183f  UsageFault_Handler                             
0000183f  WDT_A_IRQHandler                               
00001841  ControlSystem                                  
00002065  __aeabi_dsub                                   
0000206f  __aeabi_dadd                                   
0000221b  _nop                                           
0000249d  __aeabi_ddiv                                   
000025d3  __aeabi_idiv0                                  
000025d3  __aeabi_ldiv0                                  
000026f9  UART_initModule                                
00002815  fputs                                          
00002a39  ldexp                                          
00002a39  ldexpl                                         
00002a39  scalbn                                         
00002a39  scalbnl                                        
00002b49  aligned_alloc                                  
00002b49  memalign                                       
00002c49  __aeabi_dmul                                   
00002d45  free                                           
00002e29  setvbuf                                        
00002f05  Timer_A_registerInterrupt                      
00002fd9  open                                           
00003095  add_device                                     
00003201  init_motor_PWM                                 
000032ad  init_std_uart                                  
00003349  __aeabi_memcpy                                 
00003349  __aeabi_memcpy4                                
00003349  __aeabi_memcpy8                                
00003349  memcpy                                         
000033e5  SystemInit                                     
0000347d  __aeabi_uldivmod                               
00003515  fputc                                          
00003515  putc                                           
000035a1  GPIO_setAsPeripheralModuleFunctionInputPin     
00003629  GPIO_setAsPeripheralModuleFunctionOutputPin    
000036b1  __aeabi_cdcmpeq                                
000036b1  __aeabi_cdcmple                                
00003737  __aeabi_cdrcmple                               
000037bd  Interrupt_enableInterrupt                      
0000383d  dopen                                          
000038bd  __aeabi_memclr                                 
000038bd  __aeabi_memclr4                                
000038bd  __aeabi_memclr8                                
000038bf  __aeabi_memset                                 
000038bf  __aeabi_memset4                                
000038bf  __aeabi_memset8                                
000038c5  memset                                         
00003939  __TI_closefile                                 
00003a8b  __aeabi_d2f                                    
00003af9  HOSTrename                                     
00003b65  HOSTlseek                                      
00003bcd  Timer_A_configureUpMode                        
00003c35  __TI_decompress_lzss                           
00003c9d  printf                                         
00003d05  frexp                                          
00003d05  frexpl                                         
00003d69  fseek                                          
00003dcd  __TI_wrt_ok                                    
00003e31  HOSTopen                                       
00003e91  Interrupt_registerInterrupt                    
00003eed  close                                          
00003f49  GPIO_setAsInputPinWithPullUpResistor           
00003fa1  HOSTread                                       
00003ff9  HOSTwrite                                      
00004051  Timer_A_initCapture                            
00004101  Interrupt_setPriority                          
00004155  __TI_ltoa                                      
000041a9  dread                                          
0000424f  Timer_A_initCompare                            
0000429d  GPIO_setAsInputPin                             
000042e9  __TI_doflush                                   
00004335  atoi                                           
00004381  dwrite                                         
000043c9  exit                                           
00004411  __aeabi_d2iz                                   
00004459  main                                           
000044a1  HOSTclose                                      
000044e5  HOSTunlink                                     
00004529  __TI_auto_init_nobinit_nopinit                 
0000456d  getdevice                                      
000045b1  GPIO_setAsOutputPin                            
0000462f  GPIOInit                                       
0000466d  Timer_A_getCaptureCompareEnabledInterruptStatus
000046a5  __TI_writemsg                                  
000046d3  C$$IO$$                                        
000046dd  __aeabi_f2d                                    
00004715  strncpy                                        
0000474d  Timer_A_configureContinuousMode                
00004781  __TI_cleanup                                   
000047b5  __TI_readmsg                                   
000047e9  _c_int00_noargs                                
0000481d  freopen                                        
00004851  GPIO_getInputPinValue                          
00004881  finddevice                                     
000048b1  __aeabi_i2d                                    
000048e1  Timer_A_clearCaptureCompareInterrupt           
0000490d  remove                                         
0000490d  unlink                                         
00004939  GPIO_setOutputHighOnPin                        
00004961  GPIO_setOutputLowOnPin                         
00004989  Timer_A_getCaptureCompareInterruptStatus       
000049b1  Timer_A_setCompareValue                        
00004a01  lseek                                          
00004a29  write                                          
00004a51  Timer_A_getCaptureCompareCount                 
00004a73  memchr                                         
00004a93  __aeabi_ui2d                                   
00004ab5  dclose                                         
00004ad1  __TI_zero_init_nomemset                        
00004b09  memccpy                                        
00004b25  copysign                                       
00004b25  copysignl                                      
00004b3f  Timer_A_getEnabledInterruptStatus              
00004b57  strcmp                                         
00004b6f  Timer_A_clearInterruptFlag                     
00004b85  Timer_A_startCounter                           
00004b9b  strchr                                         
00004bb1  Timer_A_stopTimer                              
00004bc5  strcpy                                         
00004bd9  strlen                                         
00004bed  Timer_A_getInterruptStatus                     
00004bff  dlseek                                         
00004c11  wcslen                                         
00004c23  drename                                        
00004c33  __TI_decompress_none                           
00004c41  dunlink                                        
00004c4f  Reset_Handler                                  
00004c5b  SysInit                                        
00004c69  __aeabi_errno_addr                             
00004c71  malloc                                         
00004c81  _system_pre_init                               
00004c85  C$$EXIT                                        
00004c85  abort                                          
00004c88  _ctypes_                                       
00004ed8  __TI_Handler_Table_Base                        
00004ee4  __TI_Handler_Table_Limit                       
00004ef8  __TI_CINIT_Base                                
00004f10  __TI_CINIT_Limit                               
20000000  __start___llvm_prf_cnts                        
20000000  __stop___llvm_prf_cnts                         
20000000  g_pfnRAMVectors                                
200000e8  _sys_memory                                    
200004e8  __CIOBUF_                                      
20000608  __TI_tmpnams                                   
200006a8  segments                                       
200006dc  TA0cfg                                         
200006f4  TA1cfg                                         
2000070c  TA3_ccr                                        
20000724  TA0_ccr                                        
20000734  TA3cfg                                         
20000744  parmbuf                                        
2000074c  Tach_L                                         
20000750  Tach_L_avg                                     
20000754  Tach_L_count                                   
20000758  Tach_L_sum                                     
2000075c  Tach_L_sum_count                               
20000760  Tach_R                                         
20000764  Tach_R_avg                                     
20000768  Tach_R_count                                   
2000076c  Tach_R_sum                                     
20000770  Tach_R_sum_count                               
20000774  cmp_L_count                                    
20000778  cmp_L_total                                    
2000077c  cmp_R_count                                    
20000780  cmp_R_total                                    
20000784  d_scale_L                                      
20000788  d_scale_R                                      
2000078c  distance_L                                     
20000790  distance_R                                     
20000794  error_sum_L                                    
20000798  error_sum_R                                    
2000079c  PW_L                                           
2000079e  PW_R                                           
200007a0  Tach_L_flag                                    
200007a1  Tach_R_flag                                    
200007a4  _ftable                                        
20000894  _device                                        
2000090c  _stream                                        
2000095c  N_store                                        
2000095d  N_run                                          
2000095e  running                                        
2000095f  timer_counts                                   
20000960  stop_counts                                    
20000964  desired_distance                               
20000968  run_control                                    
2000096a  desired_speed                                  
2000096c  desired_speed_L                                
2000096e  desired_speed_R                                
20000970  desired_speed_L_mod                            
20000972  desired_speed_R_mod                            
20000974  max_speed                                      
20000976  min_speed                                      
20000978  max_diff_speed                                 
2000097c  diff_speed                                     
20000980  dir_L                                          
20000984  dir_R                                          
20000988  kp_dist                                        
2000098c  ki                                             
20000990  ignore_error                                   
20000991  LEDFL                                          
20000992  LEDFR                                          
20000993  toggle                                         
20000994  error_sum_L_base                               
200009a8  error_sum_R_base                               
200009bc  __TI_ft_end                                    
200009c0  __aeabi_stdin                                  
200009c4  __aeabi_stdout                                 
200009c8  __aeabi_stderr                                 
200009cc  __TI_cleanup_ptr                               
200009d0  __TI_dtors_ptr                                 
200009d4  __TI_enable_exit_profile_output                
200009d8  _lock                                          
200009dc  _unlock                                        
200009ec  errno                                          
2000fc00  __stack                                        
20010000  __STACK_END                                    
4000480c  WDTCTL_SYM                                     
ffffffff  __TI_pprof_out_hndl                            
ffffffff  __TI_prof_data_size                            
ffffffff  __TI_prof_data_start                           
ffffffff  __binit__                                      
ffffffff  __c_args__                                     
ffffffff  binit                                          
UNDEFED   __mpu_init                                     
UNDEFED   _system_post_cinit                             

[294 symbols]
