******************************************************************************
                  TI ARM Linker PC v20.2.7                     
******************************************************************************
>> Linked Mon Oct 23 14:18:42 2023

OUTPUT FILE NAME:   <TemplateProject.out>
ENTRY POINT SYMBOL: "_c_int00_noargs"  address: 000034fd


MEMORY CONFIGURATION

         name            origin    length      used     unused   attr    fill
----------------------  --------  ---------  --------  --------  ----  --------
  MAIN                  00000000   00040000  00003af1  0003c50f  R  X
  INFO                  00200000   00004000  00000000  00004000  R  X
  SRAM_CODE             01000000   00010000  00000cd7  0000f329  RW X
  SRAM_DATA             20000000   00010000  00000cd7  0000f329  RW  


SEGMENT ALLOCATION MAP

run origin  load origin   length   init length attrs members
----------  ----------- ---------- ----------- ----- -------
00000000    00000000    00003af8   00003af8    r-x
  00000000    00000000    000000e4   000000e4    r-- .intvecs
  000000e4    000000e4    00003804   00003804    r-x .text
  000038e8    000038e8    00000169   00000169    r-- .const
  00003a58    00003a58    000000a0   000000a0    r-- .cinit
20000000    20000000    000008d8   00000000    rw-
  20000000    20000000    000000e8   00000000    rw- .vtable
  200000e8    200000e8    00000400   00000000    rw- .sysmem
  200004e8    200004e8    000001ff   00000000    rw- .bss
  200006e8    200006e8    000001f0   00000000    rw- .data
2000fc00    2000fc00    00000400   00000000    rw-
  2000fc00    2000fc00    00000400   00000000    rw- .stack


SECTION ALLOCATION MAP

 output                                  attributes/
section   page    origin      length       input sections
--------  ----  ----------  ----------   ----------------
.intvecs   0    00000000    000000e4     
                  00000000    000000e4     startup_msp432p401r_ccs.obj (.intvecs:retain)

.text      0    000000e4    00003804     
                  000000e4    00000a4e     rtsv7M4_T_le_v4SPD16_eabi.lib : _printfi.c.obj (.text:__TI_printfi)
                  00000b32    00000002     startup_msp432p401r_ccs.obj (.text:Default_Handler)
                  00000b34    00000270     rtsv7M4_T_le_v4SPD16_eabi.lib : _printfi.c.obj (.text:_pconv_a)
                  00000da4    000001d0                                   : _printfi.c.obj (.text:_pconv_g)
                  00000f74    000001b6                                   : fd_add_t2.asm.obj (.text)
                  0000112a    00000002                                   : _lock.c.obj (.text:_nop)
                  0000112c    00000144     msp432p4xx_driverlib.lib : timer_a.o (.text:privateTimer_AProcessClockSourceDivider)
                  00001270    0000013c     rtsv7M4_T_le_v4SPD16_eabi.lib : _printfi.c.obj (.text:_pconv_e)
                  000013ac    00000138     main.obj (.text:main)
                  000014e4    00000136     rtsv7M4_T_le_v4SPD16_eabi.lib : fd_div_t2.asm.obj (.text)
                  0000161a    00000002                                   : div0.asm.obj (.text)
                  0000161c    00000124                                   : _printfi.c.obj (.text:fcvt)
                  00001740    0000011c     msp432p4xx_driverlib.lib : uart.o (.text:UART_initModule)
                  0000185c    00000114     rtsv7M4_T_le_v4SPD16_eabi.lib : fputs.c.obj (.text:fputs)
                  00001970    00000110                                   : fopen.c.obj (.text:_openfile)
                  00001a80    00000110                                   : s_scalbn.c.obj (.text:scalbn)
                  00001b90    00000100                                   : memory.c.obj (.text:aligned_alloc)
                  00001c90    000000fc                                   : fd_mul_t2.asm.obj (.text)
                  00001d8c    000000e4                                   : memory.c.obj (.text:free)
                  00001e70    000000dc                                   : setvbuf.c.obj (.text:setvbuf)
                  00001f4c    000000d2     msp432p4xx_driverlib.lib : timer_a.o (.text:Timer_A_registerInterrupt)
                  0000201e    00000002     --HOLE-- [fill = 0]
                  00002020    000000bc     rtsv7M4_T_le_v4SPD16_eabi.lib : open.c.obj (.text:open)
                  000020dc    000000b8                                   : add_device.c.obj (.text:add_device)
                  00002194    000000b1                                   : _printfi.c.obj (.text:_ltostr)
                  00002245    00000003     --HOLE-- [fill = 0]
                  00002248    0000009c     engr2350_msp432.obj (.text:init_std_uart)
                  000022e4    0000009c     rtsv7M4_T_le_v4SPD16_eabi.lib : memcpy_t2.asm.obj (.text)
                  00002380    00000098     system_msp432p401r.obj (.text:SystemInit)
                  00002418    00000098     main.obj (.text:Timer_Init)
                  000024b0    00000096     rtsv7M4_T_le_v4SPD16_eabi.lib : ull_div_t2.asm.obj (.text)
                  00002546    00000002     --HOLE-- [fill = 0]
                  00002548    0000008c                                   : fputc.c.obj (.text:fputc)
                  000025d4    00000088     msp432p4xx_driverlib.lib : gpio.o (.text:GPIO_setAsPeripheralModuleFunctionInputPin)
                  0000265c    00000086     rtsv7M4_T_le_v4SPD16_eabi.lib : fd_cmp_t2.asm.obj (.text:__aeabi_cdcmple)
                  000026e2    00000086                                   : fd_cmp_t2.asm.obj (.text:__aeabi_cdrcmple)
                  00002768    00000080     msp432p4xx_driverlib.lib : interrupt.o (.text:Interrupt_enableInterrupt)
                  000027e8    00000080     engr2350_msp432.obj (.text:dopen)
                  00002868    0000007c     main.obj (.text:Encoder_ISR)
                  000028e4    0000007a     rtsv7M4_T_le_v4SPD16_eabi.lib : memset_t2.asm.obj (.text)
                  0000295e    00000002     --HOLE-- [fill = 0]
                  00002960    00000074                                   : fclose.c.obj (.text:__TI_closefile)
                  000029d4    00000070                                   : memory.c.obj (.text:split)
                  00002a44    0000006e                                   : _printfi.c.obj (.text:_mcpy)
                  00002ab2    00000002     --HOLE-- [fill = 0]
                  00002ab4    0000006c                                   : hostrename.c.obj (.text:HOSTrename)
                  00002b20    00000068                                   : hostlseek.c.obj (.text:HOSTlseek)
                  00002b88    00000068                                   : copy_decompress_lzss.c.obj (.text:decompress:lzss:__TI_decompress_lzss)
                  00002bf0    00000068                                   : printf.c.obj (.text:printf)
                  00002c58    00000064                                   : s_frexp.c.obj (.text:frexp)
                  00002cbc    00000064                                   : fseek.c.obj (.text:fseek)
                  00002d20    00000062                                   : _io_perm.c.obj (.text:__TI_wrt_ok)
                  00002d82    00000002     --HOLE-- [fill = 0]
                  00002d84    00000060                                   : hostopen.c.obj (.text:HOSTopen)
                  00002de4    0000005c     msp432p4xx_driverlib.lib : interrupt.o (.text:Interrupt_registerInterrupt)
                  00002e40    0000005c     rtsv7M4_T_le_v4SPD16_eabi.lib : close.c.obj (.text:close)
                  00002e9c    00000058                                   : hostread.c.obj (.text:HOSTread)
                  00002ef4    00000058                                   : hostwrite.c.obj (.text:HOSTwrite)
                  00002f4c    00000058     msp432p4xx_driverlib.lib : timer_a.o (.text:Timer_A_initCapture)
                  00002fa4    00000056     rtsv7M4_T_le_v4SPD16_eabi.lib : _printfi.c.obj (.text:_pconv_f)
                  00002ffa    00000054                                   : _ltoa.c.obj (.text:__TI_ltoa)
                  0000304e    00000002     --HOLE-- [fill = 0]
                  00003050    00000054     engr2350_msp432.obj (.text:dread)
                  000030a4    00000052     rtsv7M4_T_le_v4SPD16_eabi.lib : _printfi.c.obj (.text:_ecpy)
                  000030f6    0000004c                                   : fflush.c.obj (.text:__TI_doflush)
                  00003142    00000002     --HOLE-- [fill = 0]
                  00003144    0000004c                                   : atoi.c.obj (.text:atoi)
                  00003190    00000048     engr2350_msp432.obj (.text:dwrite)
                  000031d8    00000048     rtsv7M4_T_le_v4SPD16_eabi.lib : exit.c.obj (.text:exit)
                  00003220    00000048                                   : fd_toi_t2.asm.obj (.text)
                  00003268    00000044                                   : hostclose.c.obj (.text:HOSTclose)
                  000032ac    00000044                                   : hostunlink.c.obj (.text:HOSTunlink)
                  000032f0    00000044                                   : autoinit.c.obj (.text:__TI_auto_init_nobinit_nopinit:__TI_auto_init_nobinit_nopinit)
                  00003334    00000044                                   : getdevice.c.obj (.text:getdevice)
                  00003378    0000003e                                   : _printfi.c.obj (.text:_fcpy)
                  000033b6    00000002     --HOLE-- [fill = 0]
                  000033b8    00000038     msp432p4xx_driverlib.lib : timer_a.o (.text:Timer_A_getCaptureCompareEnabledInterruptStatus)
                  000033f0    00000038     rtsv7M4_T_le_v4SPD16_eabi.lib : trgmsg.c.obj (.text:__TI_writemsg)
                  00003428    00000036                                   : strncpy.c.obj (.text:strncpy)
                  0000345e    00000002     --HOLE-- [fill = 0]
                  00003460    00000034     msp432p4xx_driverlib.lib : timer_a.o (.text:Timer_A_configureContinuousMode)
                  00003494    00000034     rtsv7M4_T_le_v4SPD16_eabi.lib : fopen.c.obj (.text:__TI_cleanup)
                  000034c8    00000034                                   : trgmsg.c.obj (.text:__TI_readmsg)
                  000034fc    00000034                                   : boot_cortex_m.c.obj (.text:_c_int00_noargs:_c_int00_noargs)
                  00003530    00000034                                   : fopen.c.obj (.text:freopen)
                  00003564    00000030                                   : getdevice.c.obj (.text:finddevice)
                  00003594    0000002e                                   : i_tofd_t2.asm.obj (.text)
                  000035c2    00000002     --HOLE-- [fill = 0]
                  000035c4    0000002c     msp432p4xx_driverlib.lib : timer_a.o (.text:Timer_A_clearCaptureCompareInterrupt)
                  000035f0    0000002c     rtsv7M4_T_le_v4SPD16_eabi.lib : unlink.c.obj (.text:unlink)
                  0000361c    00000028     msp432p4xx_driverlib.lib : timer_a.o (.text:Timer_A_getCaptureCompareInterruptStatus)
                  00003644    00000028     rtsv7M4_T_le_v4SPD16_eabi.lib : memory.c.obj (.text:free_list_insert)
                  0000366c    00000028                                   : lseek.c.obj (.text:lseek)
                  00003694    00000028                                   : write.c.obj (.text:write)
                  000036bc    00000022     msp432p4xx_driverlib.lib : timer_a.o (.text:Timer_A_getCaptureCompareCount)
                  000036de    00000020     rtsv7M4_T_le_v4SPD16_eabi.lib : memchr.c.obj (.text:memchr)
                  000036fe    00000020                                   : u_tofd_t2.asm.obj (.text)
                  0000371e    00000002     --HOLE-- [fill = 0]
                  00003720    0000001c     engr2350_msp432.obj (.text:dclose)
                  0000373c    0000001c     rtsv7M4_T_le_v4SPD16_eabi.lib : copy_zero_init.c.obj (.text:decompress:ZI:__TI_zero_init_nomemset:__TI_zero_init_nomemset)
                  00003758    0000001c                                   : memory.c.obj (.text:free_list_remove)
                  00003774    0000001c                                   : memccpy.c.obj (.text:memccpy)
                  00003790    0000001a                                   : s_copysign.c.obj (.text:copysign)
                  000037aa    00000018     msp432p4xx_driverlib.lib : timer_a.o (.text:Timer_A_getEnabledInterruptStatus)
                  000037c2    00000018     rtsv7M4_T_le_v4SPD16_eabi.lib : strcmp.c.obj (.text:strcmp)
                  000037da    00000016     msp432p4xx_driverlib.lib : timer_a.o (.text:Timer_A_clearInterruptFlag)
                  000037f0    00000016                              : timer_a.o (.text:Timer_A_startCounter)
                  00003806    00000016     rtsv7M4_T_le_v4SPD16_eabi.lib : strchr.c.obj (.text:strchr)
                  0000381c    00000014                                   : strcpy.c.obj (.text:strcpy)
                  00003830    00000014                                   : strlen.c.obj (.text:strlen)
                  00003844    00000012     msp432p4xx_driverlib.lib : timer_a.o (.text:Timer_A_getInterruptStatus)
                  00003856    00000012     engr2350_msp432.obj (.text:dlseek)
                  00003868    00000012     rtsv7M4_T_le_v4SPD16_eabi.lib : wcslen.c.obj (.text:wcslen)
                  0000387a    00000010     engr2350_msp432.obj (.text:drename)
                  0000388a    0000000e     main.obj (.text:GPIO_Init)
                  00003898    0000000e     rtsv7M4_T_le_v4SPD16_eabi.lib : copy_decompress_none.c.obj (.text:decompress:none:__TI_decompress_none)
                  000038a6    0000000e     engr2350_msp432.obj (.text:dunlink)
                  000038b4    0000000c     startup_msp432p401r_ccs.obj (.text:Reset_Handler)
                  000038c0    00000008     engr2350_msp432.obj (.text:SysInit)
                  000038c8    00000008     rtsv7M4_T_le_v4SPD16_eabi.lib : errno.c.obj (.text:__aeabi_errno_addr)
                  000038d0    00000008                                   : memory.c.obj (.text:malloc)
                  000038d8    00000004                                   : printf.c.obj (.text:_outc)
                  000038dc    00000004                                   : printf.c.obj (.text:_outs)
                  000038e0    00000004                                   : pre_init.c.obj (.text:_system_pre_init)
                  000038e4    00000004                                   : exit.c.obj (.text:abort:abort)

.const     0    000038e8    00000169     
                  000038e8    00000101     rtsv7M4_T_le_v4SPD16_eabi.lib : ctype.c.obj (.const:.string:_ctypes_)
                  000039e9    00000003     --HOLE-- [fill = 0]
                  000039ec    00000030     msp432p4xx_driverlib.lib : gpio.o (.const:GPIO_PORT_TO_BASE)
                  00003a1c    00000028     engr2350_msp432.obj (.const:$P$T1$2)
                  00003a44    00000008     msp432p4xx_driverlib.lib : interrupt.o (.const:g_pulEnRegs)
                  00003a4c    00000005     engr2350_msp432.obj (.const:.string:$P$T0$1)

.cinit     0    00003a58    000000a0     
                  00003a58    00000069     (.cinit..data.load) [load image, compression = lzss]
                  00003ac1    00000003     --HOLE-- [fill = 0]
                  00003ac4    0000000c     (__TI_handler_table)
                  00003ad0    00000008     (.cinit..bss.load) [load image, compression = zero_init]
                  00003ad8    00000008     (.cinit..vtable.load) [load image, compression = zero_init]
                  00003ae0    00000018     (__TI_cinit_table)

.init_array 
*          0    00000000    00000000     UNINITIALIZED

.binit     0    00000000    00000000     

.vtable    0    20000000    000000e8     UNINITIALIZED
                  20000000    000000e8     msp432p4xx_driverlib.lib : interrupt.o (.vtable)

.sysmem    0    200000e8    00000400     UNINITIALIZED
                  200000e8    00000010     rtsv7M4_T_le_v4SPD16_eabi.lib : memory.c.obj (.sysmem)
                  200000f8    000003f0     --HOLE--

.bss       0    200004e8    000001ff     UNINITIALIZED
                  200004e8    00000120     rtsv7M4_T_le_v4SPD16_eabi.lib : trgmsg.c.obj (.bss:_CIOBUF_)
                  20000608    000000a0     (.common:__TI_tmpnams)
                  200006a8    00000018     (.common:CCR0)
                  200006c0    00000010     (.common:timer_config)
                  200006d0    00000008     (.common:parmbuf)
                  200006d8    00000004     (.common:enc_counts)
                  200006dc    00000004     (.common:enc_counts_track)
                  200006e0    00000004     (.common:enc_total)
                  200006e4    00000002     (.common:capture_value)
                  200006e6    00000001     (.common:enc_flag)

.data      0    200006e8    000001f0     UNINITIALIZED
                  200006e8    000000f0     rtsv7M4_T_le_v4SPD16_eabi.lib : defs.c.obj (.data:_ftable)
                  200007d8    00000078                                   : host_device.c.obj (.data:_device)
                  20000850    00000050                                   : host_device.c.obj (.data:_stream)
                  200008a0    00000010                                   : defs.c.obj (.data)
                  200008b0    0000000c                                   : exit.c.obj (.data:$O1$$)
                  200008bc    00000008                                   : _lock.c.obj (.data:$O1$$)
                  200008c4    00000008                                   : memory.c.obj (.data:$O1$$)
                  200008cc    00000004                                   : add_device.c.obj (.data)
                  200008d0    00000004                                   : errno.c.obj (.data)
                  200008d4    00000004                                   : open.c.obj (.data)

.stack     0    2000fc00    00000400     UNINITIALIZED
                  2000fc00    00000004     rtsv7M4_T_le_v4SPD16_eabi.lib : boot_cortex_m.c.obj (.stack)
                  2000fc04    000003fc     --HOLE--

__llvm_prf_cnts 
*          0    20000000    00000000     UNINITIALIZED

MODULE SUMMARY

       Module                        code    ro data   rw data
       ------                        ----    -------   -------
    .\
       main.obj                      602     0         110    
    +--+-----------------------------+-------+---------+---------+
       Total:                        602     0         110    
                                                              
    .\src\
       engr2350_msp432.obj           524     45        0      
       startup_msp432p401r_ccs.obj   14      228       0      
       system_msp432p401r.obj        152     0         0      
    +--+-----------------------------+-------+---------+---------+
       Total:                        690     273       0      
                                                              
    C:/ti/simplelink_msp432p4_sdk_3_40_01_02/source/ti/devices/msp432p4xx/driverlib/ccs/msp432p4xx_driverlib.lib
       timer_a.o                     934     0         0      
       interrupt.o                   220     8         464    
       uart.o                        284     0         0      
       gpio.o                        136     48        0      
    +--+-----------------------------+-------+---------+---------+
       Total:                        1574    56        464    
                                                              
    C:\ti\ccs1240\ccs\tools\compiler\ti-cgt-arm_20.2.7.LTS\lib\rtsv7M4_T_le_v4SPD16_eabi.lib
       _printfi.c.obj                4851    0         0      
       defs.c.obj                    0       0         832    
       memory.c.obj                  672     0         16     
       trgmsg.c.obj                  108     0         576    
       fd_add_t2.asm.obj             438     0         0      
       host_device.c.obj             0       0         400    
       fopen.c.obj                   376     0         0      
       fd_div_t2.asm.obj             310     0         0      
       fputs.c.obj                   276     0         0      
       s_scalbn.c.obj                272     0         0      
       fd_cmp_t2.asm.obj             268     0         0      
       ctype.c.obj                   0       257       0      
       fd_mul_t2.asm.obj             252     0         0      
       setvbuf.c.obj                 220     0         0      
       open.c.obj                    188     0         8      
       add_device.c.obj              184     0         8      
       memcpy_t2.asm.obj             156     0         0      
       ull_div_t2.asm.obj            150     0         0      
       fputc.c.obj                   140     0         0      
       memset_t2.asm.obj             122     0         0      
       fclose.c.obj                  116     0         0      
       getdevice.c.obj               116     0         0      
       hostopen.c.obj                96      0         16     
       printf.c.obj                  112     0         0      
       hostrename.c.obj              108     0         0      
       copy_decompress_lzss.c.obj    104     0         0      
       hostlseek.c.obj               104     0         0      
       exit.c.obj                    76      0         24     
       fseek.c.obj                   100     0         0      
       s_frexp.c.obj                 100     0         0      
       _io_perm.c.obj                98      0         0      
       close.c.obj                   92      0         0      
       hostread.c.obj                88      0         0      
       hostwrite.c.obj               88      0         0      
       _ltoa.c.obj                   84      0         0      
       atoi.c.obj                    76      0         0      
       fflush.c.obj                  76      0         0      
       fd_toi_t2.asm.obj             72      0         0      
       autoinit.c.obj                68      0         0      
       hostclose.c.obj               68      0         0      
       hostunlink.c.obj              68      0         0      
       strncpy.c.obj                 54      0         0      
       boot_cortex_m.c.obj           52      0         0      
       i_tofd_t2.asm.obj             46      0         0      
       unlink.c.obj                  44      0         0      
       lseek.c.obj                   40      0         0      
       write.c.obj                   40      0         0      
       memchr.c.obj                  32      0         0      
       u_tofd_t2.asm.obj             32      0         0      
       copy_zero_init.c.obj          28      0         0      
       memccpy.c.obj                 28      0         0      
       s_copysign.c.obj              26      0         0      
       strcmp.c.obj                  24      0         0      
       strchr.c.obj                  22      0         0      
       strcpy.c.obj                  20      0         0      
       strlen.c.obj                  20      0         0      
       _lock.c.obj                   2       0         16     
       wcslen.c.obj                  18      0         0      
       errno.c.obj                   8       0         8      
       copy_decompress_none.c.obj    14      0         0      
       pre_init.c.obj                4       0         0      
       div0.asm.obj                  2       0         0      
    +--+-----------------------------+-------+---------+---------+
       Total:                        11449   257       1904   
                                                              
       Heap:                         0       0         2048   
       Stack:                        0       0         2048   
       Linker Generated:             0       157       0      
    +--+-----------------------------+-------+---------+---------+
       Grand Total:                  14315   743       6574   


LINKER GENERATED COPY TABLES

__TI_cinit_table @ 00003ae0 records: 3, size/record: 8, table size: 24
	.data: load addr=00003a58, load size=00000069 bytes, run addr=200006e8, run size=000001f0 bytes, compression=lzss
	.bss: load addr=00003ad0, load size=00000008 bytes, run addr=200004e8, run size=000001ff bytes, compression=zero_init
	.vtable: load addr=00003ad8, load size=00000008 bytes, run addr=20000000, run size=000000e8 bytes, compression=zero_init


LINKER GENERATED HANDLER TABLE

__TI_handler_table @ 00003ac4 records: 3, size/record: 4, table size: 12
	index: 0, handler: __TI_zero_init
	index: 1, handler: __TI_decompress_lzss
	index: 2, handler: __TI_decompress_none


GLOBAL SYMBOLS: SORTED ALPHABETICALLY BY Name 

address   name                                           
-------   ----                                           
00000b33  ADC14_IRQHandler                               
00000b33  AES256_IRQHandler                              
00000b33  BusFault_Handler                               
000038e5  C$$EXIT                                        
0000341f  C$$IO$$                                        
200006a8  CCR0                                           
00000b33  COMP_E0_IRQHandler                             
00000b33  COMP_E1_IRQHandler                             
00000b33  CS_IRQHandler                                  
00000b33  DMA_ERR_IRQHandler                             
00000b33  DMA_INT0_IRQHandler                            
00000b33  DMA_INT1_IRQHandler                            
00000b33  DMA_INT2_IRQHandler                            
00000b33  DMA_INT3_IRQHandler                            
00000b33  DebugMon_Handler                               
00000b33  Default_Handler                                
00000b33  EUSCIA0_IRQHandler                             
00000b33  EUSCIA1_IRQHandler                             
00000b33  EUSCIA2_IRQHandler                             
00000b33  EUSCIA3_IRQHandler                             
00000b33  EUSCIB0_IRQHandler                             
00000b33  EUSCIB1_IRQHandler                             
00000b33  EUSCIB2_IRQHandler                             
00000b33  EUSCIB3_IRQHandler                             
00002869  Encoder_ISR                                    
00000b33  FLCTL_IRQHandler                               
00000b33  FPU_IRQHandler                                 
0000388b  GPIO_Init                                      
000025d5  GPIO_setAsPeripheralModuleFunctionInputPin     
00003269  HOSTclose                                      
00002b21  HOSTlseek                                      
00002d85  HOSTopen                                       
00002e9d  HOSTread                                       
00002ab5  HOSTrename                                     
000032ad  HOSTunlink                                     
00002ef5  HOSTwrite                                      
00000b33  HardFault_Handler                              
00002769  Interrupt_enableInterrupt                      
00002de5  Interrupt_registerInterrupt                    
00000b33  MemManage_Handler                              
00000b33  NMI_Handler                                    
00000b33  PCM_IRQHandler                                 
00000b33  PORT1_IRQHandler                               
00000b33  PORT2_IRQHandler                               
00000b33  PORT3_IRQHandler                               
00000b33  PORT4_IRQHandler                               
00000b33  PORT5_IRQHandler                               
00000b33  PORT6_IRQHandler                               
00000b33  PSS_IRQHandler                                 
00000b33  PendSV_Handler                                 
00000b33  RTC_C_IRQHandler                               
000038b5  Reset_Handler                                  
00000b33  SVC_Handler                                    
000038c1  SysInit                                        
00000b33  SysTick_Handler                                
00002381  SystemInit                                     
00000b33  T32_INT1_IRQHandler                            
00000b33  T32_INT2_IRQHandler                            
00000b33  T32_INTC_IRQHandler                            
00000b33  TA0_0_IRQHandler                               
00000b33  TA0_N_IRQHandler                               
00000b33  TA1_0_IRQHandler                               
00000b33  TA1_N_IRQHandler                               
00000b33  TA2_0_IRQHandler                               
00000b33  TA2_N_IRQHandler                               
00000b33  TA3_0_IRQHandler                               
00000b33  TA3_N_IRQHandler                               
000035c5  Timer_A_clearCaptureCompareInterrupt           
000037db  Timer_A_clearInterruptFlag                     
00003461  Timer_A_configureContinuousMode                
000036bd  Timer_A_getCaptureCompareCount                 
000033b9  Timer_A_getCaptureCompareEnabledInterruptStatus
0000361d  Timer_A_getCaptureCompareInterruptStatus       
000037ab  Timer_A_getEnabledInterruptStatus              
00003845  Timer_A_getInterruptStatus                     
00002f4d  Timer_A_initCapture                            
00001f4d  Timer_A_registerInterrupt                      
000037f1  Timer_A_startCounter                           
00002419  Timer_Init                                     
00001741  UART_initModule                                
00000b33  UsageFault_Handler                             
4000480c  WDTCTL_SYM                                     
00000b33  WDT_A_IRQHandler                               
200004e8  __CIOBUF_                                      
20010000  __STACK_END                                    
00000400  __STACK_SIZE                                   
00000400  __SYSMEM_SIZE                                  
00003ae0  __TI_CINIT_Base                                
00003af8  __TI_CINIT_Limit                               
00003ac4  __TI_Handler_Table_Base                        
00003ad0  __TI_Handler_Table_Limit                       
000032f1  __TI_auto_init_nobinit_nopinit                 
00003495  __TI_cleanup                                   
200008b0  __TI_cleanup_ptr                               
00002961  __TI_closefile                                 
00002b89  __TI_decompress_lzss                           
00003899  __TI_decompress_none                           
000030f7  __TI_doflush                                   
200008b4  __TI_dtors_ptr                                 
200008b8  __TI_enable_exit_profile_output                
200008a0  __TI_ft_end                                    
00002ffb  __TI_ltoa                                      
ffffffff  __TI_pprof_out_hndl                            
000000e5  __TI_printfi                                   
ffffffff  __TI_prof_data_size                            
ffffffff  __TI_prof_data_start                           
000034c9  __TI_readmsg                                   
00000000  __TI_static_base__                             
20000608  __TI_tmpnams                                   
000033f1  __TI_writemsg                                  
00002d21  __TI_wrt_ok                                    
0000373d  __TI_zero_init_nomemset                        
0000265d  __aeabi_cdcmpeq                                
0000265d  __aeabi_cdcmple                                
000026e3  __aeabi_cdrcmple                               
00003221  __aeabi_d2iz                                   
00000f7f  __aeabi_dadd                                   
000014e5  __aeabi_ddiv                                   
00001c91  __aeabi_dmul                                   
00000f75  __aeabi_dsub                                   
000038c9  __aeabi_errno_addr                             
00003595  __aeabi_i2d                                    
0000161b  __aeabi_idiv0                                  
0000161b  __aeabi_ldiv0                                  
000028e5  __aeabi_memclr                                 
000028e5  __aeabi_memclr4                                
000028e5  __aeabi_memclr8                                
000022e5  __aeabi_memcpy                                 
000022e5  __aeabi_memcpy4                                
000022e5  __aeabi_memcpy8                                
000028e7  __aeabi_memset                                 
000028e7  __aeabi_memset4                                
000028e7  __aeabi_memset8                                
200008ac  __aeabi_stderr                                 
200008a4  __aeabi_stdin                                  
200008a8  __aeabi_stdout                                 
000036ff  __aeabi_ui2d                                   
000024b1  __aeabi_uldivmod                               
ffffffff  __binit__                                      
ffffffff  __c_args__                                     
UNDEFED   __mpu_init                                     
2000fc00  __stack                                        
20000000  __start___llvm_prf_cnts                        
20000000  __stop___llvm_prf_cnts                         
000034fd  _c_int00_noargs                                
000038e8  _ctypes_                                       
200007d8  _device                                        
200006e8  _ftable                                        
200008bc  _lock                                          
0000112b  _nop                                           
20000850  _stream                                        
200000e8  _sys_memory                                    
UNDEFED   _system_post_cinit                             
000038e1  _system_pre_init                               
200008c0  _unlock                                        
000038e5  abort                                          
000020dd  add_device                                     
00001b91  aligned_alloc                                  
00003145  atoi                                           
ffffffff  binit                                          
200006e4  capture_value                                  
00002e41  close                                          
00003791  copysign                                       
00003791  copysignl                                      
00003721  dclose                                         
00003857  dlseek                                         
000027e9  dopen                                          
00003051  dread                                          
0000387b  drename                                        
000038a7  dunlink                                        
00003191  dwrite                                         
200006d8  enc_counts                                     
200006dc  enc_counts_track                               
200006e6  enc_flag                                       
200006e0  enc_total                                      
200008d0  errno                                          
000031d9  exit                                           
00003565  finddevice                                     
00002549  fputc                                          
0000185d  fputs                                          
00001d8d  free                                           
00003531  freopen                                        
00002c59  frexp                                          
00002c59  frexpl                                         
00002cbd  fseek                                          
20000000  g_pfnRAMVectors                                
00003335  getdevice                                      
00002249  init_std_uart                                  
00000000  interruptVectors                               
00001a81  ldexp                                          
00001a81  ldexpl                                         
0000366d  lseek                                          
000013ad  main                                           
000038d1  malloc                                         
00001b91  memalign                                       
00003775  memccpy                                        
000036df  memchr                                         
000022e5  memcpy                                         
000028ed  memset                                         
00002021  open                                           
200006d0  parmbuf                                        
00002bf1  printf                                         
00002549  putc                                           
000035f1  remove                                         
00001a81  scalbn                                         
00001a81  scalbnl                                        
00001e71  setvbuf                                        
00003807  strchr                                         
000037c3  strcmp                                         
0000381d  strcpy                                         
00003831  strlen                                         
00003429  strncpy                                        
200006c0  timer_config                                   
000035f1  unlink                                         
00003869  wcslen                                         
00003695  write                                          


GLOBAL SYMBOLS: SORTED BY Symbol Address 

address   name                                           
-------   ----                                           
00000000  __TI_static_base__                             
00000000  interruptVectors                               
000000e5  __TI_printfi                                   
00000400  __STACK_SIZE                                   
00000400  __SYSMEM_SIZE                                  
00000b33  ADC14_IRQHandler                               
00000b33  AES256_IRQHandler                              
00000b33  BusFault_Handler                               
00000b33  COMP_E0_IRQHandler                             
00000b33  COMP_E1_IRQHandler                             
00000b33  CS_IRQHandler                                  
00000b33  DMA_ERR_IRQHandler                             
00000b33  DMA_INT0_IRQHandler                            
00000b33  DMA_INT1_IRQHandler                            
00000b33  DMA_INT2_IRQHandler                            
00000b33  DMA_INT3_IRQHandler                            
00000b33  DebugMon_Handler                               
00000b33  Default_Handler                                
00000b33  EUSCIA0_IRQHandler                             
00000b33  EUSCIA1_IRQHandler                             
00000b33  EUSCIA2_IRQHandler                             
00000b33  EUSCIA3_IRQHandler                             
00000b33  EUSCIB0_IRQHandler                             
00000b33  EUSCIB1_IRQHandler                             
00000b33  EUSCIB2_IRQHandler                             
00000b33  EUSCIB3_IRQHandler                             
00000b33  FLCTL_IRQHandler                               
00000b33  FPU_IRQHandler                                 
00000b33  HardFault_Handler                              
00000b33  MemManage_Handler                              
00000b33  NMI_Handler                                    
00000b33  PCM_IRQHandler                                 
00000b33  PORT1_IRQHandler                               
00000b33  PORT2_IRQHandler                               
00000b33  PORT3_IRQHandler                               
00000b33  PORT4_IRQHandler                               
00000b33  PORT5_IRQHandler                               
00000b33  PORT6_IRQHandler                               
00000b33  PSS_IRQHandler                                 
00000b33  PendSV_Handler                                 
00000b33  RTC_C_IRQHandler                               
00000b33  SVC_Handler                                    
00000b33  SysTick_Handler                                
00000b33  T32_INT1_IRQHandler                            
00000b33  T32_INT2_IRQHandler                            
00000b33  T32_INTC_IRQHandler                            
00000b33  TA0_0_IRQHandler                               
00000b33  TA0_N_IRQHandler                               
00000b33  TA1_0_IRQHandler                               
00000b33  TA1_N_IRQHandler                               
00000b33  TA2_0_IRQHandler                               
00000b33  TA2_N_IRQHandler                               
00000b33  TA3_0_IRQHandler                               
00000b33  TA3_N_IRQHandler                               
00000b33  UsageFault_Handler                             
00000b33  WDT_A_IRQHandler                               
00000f75  __aeabi_dsub                                   
00000f7f  __aeabi_dadd                                   
0000112b  _nop                                           
000013ad  main                                           
000014e5  __aeabi_ddiv                                   
0000161b  __aeabi_idiv0                                  
0000161b  __aeabi_ldiv0                                  
00001741  UART_initModule                                
0000185d  fputs                                          
00001a81  ldexp                                          
00001a81  ldexpl                                         
00001a81  scalbn                                         
00001a81  scalbnl                                        
00001b91  aligned_alloc                                  
00001b91  memalign                                       
00001c91  __aeabi_dmul                                   
00001d8d  free                                           
00001e71  setvbuf                                        
00001f4d  Timer_A_registerInterrupt                      
00002021  open                                           
000020dd  add_device                                     
00002249  init_std_uart                                  
000022e5  __aeabi_memcpy                                 
000022e5  __aeabi_memcpy4                                
000022e5  __aeabi_memcpy8                                
000022e5  memcpy                                         
00002381  SystemInit                                     
00002419  Timer_Init                                     
000024b1  __aeabi_uldivmod                               
00002549  fputc                                          
00002549  putc                                           
000025d5  GPIO_setAsPeripheralModuleFunctionInputPin     
0000265d  __aeabi_cdcmpeq                                
0000265d  __aeabi_cdcmple                                
000026e3  __aeabi_cdrcmple                               
00002769  Interrupt_enableInterrupt                      
000027e9  dopen                                          
00002869  Encoder_ISR                                    
000028e5  __aeabi_memclr                                 
000028e5  __aeabi_memclr4                                
000028e5  __aeabi_memclr8                                
000028e7  __aeabi_memset                                 
000028e7  __aeabi_memset4                                
000028e7  __aeabi_memset8                                
000028ed  memset                                         
00002961  __TI_closefile                                 
00002ab5  HOSTrename                                     
00002b21  HOSTlseek                                      
00002b89  __TI_decompress_lzss                           
00002bf1  printf                                         
00002c59  frexp                                          
00002c59  frexpl                                         
00002cbd  fseek                                          
00002d21  __TI_wrt_ok                                    
00002d85  HOSTopen                                       
00002de5  Interrupt_registerInterrupt                    
00002e41  close                                          
00002e9d  HOSTread                                       
00002ef5  HOSTwrite                                      
00002f4d  Timer_A_initCapture                            
00002ffb  __TI_ltoa                                      
00003051  dread                                          
000030f7  __TI_doflush                                   
00003145  atoi                                           
00003191  dwrite                                         
000031d9  exit                                           
00003221  __aeabi_d2iz                                   
00003269  HOSTclose                                      
000032ad  HOSTunlink                                     
000032f1  __TI_auto_init_nobinit_nopinit                 
00003335  getdevice                                      
000033b9  Timer_A_getCaptureCompareEnabledInterruptStatus
000033f1  __TI_writemsg                                  
0000341f  C$$IO$$                                        
00003429  strncpy                                        
00003461  Timer_A_configureContinuousMode                
00003495  __TI_cleanup                                   
000034c9  __TI_readmsg                                   
000034fd  _c_int00_noargs                                
00003531  freopen                                        
00003565  finddevice                                     
00003595  __aeabi_i2d                                    
000035c5  Timer_A_clearCaptureCompareInterrupt           
000035f1  remove                                         
000035f1  unlink                                         
0000361d  Timer_A_getCaptureCompareInterruptStatus       
0000366d  lseek                                          
00003695  write                                          
000036bd  Timer_A_getCaptureCompareCount                 
000036df  memchr                                         
000036ff  __aeabi_ui2d                                   
00003721  dclose                                         
0000373d  __TI_zero_init_nomemset                        
00003775  memccpy                                        
00003791  copysign                                       
00003791  copysignl                                      
000037ab  Timer_A_getEnabledInterruptStatus              
000037c3  strcmp                                         
000037db  Timer_A_clearInterruptFlag                     
000037f1  Timer_A_startCounter                           
00003807  strchr                                         
0000381d  strcpy                                         
00003831  strlen                                         
00003845  Timer_A_getInterruptStatus                     
00003857  dlseek                                         
00003869  wcslen                                         
0000387b  drename                                        
0000388b  GPIO_Init                                      
00003899  __TI_decompress_none                           
000038a7  dunlink                                        
000038b5  Reset_Handler                                  
000038c1  SysInit                                        
000038c9  __aeabi_errno_addr                             
000038d1  malloc                                         
000038e1  _system_pre_init                               
000038e5  C$$EXIT                                        
000038e5  abort                                          
000038e8  _ctypes_                                       
00003ac4  __TI_Handler_Table_Base                        
00003ad0  __TI_Handler_Table_Limit                       
00003ae0  __TI_CINIT_Base                                
00003af8  __TI_CINIT_Limit                               
20000000  __start___llvm_prf_cnts                        
20000000  __stop___llvm_prf_cnts                         
20000000  g_pfnRAMVectors                                
200000e8  _sys_memory                                    
200004e8  __CIOBUF_                                      
20000608  __TI_tmpnams                                   
200006a8  CCR0                                           
200006c0  timer_config                                   
200006d0  parmbuf                                        
200006d8  enc_counts                                     
200006dc  enc_counts_track                               
200006e0  enc_total                                      
200006e4  capture_value                                  
200006e6  enc_flag                                       
200006e8  _ftable                                        
200007d8  _device                                        
20000850  _stream                                        
200008a0  __TI_ft_end                                    
200008a4  __aeabi_stdin                                  
200008a8  __aeabi_stdout                                 
200008ac  __aeabi_stderr                                 
200008b0  __TI_cleanup_ptr                               
200008b4  __TI_dtors_ptr                                 
200008b8  __TI_enable_exit_profile_output                
200008bc  _lock                                          
200008c0  _unlock                                        
200008d0  errno                                          
2000fc00  __stack                                        
20010000  __STACK_END                                    
4000480c  WDTCTL_SYM                                     
ffffffff  __TI_pprof_out_hndl                            
ffffffff  __TI_prof_data_size                            
ffffffff  __TI_prof_data_start                           
ffffffff  __binit__                                      
ffffffff  __c_args__                                     
ffffffff  binit                                          
UNDEFED   __mpu_init                                     
UNDEFED   _system_post_cinit                             

[216 symbols]
