******************************************************************************
                  TI ARM Linker PC v20.2.7                     
******************************************************************************
>> Linked Mon Nov 13 19:03:35 2023

OUTPUT FILE NAME:   <lab4_template.out>
ENTRY POINT SYMBOL: "_c_int00_noargs"  address: 00004205


MEMORY CONFIGURATION

         name            origin    length      used     unused   attr    fill
----------------------  --------  ---------  --------  --------  ----  --------
  MAIN                  00000000   00040000  000049dd  0003b623  R  X
  INFO                  00200000   00004000  00000000  00004000  R  X
  SRAM_CODE             01000000   00010000  00000da8  0000f258  RW X
  SRAM_DATA             20000000   00010000  00000da8  0000f258  RW  


SEGMENT ALLOCATION MAP

run origin  load origin   length   init length attrs members
----------  ----------- ---------- ----------- ----- -------
00000000    00000000    000049e0   000049e0    r-x
  00000000    00000000    000000e4   000000e4    r-- .intvecs
  000000e4    000000e4    00004658   00004658    r-x .text
  0000473c    0000473c    000001e9   000001e9    r-- .const
  00004928    00004928    000000b8   000000b8    r-- .cinit
20000000    20000000    000009a8   00000000    rw-
  20000000    20000000    000000e8   00000000    rw- .vtable
  200000e8    200000e8    00000400   00000000    rw- .sysmem
  200004e8    200004e8    000002b4   00000000    rw- .bss
  2000079c    2000079c    0000020c   00000000    rw- .data
2000fc00    2000fc00    00000400   00000000    rw-
  2000fc00    2000fc00    00000400   00000000    rw- .stack


SECTION ALLOCATION MAP

 output                                  attributes/
section   page    origin      length       input sections
--------  ----  ----------  ----------   ----------------
.intvecs   0    00000000    000000e4     
                  00000000    000000e4     startup_msp432p401r_ccs.obj (.intvecs:retain)

.text      0    000000e4    00004658     
                  000000e4    00000a4e     rtsv7M4_T_le_v4SPD16_eabi.lib : _printfi.c.obj (.text:__TI_printfi)
                  00000b32    00000002     startup_msp432p401r_ccs.obj (.text:Default_Handler)
                  00000b34    00000620     main.obj (.text:main)
                  00001154    00000270     rtsv7M4_T_le_v4SPD16_eabi.lib : _printfi.c.obj (.text:_pconv_a)
                  000013c4    000001d0                                   : _printfi.c.obj (.text:_pconv_g)
                  00001594    000001b6                                   : fd_add_t2.asm.obj (.text)
                  0000174a    00000002                                   : _lock.c.obj (.text:_nop)
                  0000174c    000001a0     main.obj (.text:TimerInit)
                  000018ec    0000018c     main.obj (.text:Encoder_ISR)
                  00001a78    00000160     msp432p4xx_driverlib.lib : adc14.o (.text:_getIndexForMemRegister)
                  00001bd8    00000144                              : timer_a.o (.text:privateTimer_AProcessClockSourceDivider)
                  00001d1c    0000013c     rtsv7M4_T_le_v4SPD16_eabi.lib : _printfi.c.obj (.text:_pconv_e)
                  00001e58    00000136                                   : fd_div_t2.asm.obj (.text)
                  00001f8e    00000002                                   : div0.asm.obj (.text)
                  00001f90    00000124                                   : _printfi.c.obj (.text:fcvt)
                  000020b4    0000011c     msp432p4xx_driverlib.lib : uart.o (.text:UART_initModule)
                  000021d0    00000114     rtsv7M4_T_le_v4SPD16_eabi.lib : fputs.c.obj (.text:fputs)
                  000022e4    00000110                                   : fopen.c.obj (.text:_openfile)
                  000023f4    00000110                                   : s_scalbn.c.obj (.text:scalbn)
                  00002504    00000100                                   : memory.c.obj (.text:aligned_alloc)
                  00002604    000000fc                                   : fd_mul_t2.asm.obj (.text)
                  00002700    000000e4                                   : memory.c.obj (.text:free)
                  000027e4    000000dc                                   : setvbuf.c.obj (.text:setvbuf)
                  000028c0    000000d2     msp432p4xx_driverlib.lib : timer_a.o (.text:Timer_A_registerInterrupt)
                  00002992    00000002     --HOLE-- [fill = 0]
                  00002994    000000bc     rtsv7M4_T_le_v4SPD16_eabi.lib : open.c.obj (.text:open)
                  00002a50    000000b8                                   : add_device.c.obj (.text:add_device)
                  00002b08    000000b4     msp432p4xx_driverlib.lib : adc14.o (.text:ADC14_configureConversionMemory)
                  00002bbc    000000b4                              : adc14.o (.text:ADC14_configureMultiSequenceMode)
                  00002c70    000000b1     rtsv7M4_T_le_v4SPD16_eabi.lib : _printfi.c.obj (.text:_ltostr)
                  00002d21    00000003     --HOLE-- [fill = 0]
                  00002d24    0000009c     engr2350_msp432.obj (.text:init_std_uart)
                  00002dc0    0000009c     rtsv7M4_T_le_v4SPD16_eabi.lib : memcpy_t2.asm.obj (.text)
                  00002e5c    00000098     system_msp432p401r.obj (.text:SystemInit)
                  00002ef4    00000096     rtsv7M4_T_le_v4SPD16_eabi.lib : ull_div_t2.asm.obj (.text)
                  00002f8a    00000002     --HOLE-- [fill = 0]
                  00002f8c    0000008c                                   : fputc.c.obj (.text:fputc)
                  00003018    00000088     msp432p4xx_driverlib.lib : gpio.o (.text:GPIO_setAsPeripheralModuleFunctionInputPin)
                  000030a0    00000088                              : gpio.o (.text:GPIO_setAsPeripheralModuleFunctionOutputPin)
                  00003128    00000086     rtsv7M4_T_le_v4SPD16_eabi.lib : fd_cmp_t2.asm.obj (.text:__aeabi_cdcmple)
                  000031ae    00000086                                   : fd_cmp_t2.asm.obj (.text:__aeabi_cdrcmple)
                  00003234    00000080     msp432p4xx_driverlib.lib : interrupt.o (.text:Interrupt_enableInterrupt)
                  000032b4    00000080     engr2350_msp432.obj (.text:dopen)
                  00003334    0000007a     rtsv7M4_T_le_v4SPD16_eabi.lib : memset_t2.asm.obj (.text)
                  000033ae    00000002     --HOLE-- [fill = 0]
                  000033b0    00000074                                   : fclose.c.obj (.text:__TI_closefile)
                  00003424    00000070                                   : memory.c.obj (.text:split)
                  00003494    0000006e                                   : _printfi.c.obj (.text:_mcpy)
                  00003502    0000006e                                   : fd_tos_t2.asm.obj (.text)
                  00003570    0000006c                                   : hostrename.c.obj (.text:HOSTrename)
                  000035dc    00000068                                   : hostlseek.c.obj (.text:HOSTlseek)
                  00003644    00000068     msp432p4xx_driverlib.lib : timer_a.o (.text:Timer_A_configureUpMode)
                  000036ac    00000068     rtsv7M4_T_le_v4SPD16_eabi.lib : copy_decompress_lzss.c.obj (.text:decompress:lzss:__TI_decompress_lzss)
                  00003714    00000068                                   : printf.c.obj (.text:printf)
                  0000377c    00000064                                   : s_frexp.c.obj (.text:frexp)
                  000037e0    00000064                                   : fseek.c.obj (.text:fseek)
                  00003844    00000062                                   : _io_perm.c.obj (.text:__TI_wrt_ok)
                  000038a6    00000002     --HOLE-- [fill = 0]
                  000038a8    00000060                                   : hostopen.c.obj (.text:HOSTopen)
                  00003908    0000005c     msp432p4xx_driverlib.lib : interrupt.o (.text:Interrupt_registerInterrupt)
                  00003964    0000005c     rtsv7M4_T_le_v4SPD16_eabi.lib : close.c.obj (.text:close)
                  000039c0    00000058                                   : hostread.c.obj (.text:HOSTread)
                  00003a18    00000058                                   : hostwrite.c.obj (.text:HOSTwrite)
                  00003a70    00000058     msp432p4xx_driverlib.lib : timer_a.o (.text:Timer_A_initCapture)
                  00003ac8    00000056     rtsv7M4_T_le_v4SPD16_eabi.lib : _printfi.c.obj (.text:_pconv_f)
                  00003b1e    00000002     --HOLE-- [fill = 0]
                  00003b20    00000054     msp432p4xx_driverlib.lib : adc14.o (.text:ADC14_initModule)
                  00003b74    00000054     rtsv7M4_T_le_v4SPD16_eabi.lib : _ltoa.c.obj (.text:__TI_ltoa)
                  00003bc8    00000054     engr2350_msp432.obj (.text:dread)
                  00003c1c    00000052     rtsv7M4_T_le_v4SPD16_eabi.lib : _printfi.c.obj (.text:_ecpy)
                  00003c6e    0000004e     msp432p4xx_driverlib.lib : timer_a.o (.text:Timer_A_initCompare)
                  00003cbc    0000004c     main.obj (.text:GPIOInit)
                  00003d08    0000004c     rtsv7M4_T_le_v4SPD16_eabi.lib : fflush.c.obj (.text:__TI_doflush)
                  00003d54    0000004c                                   : atoi.c.obj (.text:atoi)
                  00003da0    0000004a     main.obj (.text:ADCInit)
                  00003dea    00000002     --HOLE-- [fill = 0]
                  00003dec    00000048     engr2350_msp432.obj (.text:dwrite)
                  00003e34    00000048     rtsv7M4_T_le_v4SPD16_eabi.lib : exit.c.obj (.text:exit)
                  00003e7c    00000048                                   : fd_toi_t2.asm.obj (.text)
                  00003ec4    00000044                                   : hostclose.c.obj (.text:HOSTclose)
                  00003f08    00000044                                   : hostunlink.c.obj (.text:HOSTunlink)
                  00003f4c    00000044                                   : autoinit.c.obj (.text:__TI_auto_init_nobinit_nopinit:__TI_auto_init_nobinit_nopinit)
                  00003f90    00000044                                   : getdevice.c.obj (.text:getdevice)
                  00003fd4    00000040     msp432p4xx_driverlib.lib : gpio.o (.text:GPIO_setAsOutputPin)
                  00004014    0000003e     rtsv7M4_T_le_v4SPD16_eabi.lib : _printfi.c.obj (.text:_fcpy)
                  00004052    00000002     --HOLE-- [fill = 0]
                  00004054    00000038     msp432p4xx_driverlib.lib : timer_a.o (.text:Timer_A_getCaptureCompareEnabledInterruptStatus)
                  0000408c    00000038     rtsv7M4_T_le_v4SPD16_eabi.lib : trgmsg.c.obj (.text:__TI_writemsg)
                  000040c4    00000038                                   : fs_tod_t2.asm.obj (.text)
                  000040fc    00000036                                   : strncpy.c.obj (.text:strncpy)
                  00004132    00000002     --HOLE-- [fill = 0]
                  00004134    00000034     msp432p4xx_driverlib.lib : adc14.o (.text:ADC14_enableSampleTimer)
                  00004168    00000034                              : timer_a.o (.text:Timer_A_configureContinuousMode)
                  0000419c    00000034     rtsv7M4_T_le_v4SPD16_eabi.lib : fopen.c.obj (.text:__TI_cleanup)
                  000041d0    00000034                                   : trgmsg.c.obj (.text:__TI_readmsg)
                  00004204    00000034                                   : boot_cortex_m.c.obj (.text:_c_int00_noargs:_c_int00_noargs)
                  00004238    00000034                                   : fopen.c.obj (.text:freopen)
                  0000426c    00000030                                   : getdevice.c.obj (.text:finddevice)
                  0000429c    0000002e                                   : i_tofd_t2.asm.obj (.text)
                  000042ca    00000002     --HOLE-- [fill = 0]
                  000042cc    0000002c     msp432p4xx_driverlib.lib : adc14.o (.text:ADC14_toggleConversionTrigger)
                  000042f8    0000002c                              : timer_a.o (.text:Timer_A_clearCaptureCompareInterrupt)
                  00004324    0000002c     rtsv7M4_T_le_v4SPD16_eabi.lib : unlink.c.obj (.text:unlink)
                  00004350    00000028     msp432p4xx_driverlib.lib : adc14.o (.text:ADC14_enableConversion)
                  00004378    00000028                              : adc14.o (.text:ADC14_getResult)
                  000043a0    00000028                              : gpio.o (.text:GPIO_setOutputHighOnPin)
                  000043c8    00000028                              : gpio.o (.text:GPIO_setOutputLowOnPin)
                  000043f0    00000028                              : timer_a.o (.text:Timer_A_getCaptureCompareInterruptStatus)
                  00004418    00000028                              : timer_a.o (.text:Timer_A_setCompareValue)
                  00004440    00000028     rtsv7M4_T_le_v4SPD16_eabi.lib : memory.c.obj (.text:free_list_insert)
                  00004468    00000028                                   : lseek.c.obj (.text:lseek)
                  00004490    00000028                                   : write.c.obj (.text:write)
                  000044b8    00000022     msp432p4xx_driverlib.lib : timer_a.o (.text:Timer_A_getCaptureCompareCount)
                  000044da    00000002     --HOLE-- [fill = 0]
                  000044dc    00000020                              : adc14.o (.text:ADC14_setResolution)
                  000044fc    00000020     rtsv7M4_T_le_v4SPD16_eabi.lib : memchr.c.obj (.text:memchr)
                  0000451c    00000020                                   : u_tofd_t2.asm.obj (.text)
                  0000453c    0000001c     engr2350_msp432.obj (.text:dclose)
                  00004558    0000001c     rtsv7M4_T_le_v4SPD16_eabi.lib : copy_zero_init.c.obj (.text:decompress:ZI:__TI_zero_init_nomemset:__TI_zero_init_nomemset)
                  00004574    0000001c                                   : memory.c.obj (.text:free_list_remove)
                  00004590    0000001c                                   : memccpy.c.obj (.text:memccpy)
                  000045ac    0000001a                                   : s_copysign.c.obj (.text:copysign)
                  000045c6    00000002     --HOLE-- [fill = 0]
                  000045c8    00000018     main.obj (.text:T1_100ms_ISR)
                  000045e0    00000018     msp432p4xx_driverlib.lib : timer_a.o (.text:Timer_A_getEnabledInterruptStatus)
                  000045f8    00000018     rtsv7M4_T_le_v4SPD16_eabi.lib : strcmp.c.obj (.text:strcmp)
                  00004610    00000016     msp432p4xx_driverlib.lib : timer_a.o (.text:Timer_A_clearInterruptFlag)
                  00004626    00000016                              : timer_a.o (.text:Timer_A_startCounter)
                  0000463c    00000016     rtsv7M4_T_le_v4SPD16_eabi.lib : strchr.c.obj (.text:strchr)
                  00004652    00000014                                   : strcpy.c.obj (.text:strcpy)
                  00004666    00000014                                   : strlen.c.obj (.text:strlen)
                  0000467a    00000012     msp432p4xx_driverlib.lib : timer_a.o (.text:Timer_A_getInterruptStatus)
                  0000468c    00000012     engr2350_msp432.obj (.text:dlseek)
                  0000469e    00000012     rtsv7M4_T_le_v4SPD16_eabi.lib : wcslen.c.obj (.text:wcslen)
                  000046b0    00000010     msp432p4xx_driverlib.lib : adc14.o (.text:ADC14_isBusy)
                  000046c0    00000010                              : adc14.o (.text:ADCIsConversionRunning)
                  000046d0    00000010     engr2350_msp432.obj (.text:drename)
                  000046e0    0000000e     rtsv7M4_T_le_v4SPD16_eabi.lib : copy_decompress_none.c.obj (.text:decompress:none:__TI_decompress_none)
                  000046ee    0000000e     engr2350_msp432.obj (.text:dunlink)
                  000046fc    0000000c     msp432p4xx_driverlib.lib : adc14.o (.text:ADC14_enableModule)
                  00004708    0000000c     startup_msp432p401r_ccs.obj (.text:Reset_Handler)
                  00004714    00000008     engr2350_msp432.obj (.text:SysInit)
                  0000471c    00000008     rtsv7M4_T_le_v4SPD16_eabi.lib : errno.c.obj (.text:__aeabi_errno_addr)
                  00004724    00000008                                   : memory.c.obj (.text:malloc)
                  0000472c    00000004                                   : printf.c.obj (.text:_outc)
                  00004730    00000004                                   : printf.c.obj (.text:_outs)
                  00004734    00000004                                   : pre_init.c.obj (.text:_system_pre_init)
                  00004738    00000004                                   : exit.c.obj (.text:abort:abort)

.const     0    0000473c    000001e9     
                  0000473c    00000101     rtsv7M4_T_le_v4SPD16_eabi.lib : ctype.c.obj (.const:.string:_ctypes_)
                  0000483d    00000003     --HOLE-- [fill = 0]
                  00004840    00000080     msp432p4xx_driverlib.lib : adc14.o (.const:_ctlRegs)
                  000048c0    00000030                              : gpio.o (.const:GPIO_PORT_TO_BASE)
                  000048f0    00000028     engr2350_msp432.obj (.const:$P$T1$2)
                  00004918    00000008     msp432p4xx_driverlib.lib : interrupt.o (.const:g_pulEnRegs)
                  00004920    00000005     engr2350_msp432.obj (.const:.string:$P$T0$1)

.cinit     0    00004928    000000b8     
                  00004928    00000083     (.cinit..data.load) [load image, compression = lzss]
                  000049ab    00000001     --HOLE-- [fill = 0]
                  000049ac    0000000c     (__TI_handler_table)
                  000049b8    00000008     (.cinit..bss.load) [load image, compression = zero_init]
                  000049c0    00000008     (.cinit..vtable.load) [load image, compression = zero_init]
                  000049c8    00000018     (__TI_cinit_table)

.init_array 
*          0    00000000    00000000     UNINITIALIZED

.binit     0    00000000    00000000     

.vtable    0    20000000    000000e8     UNINITIALIZED
                  20000000    000000e8     msp432p4xx_driverlib.lib : interrupt.o (.vtable)

.sysmem    0    200000e8    00000400     UNINITIALIZED
                  200000e8    00000010     rtsv7M4_T_le_v4SPD16_eabi.lib : memory.c.obj (.sysmem)
                  200000f8    000003f0     --HOLE--

.bss       0    200004e8    000002b4     UNINITIALIZED
                  200004e8    00000120     rtsv7M4_T_le_v4SPD16_eabi.lib : trgmsg.c.obj (.bss:_CIOBUF_)
                  20000608    000000a0     (.common:__TI_tmpnams)
                  200006a8    00000018     (.common:TA0cfg)
                  200006c0    00000018     (.common:TA1cfg)
                  200006d8    00000018     (.common:TA3_ccr0)
                  200006f0    00000018     (.common:TA3_ccr1)
                  20000708    00000010     (.common:TA0_ccr3)
                  20000718    00000010     (.common:TA0_ccr4)
                  20000728    00000010     (.common:TA3cfg)
                  20000738    00000008     (.common:parmbuf)
                  20000740    00000004     (.common:Tach_L)
                  20000744    00000004     (.common:Tach_L_avg)
                  20000748    00000004     (.common:Tach_L_count)
                  2000074c    00000004     (.common:Tach_L_sum)
                  20000750    00000004     (.common:Tach_L_sum_count)
                  20000754    00000004     (.common:Tach_R)
                  20000758    00000004     (.common:Tach_R_avg)
                  2000075c    00000004     (.common:Tach_R_count)
                  20000760    00000004     (.common:Tach_R_sum)
                  20000764    00000004     (.common:Tach_R_sum_count)
                  20000768    00000004     (.common:current_speed_L)
                  2000076c    00000004     (.common:current_speed_R)
                  20000770    00000004     (.common:distance_straight_avg)
                  20000774    00000004     (.common:distance_travelled)
                  20000778    00000004     (.common:distance_turn_avg)
                  2000077c    00000004     (.common:enc_total_L)
                  20000780    00000004     (.common:enc_total_R)
                  20000784    00000004     (.common:left_d)
                  20000788    00000004     (.common:right_d)
                  2000078c    00000002     (.common:desired_speed)
                  2000078e    00000002     (.common:desired_speed_L)
                  20000790    00000002     (.common:desired_speed_R)
                  20000792    00000002     (.common:differential_speed)
                  20000794    00000002     (.common:pot_length_radius)
                  20000796    00000002     (.common:pot_speed)
                  20000798    00000002     (.common:straightaway_length)
                  2000079a    00000002     (.common:turn_radius)

.data      0    2000079c    0000020c     UNINITIALIZED
                  2000079c    000000f0     rtsv7M4_T_le_v4SPD16_eabi.lib : defs.c.obj (.data:_ftable)
                  2000088c    00000078                                   : host_device.c.obj (.data:_device)
                  20000904    00000050                                   : host_device.c.obj (.data:_stream)
                  20000954    0000001c     main.obj (.data)
                  20000970    00000010     rtsv7M4_T_le_v4SPD16_eabi.lib : defs.c.obj (.data)
                  20000980    0000000c                                   : exit.c.obj (.data:$O1$$)
                  2000098c    00000008                                   : _lock.c.obj (.data:$O1$$)
                  20000994    00000008                                   : memory.c.obj (.data:$O1$$)
                  2000099c    00000004                                   : add_device.c.obj (.data)
                  200009a0    00000004                                   : errno.c.obj (.data)
                  200009a4    00000004                                   : open.c.obj (.data)

.stack     0    2000fc00    00000400     UNINITIALIZED
                  2000fc00    00000004     rtsv7M4_T_le_v4SPD16_eabi.lib : boot_cortex_m.c.obj (.stack)
                  2000fc04    000003fc     --HOLE--

__llvm_prf_cnts 
*          0    20000000    00000000     UNINITIALIZED

MODULE SUMMARY

       Module                        code    ro data   rw data
       ------                        ----    -------   -------
    .\
       main.obj                      2554    0         528    
    +--+-----------------------------+-------+---------+---------+
       Total:                        2554    0         528    
                                                              
    .\src\
       engr2350_msp432.obj           524     45        0      
       startup_msp432p401r_ccs.obj   14      228       0      
       system_msp432p401r.obj        152     0         0      
    +--+-----------------------------+-------+---------+---------+
       Total:                        690     273       0      
                                                              
    C:/ti/simplelink_msp432p4_sdk_3_40_01_02/source/ti/devices/msp432p4xx/driverlib/ccs/msp432p4xx_driverlib.lib
       adc14.o                       1048    128       0      
       timer_a.o                     1156    0         0      
       interrupt.o                   220     8         464    
       gpio.o                        416     48        0      
       uart.o                        284     0         0      
    +--+-----------------------------+-------+---------+---------+
       Total:                        3124    184       464    
                                                              
    C:\ti\ccs1240\ccs\tools\compiler\ti-cgt-arm_20.2.7.LTS\lib\rtsv7M4_T_le_v4SPD16_eabi.lib
       _printfi.c.obj                4851    0         0      
       defs.c.obj                    0       0         832    
       memory.c.obj                  672     0         16     
       trgmsg.c.obj                  108     0         576    
       fd_add_t2.asm.obj             438     0         0      
       host_device.c.obj             0       0         400    
       fopen.c.obj                   376     0         0      
       fd_div_t2.asm.obj             310     0         0      
       fputs.c.obj                   276     0         0      
       s_scalbn.c.obj                272     0         0      
       fd_cmp_t2.asm.obj             268     0         0      
       ctype.c.obj                   0       257       0      
       fd_mul_t2.asm.obj             252     0         0      
       setvbuf.c.obj                 220     0         0      
       open.c.obj                    188     0         8      
       add_device.c.obj              184     0         8      
       memcpy_t2.asm.obj             156     0         0      
       ull_div_t2.asm.obj            150     0         0      
       fputc.c.obj                   140     0         0      
       memset_t2.asm.obj             122     0         0      
       fclose.c.obj                  116     0         0      
       getdevice.c.obj               116     0         0      
       hostopen.c.obj                96      0         16     
       printf.c.obj                  112     0         0      
       fd_tos_t2.asm.obj             110     0         0      
       hostrename.c.obj              108     0         0      
       copy_decompress_lzss.c.obj    104     0         0      
       hostlseek.c.obj               104     0         0      
       exit.c.obj                    76      0         24     
       fseek.c.obj                   100     0         0      
       s_frexp.c.obj                 100     0         0      
       _io_perm.c.obj                98      0         0      
       close.c.obj                   92      0         0      
       hostread.c.obj                88      0         0      
       hostwrite.c.obj               88      0         0      
       _ltoa.c.obj                   84      0         0      
       atoi.c.obj                    76      0         0      
       fflush.c.obj                  76      0         0      
       fd_toi_t2.asm.obj             72      0         0      
       autoinit.c.obj                68      0         0      
       hostclose.c.obj               68      0         0      
       hostunlink.c.obj              68      0         0      
       fs_tod_t2.asm.obj             56      0         0      
       strncpy.c.obj                 54      0         0      
       boot_cortex_m.c.obj           52      0         0      
       i_tofd_t2.asm.obj             46      0         0      
       unlink.c.obj                  44      0         0      
       lseek.c.obj                   40      0         0      
       write.c.obj                   40      0         0      
       memchr.c.obj                  32      0         0      
       u_tofd_t2.asm.obj             32      0         0      
       copy_zero_init.c.obj          28      0         0      
       memccpy.c.obj                 28      0         0      
       s_copysign.c.obj              26      0         0      
       strcmp.c.obj                  24      0         0      
       strchr.c.obj                  22      0         0      
       strcpy.c.obj                  20      0         0      
       strlen.c.obj                  20      0         0      
       _lock.c.obj                   2       0         16     
       wcslen.c.obj                  18      0         0      
       errno.c.obj                   8       0         8      
       copy_decompress_none.c.obj    14      0         0      
       pre_init.c.obj                4       0         0      
       div0.asm.obj                  2       0         0      
    +--+-----------------------------+-------+---------+---------+
       Total:                        11615   257       1904   
                                                              
       Heap:                         0       0         2048   
       Stack:                        0       0         2048   
       Linker Generated:             0       183       0      
    +--+-----------------------------+-------+---------+---------+
       Grand Total:                  17983   897       6992   


LINKER GENERATED COPY TABLES

__TI_cinit_table @ 000049c8 records: 3, size/record: 8, table size: 24
	.data: load addr=00004928, load size=00000083 bytes, run addr=2000079c, run size=0000020c bytes, compression=lzss
	.bss: load addr=000049b8, load size=00000008 bytes, run addr=200004e8, run size=000002b4 bytes, compression=zero_init
	.vtable: load addr=000049c0, load size=00000008 bytes, run addr=20000000, run size=000000e8 bytes, compression=zero_init


LINKER GENERATED HANDLER TABLE

__TI_handler_table @ 000049ac records: 3, size/record: 4, table size: 12
	index: 0, handler: __TI_zero_init
	index: 1, handler: __TI_decompress_lzss
	index: 2, handler: __TI_decompress_none


GLOBAL SYMBOLS: SORTED ALPHABETICALLY BY Name 

address   name                                           
-------   ----                                           
00000b33  ADC14_IRQHandler                               
00002b09  ADC14_configureConversionMemory                
00002bbd  ADC14_configureMultiSequenceMode               
00004351  ADC14_enableConversion                         
000046fd  ADC14_enableModule                             
00004135  ADC14_enableSampleTimer                        
00004379  ADC14_getResult                                
00003b21  ADC14_initModule                               
000046b1  ADC14_isBusy                                   
000044dd  ADC14_setResolution                            
000042cd  ADC14_toggleConversionTrigger                  
00003da1  ADCInit                                        
00000b33  AES256_IRQHandler                              
00000b33  BusFault_Handler                               
00004739  C$$EXIT                                        
000040bb  C$$IO$$                                        
00000b33  COMP_E0_IRQHandler                             
00000b33  COMP_E1_IRQHandler                             
00000b33  CS_IRQHandler                                  
20000968  DISTANCE_BETWEEN_WHEELS                        
00000b33  DMA_ERR_IRQHandler                             
00000b33  DMA_INT0_IRQHandler                            
00000b33  DMA_INT1_IRQHandler                            
00000b33  DMA_INT2_IRQHandler                            
00000b33  DMA_INT3_IRQHandler                            
00000b33  DebugMon_Handler                               
00000b33  Default_Handler                                
00000b33  EUSCIA0_IRQHandler                             
00000b33  EUSCIA1_IRQHandler                             
00000b33  EUSCIA2_IRQHandler                             
00000b33  EUSCIA3_IRQHandler                             
00000b33  EUSCIB0_IRQHandler                             
00000b33  EUSCIB1_IRQHandler                             
00000b33  EUSCIB2_IRQHandler                             
00000b33  EUSCIB3_IRQHandler                             
000018ed  Encoder_ISR                                    
00000b33  FLCTL_IRQHandler                               
00000b33  FPU_IRQHandler                                 
00003cbd  GPIOInit                                       
00003fd5  GPIO_setAsOutputPin                            
00003019  GPIO_setAsPeripheralModuleFunctionInputPin     
000030a1  GPIO_setAsPeripheralModuleFunctionOutputPin    
000043a1  GPIO_setOutputHighOnPin                        
000043c9  GPIO_setOutputLowOnPin                         
00003ec5  HOSTclose                                      
000035dd  HOSTlseek                                      
000038a9  HOSTopen                                       
000039c1  HOSTread                                       
00003571  HOSTrename                                     
00003f09  HOSTunlink                                     
00003a19  HOSTwrite                                      
00000b33  HardFault_Handler                              
00003235  Interrupt_enableInterrupt                      
00003909  Interrupt_registerInterrupt                    
00000b33  MemManage_Handler                              
00000b33  NMI_Handler                                    
00000b33  PCM_IRQHandler                                 
00000b33  PORT1_IRQHandler                               
00000b33  PORT2_IRQHandler                               
00000b33  PORT3_IRQHandler                               
00000b33  PORT4_IRQHandler                               
00000b33  PORT5_IRQHandler                               
00000b33  PORT6_IRQHandler                               
00000b33  PSS_IRQHandler                                 
00000b33  PendSV_Handler                                 
00000b33  RTC_C_IRQHandler                               
00004709  Reset_Handler                                  
00000b33  SVC_Handler                                    
00004715  SysInit                                        
00000b33  SysTick_Handler                                
00002e5d  SystemInit                                     
000045c9  T1_100ms_ISR                                   
00000b33  T32_INT1_IRQHandler                            
00000b33  T32_INT2_IRQHandler                            
00000b33  T32_INTC_IRQHandler                            
00000b33  TA0_0_IRQHandler                               
00000b33  TA0_N_IRQHandler                               
20000708  TA0_ccr3                                       
20000718  TA0_ccr4                                       
200006a8  TA0cfg                                         
00000b33  TA1_0_IRQHandler                               
00000b33  TA1_N_IRQHandler                               
200006c0  TA1cfg                                         
00000b33  TA2_0_IRQHandler                               
00000b33  TA2_N_IRQHandler                               
00000b33  TA3_0_IRQHandler                               
00000b33  TA3_N_IRQHandler                               
200006d8  TA3_ccr0                                       
200006f0  TA3_ccr1                                       
20000728  TA3cfg                                         
20000740  Tach_L                                         
20000744  Tach_L_avg                                     
20000748  Tach_L_count                                   
2000074c  Tach_L_sum                                     
20000750  Tach_L_sum_count                               
20000754  Tach_R                                         
20000758  Tach_R_avg                                     
2000075c  Tach_R_count                                   
20000760  Tach_R_sum                                     
20000764  Tach_R_sum_count                               
0000174d  TimerInit                                      
000042f9  Timer_A_clearCaptureCompareInterrupt           
00004611  Timer_A_clearInterruptFlag                     
00004169  Timer_A_configureContinuousMode                
00003645  Timer_A_configureUpMode                        
000044b9  Timer_A_getCaptureCompareCount                 
00004055  Timer_A_getCaptureCompareEnabledInterruptStatus
000043f1  Timer_A_getCaptureCompareInterruptStatus       
000045e1  Timer_A_getEnabledInterruptStatus              
0000467b  Timer_A_getInterruptStatus                     
00003a71  Timer_A_initCapture                            
00003c6f  Timer_A_initCompare                            
000028c1  Timer_A_registerInterrupt                      
00004419  Timer_A_setCompareValue                        
00004627  Timer_A_startCounter                           
000020b5  UART_initModule                                
00000b33  UsageFault_Handler                             
4000480c  WDTCTL_SYM                                     
00000b33  WDT_A_IRQHandler                               
20000969  WHEEL_RADIUS                                   
200004e8  __CIOBUF_                                      
20010000  __STACK_END                                    
00000400  __STACK_SIZE                                   
00000400  __SYSMEM_SIZE                                  
000049c8  __TI_CINIT_Base                                
000049e0  __TI_CINIT_Limit                               
000049ac  __TI_Handler_Table_Base                        
000049b8  __TI_Handler_Table_Limit                       
00003f4d  __TI_auto_init_nobinit_nopinit                 
0000419d  __TI_cleanup                                   
20000980  __TI_cleanup_ptr                               
000033b1  __TI_closefile                                 
000036ad  __TI_decompress_lzss                           
000046e1  __TI_decompress_none                           
00003d09  __TI_doflush                                   
20000984  __TI_dtors_ptr                                 
20000988  __TI_enable_exit_profile_output                
20000970  __TI_ft_end                                    
00003b75  __TI_ltoa                                      
ffffffff  __TI_pprof_out_hndl                            
000000e5  __TI_printfi                                   
ffffffff  __TI_prof_data_size                            
ffffffff  __TI_prof_data_start                           
000041d1  __TI_readmsg                                   
00000000  __TI_static_base__                             
20000608  __TI_tmpnams                                   
0000408d  __TI_writemsg                                  
00003845  __TI_wrt_ok                                    
00004559  __TI_zero_init_nomemset                        
00003129  __aeabi_cdcmpeq                                
00003129  __aeabi_cdcmple                                
000031af  __aeabi_cdrcmple                               
00003503  __aeabi_d2f                                    
00003e7d  __aeabi_d2iz                                   
0000159f  __aeabi_dadd                                   
00001e59  __aeabi_ddiv                                   
00002605  __aeabi_dmul                                   
00001595  __aeabi_dsub                                   
0000471d  __aeabi_errno_addr                             
000040c5  __aeabi_f2d                                    
0000429d  __aeabi_i2d                                    
00001f8f  __aeabi_idiv0                                  
00001f8f  __aeabi_ldiv0                                  
00003335  __aeabi_memclr                                 
00003335  __aeabi_memclr4                                
00003335  __aeabi_memclr8                                
00002dc1  __aeabi_memcpy                                 
00002dc1  __aeabi_memcpy4                                
00002dc1  __aeabi_memcpy8                                
00003337  __aeabi_memset                                 
00003337  __aeabi_memset4                                
00003337  __aeabi_memset8                                
2000097c  __aeabi_stderr                                 
20000974  __aeabi_stdin                                  
20000978  __aeabi_stdout                                 
0000451d  __aeabi_ui2d                                   
00002ef5  __aeabi_uldivmod                               
ffffffff  __binit__                                      
ffffffff  __c_args__                                     
UNDEFED   __mpu_init                                     
2000fc00  __stack                                        
20000000  __start___llvm_prf_cnts                        
20000000  __stop___llvm_prf_cnts                         
00004205  _c_int00_noargs                                
0000473c  _ctypes_                                       
2000088c  _device                                        
2000079c  _ftable                                        
2000098c  _lock                                          
0000174b  _nop                                           
20000904  _stream                                        
200000e8  _sys_memory                                    
UNDEFED   _system_post_cinit                             
00004735  _system_pre_init                               
20000990  _unlock                                        
00004739  abort                                          
00002a51  add_device                                     
00002505  aligned_alloc                                  
00003d55  atoi                                           
ffffffff  binit                                          
00003965  close                                          
000045ad  copysign                                       
000045ad  copysignl                                      
20000768  current_speed_L                                
2000076c  current_speed_R                                
0000453d  dclose                                         
2000078c  desired_speed                                  
2000078e  desired_speed_L                                
20000790  desired_speed_R                                
20000792  differential_speed                             
20000770  distance_straight_avg                          
20000774  distance_travelled                             
20000778  distance_turn_avg                              
0000468d  dlseek                                         
000032b5  dopen                                          
00003bc9  dread                                          
000046d1  drename                                        
000046ef  dunlink                                        
00003ded  dwrite                                         
2000077c  enc_total_L                                    
20000780  enc_total_R                                    
200009a0  errno                                          
20000958  error_sum_L                                    
2000095c  error_sum_R                                    
00003e35  exit                                           
0000426d  finddevice                                     
00002f8d  fputc                                          
000021d1  fputs                                          
00002701  free                                           
00004239  freopen                                        
0000377d  frexp                                          
0000377d  frexpl                                         
000037e1  fseek                                          
20000000  g_pfnRAMVectors                                
00003f91  getdevice                                      
00002d25  init_std_uart                                  
00000000  interruptVectors                               
2000096c  ki                                             
000023f5  ldexp                                          
000023f5  ldexpl                                         
20000784  left_d                                         
00004469  lseek                                          
00000b35  main                                           
00004725  malloc                                         
00002505  memalign                                       
00004591  memccpy                                        
000044fd  memchr                                         
00002dc1  memcpy                                         
0000333d  memset                                         
00002995  open                                           
20000738  parmbuf                                        
20000794  pot_length_radius                              
20000796  pot_speed                                      
00003715  printf                                         
00002f8d  putc                                           
20000960  pwm_max                                        
20000962  pwm_min                                        
20000964  pwm_set_L                                      
20000966  pwm_set_R                                      
00004325  remove                                         
20000788  right_d                                        
20000954  run_control                                    
000023f5  scalbn                                         
000023f5  scalbnl                                        
000027e5  setvbuf                                        
20000955  state                                          
20000798  straightaway_length                            
0000463d  strchr                                         
000045f9  strcmp                                         
00004653  strcpy                                         
00004667  strlen                                         
000040fd  strncpy                                        
2000079a  turn_radius                                    
00004325  unlink                                         
0000469f  wcslen                                         
00004491  write                                          


GLOBAL SYMBOLS: SORTED BY Symbol Address 

address   name                                           
-------   ----                                           
00000000  __TI_static_base__                             
00000000  interruptVectors                               
000000e5  __TI_printfi                                   
00000400  __STACK_SIZE                                   
00000400  __SYSMEM_SIZE                                  
00000b33  ADC14_IRQHandler                               
00000b33  AES256_IRQHandler                              
00000b33  BusFault_Handler                               
00000b33  COMP_E0_IRQHandler                             
00000b33  COMP_E1_IRQHandler                             
00000b33  CS_IRQHandler                                  
00000b33  DMA_ERR_IRQHandler                             
00000b33  DMA_INT0_IRQHandler                            
00000b33  DMA_INT1_IRQHandler                            
00000b33  DMA_INT2_IRQHandler                            
00000b33  DMA_INT3_IRQHandler                            
00000b33  DebugMon_Handler                               
00000b33  Default_Handler                                
00000b33  EUSCIA0_IRQHandler                             
00000b33  EUSCIA1_IRQHandler                             
00000b33  EUSCIA2_IRQHandler                             
00000b33  EUSCIA3_IRQHandler                             
00000b33  EUSCIB0_IRQHandler                             
00000b33  EUSCIB1_IRQHandler                             
00000b33  EUSCIB2_IRQHandler                             
00000b33  EUSCIB3_IRQHandler                             
00000b33  FLCTL_IRQHandler                               
00000b33  FPU_IRQHandler                                 
00000b33  HardFault_Handler                              
00000b33  MemManage_Handler                              
00000b33  NMI_Handler                                    
00000b33  PCM_IRQHandler                                 
00000b33  PORT1_IRQHandler                               
00000b33  PORT2_IRQHandler                               
00000b33  PORT3_IRQHandler                               
00000b33  PORT4_IRQHandler                               
00000b33  PORT5_IRQHandler                               
00000b33  PORT6_IRQHandler                               
00000b33  PSS_IRQHandler                                 
00000b33  PendSV_Handler                                 
00000b33  RTC_C_IRQHandler                               
00000b33  SVC_Handler                                    
00000b33  SysTick_Handler                                
00000b33  T32_INT1_IRQHandler                            
00000b33  T32_INT2_IRQHandler                            
00000b33  T32_INTC_IRQHandler                            
00000b33  TA0_0_IRQHandler                               
00000b33  TA0_N_IRQHandler                               
00000b33  TA1_0_IRQHandler                               
00000b33  TA1_N_IRQHandler                               
00000b33  TA2_0_IRQHandler                               
00000b33  TA2_N_IRQHandler                               
00000b33  TA3_0_IRQHandler                               
00000b33  TA3_N_IRQHandler                               
00000b33  UsageFault_Handler                             
00000b33  WDT_A_IRQHandler                               
00000b35  main                                           
00001595  __aeabi_dsub                                   
0000159f  __aeabi_dadd                                   
0000174b  _nop                                           
0000174d  TimerInit                                      
000018ed  Encoder_ISR                                    
00001e59  __aeabi_ddiv                                   
00001f8f  __aeabi_idiv0                                  
00001f8f  __aeabi_ldiv0                                  
000020b5  UART_initModule                                
000021d1  fputs                                          
000023f5  ldexp                                          
000023f5  ldexpl                                         
000023f5  scalbn                                         
000023f5  scalbnl                                        
00002505  aligned_alloc                                  
00002505  memalign                                       
00002605  __aeabi_dmul                                   
00002701  free                                           
000027e5  setvbuf                                        
000028c1  Timer_A_registerInterrupt                      
00002995  open                                           
00002a51  add_device                                     
00002b09  ADC14_configureConversionMemory                
00002bbd  ADC14_configureMultiSequenceMode               
00002d25  init_std_uart                                  
00002dc1  __aeabi_memcpy                                 
00002dc1  __aeabi_memcpy4                                
00002dc1  __aeabi_memcpy8                                
00002dc1  memcpy                                         
00002e5d  SystemInit                                     
00002ef5  __aeabi_uldivmod                               
00002f8d  fputc                                          
00002f8d  putc                                           
00003019  GPIO_setAsPeripheralModuleFunctionInputPin     
000030a1  GPIO_setAsPeripheralModuleFunctionOutputPin    
00003129  __aeabi_cdcmpeq                                
00003129  __aeabi_cdcmple                                
000031af  __aeabi_cdrcmple                               
00003235  Interrupt_enableInterrupt                      
000032b5  dopen                                          
00003335  __aeabi_memclr                                 
00003335  __aeabi_memclr4                                
00003335  __aeabi_memclr8                                
00003337  __aeabi_memset                                 
00003337  __aeabi_memset4                                
00003337  __aeabi_memset8                                
0000333d  memset                                         
000033b1  __TI_closefile                                 
00003503  __aeabi_d2f                                    
00003571  HOSTrename                                     
000035dd  HOSTlseek                                      
00003645  Timer_A_configureUpMode                        
000036ad  __TI_decompress_lzss                           
00003715  printf                                         
0000377d  frexp                                          
0000377d  frexpl                                         
000037e1  fseek                                          
00003845  __TI_wrt_ok                                    
000038a9  HOSTopen                                       
00003909  Interrupt_registerInterrupt                    
00003965  close                                          
000039c1  HOSTread                                       
00003a19  HOSTwrite                                      
00003a71  Timer_A_initCapture                            
00003b21  ADC14_initModule                               
00003b75  __TI_ltoa                                      
00003bc9  dread                                          
00003c6f  Timer_A_initCompare                            
00003cbd  GPIOInit                                       
00003d09  __TI_doflush                                   
00003d55  atoi                                           
00003da1  ADCInit                                        
00003ded  dwrite                                         
00003e35  exit                                           
00003e7d  __aeabi_d2iz                                   
00003ec5  HOSTclose                                      
00003f09  HOSTunlink                                     
00003f4d  __TI_auto_init_nobinit_nopinit                 
00003f91  getdevice                                      
00003fd5  GPIO_setAsOutputPin                            
00004055  Timer_A_getCaptureCompareEnabledInterruptStatus
0000408d  __TI_writemsg                                  
000040bb  C$$IO$$                                        
000040c5  __aeabi_f2d                                    
000040fd  strncpy                                        
00004135  ADC14_enableSampleTimer                        
00004169  Timer_A_configureContinuousMode                
0000419d  __TI_cleanup                                   
000041d1  __TI_readmsg                                   
00004205  _c_int00_noargs                                
00004239  freopen                                        
0000426d  finddevice                                     
0000429d  __aeabi_i2d                                    
000042cd  ADC14_toggleConversionTrigger                  
000042f9  Timer_A_clearCaptureCompareInterrupt           
00004325  remove                                         
00004325  unlink                                         
00004351  ADC14_enableConversion                         
00004379  ADC14_getResult                                
000043a1  GPIO_setOutputHighOnPin                        
000043c9  GPIO_setOutputLowOnPin                         
000043f1  Timer_A_getCaptureCompareInterruptStatus       
00004419  Timer_A_setCompareValue                        
00004469  lseek                                          
00004491  write                                          
000044b9  Timer_A_getCaptureCompareCount                 
000044dd  ADC14_setResolution                            
000044fd  memchr                                         
0000451d  __aeabi_ui2d                                   
0000453d  dclose                                         
00004559  __TI_zero_init_nomemset                        
00004591  memccpy                                        
000045ad  copysign                                       
000045ad  copysignl                                      
000045c9  T1_100ms_ISR                                   
000045e1  Timer_A_getEnabledInterruptStatus              
000045f9  strcmp                                         
00004611  Timer_A_clearInterruptFlag                     
00004627  Timer_A_startCounter                           
0000463d  strchr                                         
00004653  strcpy                                         
00004667  strlen                                         
0000467b  Timer_A_getInterruptStatus                     
0000468d  dlseek                                         
0000469f  wcslen                                         
000046b1  ADC14_isBusy                                   
000046d1  drename                                        
000046e1  __TI_decompress_none                           
000046ef  dunlink                                        
000046fd  ADC14_enableModule                             
00004709  Reset_Handler                                  
00004715  SysInit                                        
0000471d  __aeabi_errno_addr                             
00004725  malloc                                         
00004735  _system_pre_init                               
00004739  C$$EXIT                                        
00004739  abort                                          
0000473c  _ctypes_                                       
000049ac  __TI_Handler_Table_Base                        
000049b8  __TI_Handler_Table_Limit                       
000049c8  __TI_CINIT_Base                                
000049e0  __TI_CINIT_Limit                               
20000000  __start___llvm_prf_cnts                        
20000000  __stop___llvm_prf_cnts                         
20000000  g_pfnRAMVectors                                
200000e8  _sys_memory                                    
200004e8  __CIOBUF_                                      
20000608  __TI_tmpnams                                   
200006a8  TA0cfg                                         
200006c0  TA1cfg                                         
200006d8  TA3_ccr0                                       
200006f0  TA3_ccr1                                       
20000708  TA0_ccr3                                       
20000718  TA0_ccr4                                       
20000728  TA3cfg                                         
20000738  parmbuf                                        
20000740  Tach_L                                         
20000744  Tach_L_avg                                     
20000748  Tach_L_count                                   
2000074c  Tach_L_sum                                     
20000750  Tach_L_sum_count                               
20000754  Tach_R                                         
20000758  Tach_R_avg                                     
2000075c  Tach_R_count                                   
20000760  Tach_R_sum                                     
20000764  Tach_R_sum_count                               
20000768  current_speed_L                                
2000076c  current_speed_R                                
20000770  distance_straight_avg                          
20000774  distance_travelled                             
20000778  distance_turn_avg                              
2000077c  enc_total_L                                    
20000780  enc_total_R                                    
20000784  left_d                                         
20000788  right_d                                        
2000078c  desired_speed                                  
2000078e  desired_speed_L                                
20000790  desired_speed_R                                
20000792  differential_speed                             
20000794  pot_length_radius                              
20000796  pot_speed                                      
20000798  straightaway_length                            
2000079a  turn_radius                                    
2000079c  _ftable                                        
2000088c  _device                                        
20000904  _stream                                        
20000954  run_control                                    
20000955  state                                          
20000958  error_sum_L                                    
2000095c  error_sum_R                                    
20000960  pwm_max                                        
20000962  pwm_min                                        
20000964  pwm_set_L                                      
20000966  pwm_set_R                                      
20000968  DISTANCE_BETWEEN_WHEELS                        
20000969  WHEEL_RADIUS                                   
2000096c  ki                                             
20000970  __TI_ft_end                                    
20000974  __aeabi_stdin                                  
20000978  __aeabi_stdout                                 
2000097c  __aeabi_stderr                                 
20000980  __TI_cleanup_ptr                               
20000984  __TI_dtors_ptr                                 
20000988  __TI_enable_exit_profile_output                
2000098c  _lock                                          
20000990  _unlock                                        
200009a0  errno                                          
2000fc00  __stack                                        
20010000  __STACK_END                                    
4000480c  WDTCTL_SYM                                     
ffffffff  __TI_pprof_out_hndl                            
ffffffff  __TI_prof_data_size                            
ffffffff  __TI_prof_data_start                           
ffffffff  __binit__                                      
ffffffff  __c_args__                                     
ffffffff  binit                                          
UNDEFED   __mpu_init                                     
UNDEFED   _system_post_cinit                             

[275 symbols]
