******************************************************************************
                  TI ARM Linker PC v20.2.7                     
******************************************************************************
>> Linked Sun Oct  1 18:34:02 2023

OUTPUT FILE NAME:   <TemplateProject.out>
ENTRY POINT SYMBOL: "_c_int00_noargs"  address: 000040bd


MEMORY CONFIGURATION

         name            origin    length      used     unused   attr    fill
----------------------  --------  ---------  --------  --------  ----  --------
  MAIN                  00000000   00040000  0000476c  0003b894  R  X
  INFO                  00200000   00004000  00000000  00004000  R  X
  SRAM_CODE             01000000   00010000  00000cbd  0000f343  RW X
  SRAM_DATA             20000000   00010000  00000cbd  0000f343  RW  


SEGMENT ALLOCATION MAP

run origin  load origin   length   init length attrs members
----------  ----------- ---------- ----------- ----- -------
00000000    00000000    00004770   00004770    r-x
  00000000    00000000    000000e4   000000e4    r-- .intvecs
  000000e4    000000e4    00004434   00004434    r-x .text
  00004518    00004518    000001b4   000001b4    r-- .const
  000046d0    000046d0    000000a0   000000a0    r-- .cinit
20000000    20000000    000008c0   00000000    rw-
  20000000    20000000    000000e8   00000000    rw- .vtable
  200000e8    200000e8    00000400   00000000    rw- .sysmem
  200004e8    200004e8    000001f1   00000000    rw- .data
  200006dc    200006dc    000001e4   00000000    rw- .bss
2000fc00    2000fc00    00000400   00000000    rw-
  2000fc00    2000fc00    00000400   00000000    rw- .stack


SECTION ALLOCATION MAP

 output                                  attributes/
section   page    origin      length       input sections
--------  ----  ----------  ----------   ----------------
.intvecs   0    00000000    000000e4     
                  00000000    000000e4     startup_msp432p401r_ccs.obj (.intvecs:retain)

.text      0    000000e4    00004434     
                  000000e4    00000a4e     rtsv7M4_T_le_v4SPD16_eabi.lib : _printfi.c.obj (.text:__TI_printfi)
                  00000b32    00000002     startup_msp432p401r_ccs.obj (.text:Default_Handler)
                  00000b34    000009d0     rtsv7M4_T_le_v4SPD16_eabi.lib : e_pow.c.obj (.text:pow)
                  00001504    00000270                                   : _printfi.c.obj (.text:_pconv_a)
                  00001774    000001d0                                   : _printfi.c.obj (.text:_pconv_g)
                  00001944    000001b6                                   : fd_add_t2.asm.obj (.text)
                  00001afa    00000002                                   : _lock.c.obj (.text:_nop)
                  00001afc    00000158                                   : e_sqrt.c.obj (.text:sqrt)
                  00001c54    00000144     msp432p4xx_driverlib.lib : timer_a.o (.text:privateTimer_AProcessClockSourceDivider)
                  00001d98    0000013c     rtsv7M4_T_le_v4SPD16_eabi.lib : _printfi.c.obj (.text:_pconv_e)
                  00001ed4    00000136                                   : fd_div_t2.asm.obj (.text)
                  0000200a    00000002                                   : div0.asm.obj (.text)
                  0000200c    00000124                                   : _printfi.c.obj (.text:fcvt)
                  00002130    0000011c     msp432p4xx_driverlib.lib : uart.o (.text:UART_initModule)
                  0000224c    00000114     rtsv7M4_T_le_v4SPD16_eabi.lib : fputs.c.obj (.text:fputs)
                  00002360    00000110                                   : fopen.c.obj (.text:_openfile)
                  00002470    00000110                                   : s_scalbn.c.obj (.text:scalbn)
                  00002580    00000100                                   : memory.c.obj (.text:aligned_alloc)
                  00002680    000000fc                                   : fd_mul_t2.asm.obj (.text)
                  0000277c    000000e4                                   : memory.c.obj (.text:free)
                  00002860    000000dc                                   : setvbuf.c.obj (.text:setvbuf)
                  0000293c    000000d2     msp432p4xx_driverlib.lib : timer_a.o (.text:Timer_A_registerInterrupt)
                  00002a0e    00000002     --HOLE-- [fill = 0]
                  00002a10    000000bc     rtsv7M4_T_le_v4SPD16_eabi.lib : open.c.obj (.text:open)
                  00002acc    000000b8                                   : add_device.c.obj (.text:add_device)
                  00002b84    000000b4     main.obj (.text:Timer_Init)
                  00002c38    000000b1     rtsv7M4_T_le_v4SPD16_eabi.lib : _printfi.c.obj (.text:_ltostr)
                  00002ce9    00000003     --HOLE-- [fill = 0]
                  00002cec    000000a8     main.obj (.text:Update_Timer)
                  00002d94    0000009c     engr2350_msp432.obj (.text:init_std_uart)
                  00002e30    0000009c     rtsv7M4_T_le_v4SPD16_eabi.lib : memcpy_t2.asm.obj (.text)
                  00002ecc    00000098     system_msp432p401r.obj (.text:SystemInit)
                  00002f64    00000096     rtsv7M4_T_le_v4SPD16_eabi.lib : ull_div_t2.asm.obj (.text)
                  00002ffa    00000002     --HOLE-- [fill = 0]
                  00002ffc    00000094     main.obj (.text:Port4_ISR)
                  00003090    0000008c     rtsv7M4_T_le_v4SPD16_eabi.lib : fputc.c.obj (.text:fputc)
                  0000311c    00000086                                   : fd_cmp_t2.asm.obj (.text:__aeabi_cdcmple)
                  000031a2    00000086                                   : fd_cmp_t2.asm.obj (.text:__aeabi_cdrcmple)
                  00003228    00000084     msp432p4xx_driverlib.lib : gpio.o (.text:GPIO_getEnabledInterruptStatus)
                  000032ac    00000080                              : interrupt.o (.text:Interrupt_enableInterrupt)
                  0000332c    00000080     engr2350_msp432.obj (.text:dopen)
                  000033ac    0000007a     rtsv7M4_T_le_v4SPD16_eabi.lib : memset_t2.asm.obj (.text)
                  00003426    00000002     --HOLE-- [fill = 0]
                  00003428    00000074                                   : fclose.c.obj (.text:__TI_closefile)
                  0000349c    00000070                                   : memory.c.obj (.text:split)
                  0000350c    0000006e                                   : _printfi.c.obj (.text:_mcpy)
                  0000357a    00000002     --HOLE-- [fill = 0]
                  0000357c    0000006c                                   : hostrename.c.obj (.text:HOSTrename)
                  000035e8    00000068                                   : hostlseek.c.obj (.text:HOSTlseek)
                  00003650    00000068     msp432p4xx_driverlib.lib : timer_a.o (.text:Timer_A_configureUpMode)
                  000036b8    00000068     rtsv7M4_T_le_v4SPD16_eabi.lib : copy_decompress_lzss.c.obj (.text:decompress:lzss:__TI_decompress_lzss)
                  00003720    00000068                                   : printf.c.obj (.text:printf)
                  00003788    00000064                                   : s_frexp.c.obj (.text:frexp)
                  000037ec    00000064                                   : fseek.c.obj (.text:fseek)
                  00003850    00000062                                   : _io_perm.c.obj (.text:__TI_wrt_ok)
                  000038b2    00000002     --HOLE-- [fill = 0]
                  000038b4    00000060                                   : hostopen.c.obj (.text:HOSTopen)
                  00003914    0000005c     msp432p4xx_driverlib.lib : interrupt.o (.text:Interrupt_registerInterrupt)
                  00003970    0000005c     rtsv7M4_T_le_v4SPD16_eabi.lib : close.c.obj (.text:close)
                  000039cc    00000058     msp432p4xx_driverlib.lib : gpio.o (.text:GPIO_setAsInputPinWithPullUpResistor)
                  00003a24    00000058     rtsv7M4_T_le_v4SPD16_eabi.lib : hostread.c.obj (.text:HOSTread)
                  00003a7c    00000058                                   : hostwrite.c.obj (.text:HOSTwrite)
                  00003ad4    00000056                                   : _printfi.c.obj (.text:_pconv_f)
                  00003b2a    00000054                                   : _ltoa.c.obj (.text:__TI_ltoa)
                  00003b7e    00000002     --HOLE-- [fill = 0]
                  00003b80    00000054     engr2350_msp432.obj (.text:dread)
                  00003bd4    00000052     rtsv7M4_T_le_v4SPD16_eabi.lib : _printfi.c.obj (.text:_ecpy)
                  00003c26    0000004c                                   : fflush.c.obj (.text:__TI_doflush)
                  00003c72    00000002     --HOLE-- [fill = 0]
                  00003c74    0000004c                                   : atoi.c.obj (.text:atoi)
                  00003cc0    00000048     engr2350_msp432.obj (.text:dwrite)
                  00003d08    00000048     rtsv7M4_T_le_v4SPD16_eabi.lib : exit.c.obj (.text:exit)
                  00003d50    00000048                                   : fd_toi_t2.asm.obj (.text)
                  00003d98    00000044                                   : hostclose.c.obj (.text:HOSTclose)
                  00003ddc    00000044                                   : hostunlink.c.obj (.text:HOSTunlink)
                  00003e20    00000044                                   : autoinit.c.obj (.text:__TI_auto_init_nobinit_nopinit:__TI_auto_init_nobinit_nopinit)
                  00003e64    00000044                                   : getdevice.c.obj (.text:getdevice)
                  00003ea8    00000044                                   : fd_tou_t2.asm.obj (.text)
                  00003eec    00000040     msp432p4xx_driverlib.lib : gpio.o (.text:GPIO_setAsOutputPin)
                  00003f2c    0000003e     rtsv7M4_T_le_v4SPD16_eabi.lib : _printfi.c.obj (.text:_fcpy)
                  00003f6a    00000002     --HOLE-- [fill = 0]
                  00003f6c    0000003c     main.obj (.text:GPIO_Init)
                  00003fa8    0000003c     msp432p4xx_driverlib.lib : gpio.o (.text:GPIO_interruptEdgeSelect)
                  00003fe4    00000038     rtsv7M4_T_le_v4SPD16_eabi.lib : trgmsg.c.obj (.text:__TI_writemsg)
                  0000401c    00000036                                   : strncpy.c.obj (.text:strncpy)
                  00004052    00000002     --HOLE-- [fill = 0]
                  00004054    00000034                                   : fopen.c.obj (.text:__TI_cleanup)
                  00004088    00000034                                   : trgmsg.c.obj (.text:__TI_readmsg)
                  000040bc    00000034                                   : boot_cortex_m.c.obj (.text:_c_int00_noargs:_c_int00_noargs)
                  000040f0    00000034                                   : fopen.c.obj (.text:freopen)
                  00004124    00000030     msp432p4xx_driverlib.lib : gpio.o (.text:GPIO_getInputPinValue)
                  00004154    00000030     rtsv7M4_T_le_v4SPD16_eabi.lib : getdevice.c.obj (.text:finddevice)
                  00004184    00000030     main.obj (.text:main)
                  000041b4    0000002e     rtsv7M4_T_le_v4SPD16_eabi.lib : i_tofd_t2.asm.obj (.text)
                  000041e2    00000002     --HOLE-- [fill = 0]
                  000041e4    0000002c                                   : unlink.c.obj (.text:unlink)
                  00004210    00000028     msp432p4xx_driverlib.lib : gpio.o (.text:GPIO_clearInterruptFlag)
                  00004238    00000028                              : gpio.o (.text:GPIO_enableInterrupt)
                  00004260    00000028                              : gpio.o (.text:GPIO_toggleOutputOnPin)
                  00004288    00000028     rtsv7M4_T_le_v4SPD16_eabi.lib : memory.c.obj (.text:free_list_insert)
                  000042b0    00000028                                   : lseek.c.obj (.text:lseek)
                  000042d8    00000028                                   : write.c.obj (.text:write)
                  00004300    00000024     msp432p4xx_driverlib.lib : gpio.o (.text:GPIO_getInterruptStatus)
                  00004324    00000024                              : gpio.o (.text:GPIO_registerInterrupt)
                  00004348    00000020     main.obj (.text:Timer_ISR)
                  00004368    00000020     rtsv7M4_T_le_v4SPD16_eabi.lib : memchr.c.obj (.text:memchr)
                  00004388    0000001c     engr2350_msp432.obj (.text:dclose)
                  000043a4    0000001c     rtsv7M4_T_le_v4SPD16_eabi.lib : copy_zero_init.c.obj (.text:decompress:ZI:__TI_zero_init_nomemset:__TI_zero_init_nomemset)
                  000043c0    0000001c                                   : memory.c.obj (.text:free_list_remove)
                  000043dc    0000001c                                   : memccpy.c.obj (.text:memccpy)
                  000043f8    0000001a                                   : s_copysign.c.obj (.text:copysign)
                  00004412    00000018                                   : strcmp.c.obj (.text:strcmp)
                  0000442a    00000016     msp432p4xx_driverlib.lib : timer_a.o (.text:Timer_A_clearInterruptFlag)
                  00004440    00000016                              : timer_a.o (.text:Timer_A_startCounter)
                  00004456    00000016     rtsv7M4_T_le_v4SPD16_eabi.lib : strchr.c.obj (.text:strchr)
                  0000446c    00000014                                   : strcpy.c.obj (.text:strcpy)
                  00004480    00000014                                   : strlen.c.obj (.text:strlen)
                  00004494    00000012     engr2350_msp432.obj (.text:dlseek)
                  000044a6    00000012     rtsv7M4_T_le_v4SPD16_eabi.lib : wcslen.c.obj (.text:wcslen)
                  000044b8    00000010     engr2350_msp432.obj (.text:drename)
                  000044c8    0000000e     rtsv7M4_T_le_v4SPD16_eabi.lib : copy_decompress_none.c.obj (.text:decompress:none:__TI_decompress_none)
                  000044d6    0000000e     engr2350_msp432.obj (.text:dunlink)
                  000044e4    0000000c     startup_msp432p401r_ccs.obj (.text:Reset_Handler)
                  000044f0    00000008     engr2350_msp432.obj (.text:SysInit)
                  000044f8    00000008     rtsv7M4_T_le_v4SPD16_eabi.lib : errno.c.obj (.text:__aeabi_errno_addr)
                  00004500    00000008                                   : memory.c.obj (.text:malloc)
                  00004508    00000004                                   : printf.c.obj (.text:_outc)
                  0000450c    00000004                                   : printf.c.obj (.text:_outs)
                  00004510    00000004                                   : pre_init.c.obj (.text:_system_pre_init)
                  00004514    00000004                                   : exit.c.obj (.text:abort:abort)

.const     0    00004518    000001b4     
                  00004518    00000101     rtsv7M4_T_le_v4SPD16_eabi.lib : ctype.c.obj (.const:.string:_ctypes_)
                  00004619    00000005     engr2350_msp432.obj (.const:.string:$P$T0$1)
                  0000461e    00000002     --HOLE-- [fill = 0]
                  00004620    00000030     rtsv7M4_T_le_v4SPD16_eabi.lib : e_pow.c.obj (.const:$O1$$)
                  00004650    00000030     msp432p4xx_driverlib.lib : gpio.o (.const:GPIO_PORT_TO_BASE)
                  00004680    00000028     engr2350_msp432.obj (.const:$P$T1$2)
                  000046a8    0000001c     msp432p4xx_driverlib.lib : gpio.o (.const:GPIO_PORT_TO_INT)
                  000046c4    00000008                              : interrupt.o (.const:g_pulEnRegs)

.cinit     0    000046d0    000000a0     
                  000046d0    0000006a     (.cinit..data.load) [load image, compression = lzss]
                  0000473a    00000002     --HOLE-- [fill = 0]
                  0000473c    0000000c     (__TI_handler_table)
                  00004748    00000008     (.cinit..bss.load) [load image, compression = zero_init]
                  00004750    00000008     (.cinit..vtable.load) [load image, compression = zero_init]
                  00004758    00000018     (__TI_cinit_table)

.init_array 
*          0    00000000    00000000     UNINITIALIZED

.binit     0    00000000    00000000     

.vtable    0    20000000    000000e8     UNINITIALIZED
                  20000000    000000e8     msp432p4xx_driverlib.lib : interrupt.o (.vtable)

.sysmem    0    200000e8    00000400     UNINITIALIZED
                  200000e8    00000010     rtsv7M4_T_le_v4SPD16_eabi.lib : memory.c.obj (.sysmem)
                  200000f8    000003f0     --HOLE--

.data      0    200004e8    000001f1     UNINITIALIZED
                  200004e8    000000f0     rtsv7M4_T_le_v4SPD16_eabi.lib : defs.c.obj (.data:_ftable)
                  200005d8    00000078                                   : host_device.c.obj (.data:_device)
                  20000650    00000050                                   : host_device.c.obj (.data:_stream)
                  200006a0    00000010                                   : defs.c.obj (.data)
                  200006b0    0000000c                                   : exit.c.obj (.data:$O1$$)
                  200006bc    00000008                                   : _lock.c.obj (.data:$O1$$)
                  200006c4    00000008                                   : memory.c.obj (.data:$O1$$)
                  200006cc    00000004                                   : add_device.c.obj (.data)
                  200006d0    00000004                                   : errno.c.obj (.data)
                  200006d4    00000004                                   : open.c.obj (.data)
                  200006d8    00000001     main.obj (.data)

.bss       0    200006dc    000001e4     UNINITIALIZED
                  200006dc    00000120     rtsv7M4_T_le_v4SPD16_eabi.lib : trgmsg.c.obj (.bss:_CIOBUF_)
                  200007fc    000000a0     (.common:__TI_tmpnams)
                  2000089c    00000018     (.common:timer)
                  200008b4    00000008     (.common:parmbuf)
                  200008bc    00000004     (.common:time)

.stack     0    2000fc00    00000400     UNINITIALIZED
                  2000fc00    00000004     rtsv7M4_T_le_v4SPD16_eabi.lib : boot_cortex_m.c.obj (.stack)
                  2000fc04    000003fc     --HOLE--

__llvm_prf_cnts 
*          0    20000000    00000000     UNINITIALIZED

MODULE SUMMARY

       Module                        code    ro data   rw data
       ------                        ----    -------   -------
    .\
       main.obj                      636     0         58     
    +--+-----------------------------+-------+---------+---------+
       Total:                        636     0         58     
                                                              
    .\src\
       engr2350_msp432.obj           524     45        0      
       startup_msp432p401r_ccs.obj   14      228       0      
       system_msp432p401r.obj        152     0         0      
    +--+-----------------------------+-------+---------+---------+
       Total:                        690     273       0      
                                                              
    C:/ti/simplelink_msp432p4_sdk_3_40_01_02/source/ti/devices/msp432p4xx/driverlib/ccs/msp432p4xx_driverlib.lib
       interrupt.o                   220     8         464    
       timer_a.o                     682     0         0      
       gpio.o                        584     76        0      
       uart.o                        284     0         0      
    +--+-----------------------------+-------+---------+---------+
       Total:                        1770    84        464    
                                                              
    C:\ti\ccs1240\ccs\tools\compiler\ti-cgt-arm_20.2.7.LTS\lib\rtsv7M4_T_le_v4SPD16_eabi.lib
       _printfi.c.obj                4851    0         0      
       e_pow.c.obj                   2512    48        0      
       defs.c.obj                    0       0         832    
       memory.c.obj                  672     0         16     
       trgmsg.c.obj                  108     0         576    
       fd_add_t2.asm.obj             438     0         0      
       host_device.c.obj             0       0         400    
       fopen.c.obj                   376     0         0      
       e_sqrt.c.obj                  344     0         0      
       fd_div_t2.asm.obj             310     0         0      
       fputs.c.obj                   276     0         0      
       s_scalbn.c.obj                272     0         0      
       fd_cmp_t2.asm.obj             268     0         0      
       ctype.c.obj                   0       257       0      
       fd_mul_t2.asm.obj             252     0         0      
       setvbuf.c.obj                 220     0         0      
       open.c.obj                    188     0         8      
       add_device.c.obj              184     0         8      
       memcpy_t2.asm.obj             156     0         0      
       ull_div_t2.asm.obj            150     0         0      
       fputc.c.obj                   140     0         0      
       memset_t2.asm.obj             122     0         0      
       fclose.c.obj                  116     0         0      
       getdevice.c.obj               116     0         0      
       hostopen.c.obj                96      0         16     
       printf.c.obj                  112     0         0      
       hostrename.c.obj              108     0         0      
       copy_decompress_lzss.c.obj    104     0         0      
       hostlseek.c.obj               104     0         0      
       exit.c.obj                    76      0         24     
       fseek.c.obj                   100     0         0      
       s_frexp.c.obj                 100     0         0      
       _io_perm.c.obj                98      0         0      
       close.c.obj                   92      0         0      
       hostread.c.obj                88      0         0      
       hostwrite.c.obj               88      0         0      
       _ltoa.c.obj                   84      0         0      
       atoi.c.obj                    76      0         0      
       fflush.c.obj                  76      0         0      
       fd_toi_t2.asm.obj             72      0         0      
       autoinit.c.obj                68      0         0      
       fd_tou_t2.asm.obj             68      0         0      
       hostclose.c.obj               68      0         0      
       hostunlink.c.obj              68      0         0      
       strncpy.c.obj                 54      0         0      
       boot_cortex_m.c.obj           52      0         0      
       i_tofd_t2.asm.obj             46      0         0      
       unlink.c.obj                  44      0         0      
       lseek.c.obj                   40      0         0      
       write.c.obj                   40      0         0      
       memchr.c.obj                  32      0         0      
       copy_zero_init.c.obj          28      0         0      
       memccpy.c.obj                 28      0         0      
       s_copysign.c.obj              26      0         0      
       strcmp.c.obj                  24      0         0      
       strchr.c.obj                  22      0         0      
       strcpy.c.obj                  20      0         0      
       strlen.c.obj                  20      0         0      
       _lock.c.obj                   2       0         16     
       wcslen.c.obj                  18      0         0      
       errno.c.obj                   8       0         8      
       copy_decompress_none.c.obj    14      0         0      
       pre_init.c.obj                4       0         0      
       div0.asm.obj                  2       0         0      
    +--+-----------------------------+-------+---------+---------+
       Total:                        14341   305       1904   
                                                              
       Heap:                         0       0         2048   
       Stack:                        0       0         2048   
       Linker Generated:             0       158       0      
    +--+-----------------------------+-------+---------+---------+
       Grand Total:                  17437   820       6522   


LINKER GENERATED COPY TABLES

__TI_cinit_table @ 00004758 records: 3, size/record: 8, table size: 24
	.data: load addr=000046d0, load size=0000006a bytes, run addr=200004e8, run size=000001f1 bytes, compression=lzss
	.bss: load addr=00004748, load size=00000008 bytes, run addr=200006dc, run size=000001e4 bytes, compression=zero_init
	.vtable: load addr=00004750, load size=00000008 bytes, run addr=20000000, run size=000000e8 bytes, compression=zero_init


LINKER GENERATED HANDLER TABLE

__TI_handler_table @ 0000473c records: 3, size/record: 4, table size: 12
	index: 0, handler: __TI_zero_init
	index: 1, handler: __TI_decompress_lzss
	index: 2, handler: __TI_decompress_none


GLOBAL SYMBOLS: SORTED ALPHABETICALLY BY Name 

address   name                                
-------   ----                                
00000b33  ADC14_IRQHandler                    
00000b33  AES256_IRQHandler                   
00000b33  BusFault_Handler                    
00004515  C$$EXIT                             
00004013  C$$IO$$                             
00000b33  COMP_E0_IRQHandler                  
00000b33  COMP_E1_IRQHandler                  
00000b33  CS_IRQHandler                       
00000b33  DMA_ERR_IRQHandler                  
00000b33  DMA_INT0_IRQHandler                 
00000b33  DMA_INT1_IRQHandler                 
00000b33  DMA_INT2_IRQHandler                 
00000b33  DMA_INT3_IRQHandler                 
00000b33  DebugMon_Handler                    
00000b33  Default_Handler                     
00000b33  EUSCIA0_IRQHandler                  
00000b33  EUSCIA1_IRQHandler                  
00000b33  EUSCIA2_IRQHandler                  
00000b33  EUSCIA3_IRQHandler                  
00000b33  EUSCIB0_IRQHandler                  
00000b33  EUSCIB1_IRQHandler                  
00000b33  EUSCIB2_IRQHandler                  
00000b33  EUSCIB3_IRQHandler                  
00000b33  FLCTL_IRQHandler                    
00000b33  FPU_IRQHandler                      
00003f6d  GPIO_Init                           
00004211  GPIO_clearInterruptFlag             
00004239  GPIO_enableInterrupt                
00003229  GPIO_getEnabledInterruptStatus      
00004125  GPIO_getInputPinValue               
00004301  GPIO_getInterruptStatus             
00003fa9  GPIO_interruptEdgeSelect            
00004325  GPIO_registerInterrupt              
000039cd  GPIO_setAsInputPinWithPullUpResistor
00003eed  GPIO_setAsOutputPin                 
00004261  GPIO_toggleOutputOnPin              
00003d99  HOSTclose                           
000035e9  HOSTlseek                           
000038b5  HOSTopen                            
00003a25  HOSTread                            
0000357d  HOSTrename                          
00003ddd  HOSTunlink                          
00003a7d  HOSTwrite                           
00000b33  HardFault_Handler                   
000032ad  Interrupt_enableInterrupt           
00003915  Interrupt_registerInterrupt         
00000b33  MemManage_Handler                   
00000b33  NMI_Handler                         
00000b33  PCM_IRQHandler                      
00000b33  PORT1_IRQHandler                    
00000b33  PORT2_IRQHandler                    
00000b33  PORT3_IRQHandler                    
00000b33  PORT4_IRQHandler                    
00000b33  PORT5_IRQHandler                    
00000b33  PORT6_IRQHandler                    
00000b33  PSS_IRQHandler                      
00000b33  PendSV_Handler                      
00002ffd  Port4_ISR                           
00000b33  RTC_C_IRQHandler                    
000044e5  Reset_Handler                       
00000b33  SVC_Handler                         
000044f1  SysInit                             
00000b33  SysTick_Handler                     
00002ecd  SystemInit                          
00000b33  T32_INT1_IRQHandler                 
00000b33  T32_INT2_IRQHandler                 
00000b33  T32_INTC_IRQHandler                 
00000b33  TA0_0_IRQHandler                    
00000b33  TA0_N_IRQHandler                    
00000b33  TA1_0_IRQHandler                    
00000b33  TA1_N_IRQHandler                    
00000b33  TA2_0_IRQHandler                    
00000b33  TA2_N_IRQHandler                    
00000b33  TA3_0_IRQHandler                    
00000b33  TA3_N_IRQHandler                    
0000442b  Timer_A_clearInterruptFlag          
00003651  Timer_A_configureUpMode             
0000293d  Timer_A_registerInterrupt           
00004441  Timer_A_startCounter                
00004349  Timer_ISR                           
00002b85  Timer_Init                          
00002131  UART_initModule                     
00002ced  Update_Timer                        
00000b33  UsageFault_Handler                  
4000480c  WDTCTL_SYM                          
00000b33  WDT_A_IRQHandler                    
200006dc  __CIOBUF_                           
20010000  __STACK_END                         
00000400  __STACK_SIZE                        
00000400  __SYSMEM_SIZE                       
00004758  __TI_CINIT_Base                     
00004770  __TI_CINIT_Limit                    
0000473c  __TI_Handler_Table_Base             
00004748  __TI_Handler_Table_Limit            
00003e21  __TI_auto_init_nobinit_nopinit      
00004055  __TI_cleanup                        
200006b0  __TI_cleanup_ptr                    
00003429  __TI_closefile                      
000036b9  __TI_decompress_lzss                
000044c9  __TI_decompress_none                
00003c27  __TI_doflush                        
200006b4  __TI_dtors_ptr                      
200006b8  __TI_enable_exit_profile_output     
200006a0  __TI_ft_end                         
00003b2b  __TI_ltoa                           
ffffffff  __TI_pprof_out_hndl                 
000000e5  __TI_printfi                        
ffffffff  __TI_prof_data_size                 
ffffffff  __TI_prof_data_start                
00004089  __TI_readmsg                        
00000000  __TI_static_base__                  
200007fc  __TI_tmpnams                        
00003fe5  __TI_writemsg                       
00003851  __TI_wrt_ok                         
000043a5  __TI_zero_init_nomemset             
0000311d  __aeabi_cdcmpeq                     
0000311d  __aeabi_cdcmple                     
000031a3  __aeabi_cdrcmple                    
00003d51  __aeabi_d2iz                        
00003ea9  __aeabi_d2uiz                       
0000194f  __aeabi_dadd                        
00001ed5  __aeabi_ddiv                        
00002681  __aeabi_dmul                        
00001945  __aeabi_dsub                        
000044f9  __aeabi_errno_addr                  
000041b5  __aeabi_i2d                         
0000200b  __aeabi_idiv0                       
0000200b  __aeabi_ldiv0                       
000033ad  __aeabi_memclr                      
000033ad  __aeabi_memclr4                     
000033ad  __aeabi_memclr8                     
00002e31  __aeabi_memcpy                      
00002e31  __aeabi_memcpy4                     
00002e31  __aeabi_memcpy8                     
000033af  __aeabi_memset                      
000033af  __aeabi_memset4                     
000033af  __aeabi_memset8                     
200006ac  __aeabi_stderr                      
200006a4  __aeabi_stdin                       
200006a8  __aeabi_stdout                      
00002f65  __aeabi_uldivmod                    
ffffffff  __binit__                           
ffffffff  __c_args__                          
UNDEFED   __mpu_init                          
2000fc00  __stack                             
20000000  __start___llvm_prf_cnts             
20000000  __stop___llvm_prf_cnts              
000040bd  _c_int00_noargs                     
00004518  _ctypes_                            
200005d8  _device                             
200004e8  _ftable                             
200006bc  _lock                               
00001afb  _nop                                
20000650  _stream                             
200000e8  _sys_memory                         
UNDEFED   _system_post_cinit                  
00004511  _system_pre_init                    
200006c0  _unlock                             
00004515  abort                               
00002acd  add_device                          
00002581  aligned_alloc                       
00003c75  atoi                                
ffffffff  binit                               
00003971  close                               
000043f9  copysign                            
000043f9  copysignl                           
00004389  dclose                              
00004495  dlseek                              
0000332d  dopen                               
00003b81  dread                               
000044b9  drename                             
000044d7  dunlink                             
00003cc1  dwrite                              
200006d0  errno                               
00003d09  exit                                
00004155  finddevice                          
200006d8  flag                                
00003091  fputc                               
0000224d  fputs                               
0000277d  free                                
000040f1  freopen                             
00003789  frexp                               
00003789  frexpl                              
000037ed  fseek                               
20000000  g_pfnRAMVectors                     
00003e65  getdevice                           
00002d95  init_std_uart                       
00000000  interruptVectors                    
00002471  ldexp                               
00002471  ldexpl                              
000042b1  lseek                               
00004185  main                                
00004501  malloc                              
00002581  memalign                            
000043dd  memccpy                             
00004369  memchr                              
00002e31  memcpy                              
000033b5  memset                              
00002a11  open                                
200008b4  parmbuf                             
00000b35  pow                                 
00000b35  powl                                
00003721  printf                              
00003091  putc                                
000041e5  remove                              
00002471  scalbn                              
00002471  scalbnl                             
00002861  setvbuf                             
00001afd  sqrt                                
00001afd  sqrtl                               
00004457  strchr                              
00004413  strcmp                              
0000446d  strcpy                              
00004481  strlen                              
0000401d  strncpy                             
200008bc  time                                
2000089c  timer                               
000041e5  unlink                              
000044a7  wcslen                              
000042d9  write                               


GLOBAL SYMBOLS: SORTED BY Symbol Address 

address   name                                
-------   ----                                
00000000  __TI_static_base__                  
00000000  interruptVectors                    
000000e5  __TI_printfi                        
00000400  __STACK_SIZE                        
00000400  __SYSMEM_SIZE                       
00000b33  ADC14_IRQHandler                    
00000b33  AES256_IRQHandler                   
00000b33  BusFault_Handler                    
00000b33  COMP_E0_IRQHandler                  
00000b33  COMP_E1_IRQHandler                  
00000b33  CS_IRQHandler                       
00000b33  DMA_ERR_IRQHandler                  
00000b33  DMA_INT0_IRQHandler                 
00000b33  DMA_INT1_IRQHandler                 
00000b33  DMA_INT2_IRQHandler                 
00000b33  DMA_INT3_IRQHandler                 
00000b33  DebugMon_Handler                    
00000b33  Default_Handler                     
00000b33  EUSCIA0_IRQHandler                  
00000b33  EUSCIA1_IRQHandler                  
00000b33  EUSCIA2_IRQHandler                  
00000b33  EUSCIA3_IRQHandler                  
00000b33  EUSCIB0_IRQHandler                  
00000b33  EUSCIB1_IRQHandler                  
00000b33  EUSCIB2_IRQHandler                  
00000b33  EUSCIB3_IRQHandler                  
00000b33  FLCTL_IRQHandler                    
00000b33  FPU_IRQHandler                      
00000b33  HardFault_Handler                   
00000b33  MemManage_Handler                   
00000b33  NMI_Handler                         
00000b33  PCM_IRQHandler                      
00000b33  PORT1_IRQHandler                    
00000b33  PORT2_IRQHandler                    
00000b33  PORT3_IRQHandler                    
00000b33  PORT4_IRQHandler                    
00000b33  PORT5_IRQHandler                    
00000b33  PORT6_IRQHandler                    
00000b33  PSS_IRQHandler                      
00000b33  PendSV_Handler                      
00000b33  RTC_C_IRQHandler                    
00000b33  SVC_Handler                         
00000b33  SysTick_Handler                     
00000b33  T32_INT1_IRQHandler                 
00000b33  T32_INT2_IRQHandler                 
00000b33  T32_INTC_IRQHandler                 
00000b33  TA0_0_IRQHandler                    
00000b33  TA0_N_IRQHandler                    
00000b33  TA1_0_IRQHandler                    
00000b33  TA1_N_IRQHandler                    
00000b33  TA2_0_IRQHandler                    
00000b33  TA2_N_IRQHandler                    
00000b33  TA3_0_IRQHandler                    
00000b33  TA3_N_IRQHandler                    
00000b33  UsageFault_Handler                  
00000b33  WDT_A_IRQHandler                    
00000b35  pow                                 
00000b35  powl                                
00001945  __aeabi_dsub                        
0000194f  __aeabi_dadd                        
00001afb  _nop                                
00001afd  sqrt                                
00001afd  sqrtl                               
00001ed5  __aeabi_ddiv                        
0000200b  __aeabi_idiv0                       
0000200b  __aeabi_ldiv0                       
00002131  UART_initModule                     
0000224d  fputs                               
00002471  ldexp                               
00002471  ldexpl                              
00002471  scalbn                              
00002471  scalbnl                             
00002581  aligned_alloc                       
00002581  memalign                            
00002681  __aeabi_dmul                        
0000277d  free                                
00002861  setvbuf                             
0000293d  Timer_A_registerInterrupt           
00002a11  open                                
00002acd  add_device                          
00002b85  Timer_Init                          
00002ced  Update_Timer                        
00002d95  init_std_uart                       
00002e31  __aeabi_memcpy                      
00002e31  __aeabi_memcpy4                     
00002e31  __aeabi_memcpy8                     
00002e31  memcpy                              
00002ecd  SystemInit                          
00002f65  __aeabi_uldivmod                    
00002ffd  Port4_ISR                           
00003091  fputc                               
00003091  putc                                
0000311d  __aeabi_cdcmpeq                     
0000311d  __aeabi_cdcmple                     
000031a3  __aeabi_cdrcmple                    
00003229  GPIO_getEnabledInterruptStatus      
000032ad  Interrupt_enableInterrupt           
0000332d  dopen                               
000033ad  __aeabi_memclr                      
000033ad  __aeabi_memclr4                     
000033ad  __aeabi_memclr8                     
000033af  __aeabi_memset                      
000033af  __aeabi_memset4                     
000033af  __aeabi_memset8                     
000033b5  memset                              
00003429  __TI_closefile                      
0000357d  HOSTrename                          
000035e9  HOSTlseek                           
00003651  Timer_A_configureUpMode             
000036b9  __TI_decompress_lzss                
00003721  printf                              
00003789  frexp                               
00003789  frexpl                              
000037ed  fseek                               
00003851  __TI_wrt_ok                         
000038b5  HOSTopen                            
00003915  Interrupt_registerInterrupt         
00003971  close                               
000039cd  GPIO_setAsInputPinWithPullUpResistor
00003a25  HOSTread                            
00003a7d  HOSTwrite                           
00003b2b  __TI_ltoa                           
00003b81  dread                               
00003c27  __TI_doflush                        
00003c75  atoi                                
00003cc1  dwrite                              
00003d09  exit                                
00003d51  __aeabi_d2iz                        
00003d99  HOSTclose                           
00003ddd  HOSTunlink                          
00003e21  __TI_auto_init_nobinit_nopinit      
00003e65  getdevice                           
00003ea9  __aeabi_d2uiz                       
00003eed  GPIO_setAsOutputPin                 
00003f6d  GPIO_Init                           
00003fa9  GPIO_interruptEdgeSelect            
00003fe5  __TI_writemsg                       
00004013  C$$IO$$                             
0000401d  strncpy                             
00004055  __TI_cleanup                        
00004089  __TI_readmsg                        
000040bd  _c_int00_noargs                     
000040f1  freopen                             
00004125  GPIO_getInputPinValue               
00004155  finddevice                          
00004185  main                                
000041b5  __aeabi_i2d                         
000041e5  remove                              
000041e5  unlink                              
00004211  GPIO_clearInterruptFlag             
00004239  GPIO_enableInterrupt                
00004261  GPIO_toggleOutputOnPin              
000042b1  lseek                               
000042d9  write                               
00004301  GPIO_getInterruptStatus             
00004325  GPIO_registerInterrupt              
00004349  Timer_ISR                           
00004369  memchr                              
00004389  dclose                              
000043a5  __TI_zero_init_nomemset             
000043dd  memccpy                             
000043f9  copysign                            
000043f9  copysignl                           
00004413  strcmp                              
0000442b  Timer_A_clearInterruptFlag          
00004441  Timer_A_startCounter                
00004457  strchr                              
0000446d  strcpy                              
00004481  strlen                              
00004495  dlseek                              
000044a7  wcslen                              
000044b9  drename                             
000044c9  __TI_decompress_none                
000044d7  dunlink                             
000044e5  Reset_Handler                       
000044f1  SysInit                             
000044f9  __aeabi_errno_addr                  
00004501  malloc                              
00004511  _system_pre_init                    
00004515  C$$EXIT                             
00004515  abort                               
00004518  _ctypes_                            
0000473c  __TI_Handler_Table_Base             
00004748  __TI_Handler_Table_Limit            
00004758  __TI_CINIT_Base                     
00004770  __TI_CINIT_Limit                    
20000000  __start___llvm_prf_cnts             
20000000  __stop___llvm_prf_cnts              
20000000  g_pfnRAMVectors                     
200000e8  _sys_memory                         
200004e8  _ftable                             
200005d8  _device                             
20000650  _stream                             
200006a0  __TI_ft_end                         
200006a4  __aeabi_stdin                       
200006a8  __aeabi_stdout                      
200006ac  __aeabi_stderr                      
200006b0  __TI_cleanup_ptr                    
200006b4  __TI_dtors_ptr                      
200006b8  __TI_enable_exit_profile_output     
200006bc  _lock                               
200006c0  _unlock                             
200006d0  errno                               
200006d8  flag                                
200006dc  __CIOBUF_                           
200007fc  __TI_tmpnams                        
2000089c  timer                               
200008b4  parmbuf                             
200008bc  time                                
2000fc00  __stack                             
20010000  __STACK_END                         
4000480c  WDTCTL_SYM                          
ffffffff  __TI_pprof_out_hndl                 
ffffffff  __TI_prof_data_size                 
ffffffff  __TI_prof_data_start                
ffffffff  __binit__                           
ffffffff  __c_args__                          
ffffffff  binit                               
UNDEFED   __mpu_init                          
UNDEFED   _system_post_cinit                  

[220 symbols]
