******************************************************************************
                  TI ARM Linker PC v20.2.7                     
******************************************************************************
>> Linked Mon Oct 16 14:56:05 2023

OUTPUT FILE NAME:   <Lab2_template.out>
ENTRY POINT SYMBOL: "_c_int00_noargs"  address: 00003b01


MEMORY CONFIGURATION

         name            origin    length      used     unused   attr    fill
----------------------  --------  ---------  --------  --------  ----  --------
  MAIN                  00000000   00040000  00004161  0003be9f  R  X
  INFO                  00200000   00004000  00000000  00004000  R  X
  SRAM_CODE             01000000   00010000  00000cd5  0000f32b  RW X
  SRAM_DATA             20000000   00010000  00000cd5  0000f32b  RW  


SEGMENT ALLOCATION MAP

run origin  load origin   length   init length attrs members
----------  ----------- ---------- ----------- ----- -------
00000000    00000000    00004168   00004168    r-x
  00000000    00000000    000000e4   000000e4    r-- .intvecs
  000000e4    000000e4    00003e74   00003e74    r-x .text
  00003f58    00003f58    00000169   00000169    r-- .const
  000040c8    000040c8    000000a0   000000a0    r-- .cinit
20000000    20000000    000008d5   00000000    rw-
  20000000    20000000    000000e8   00000000    rw- .vtable
  200000e8    200000e8    00000400   00000000    rw- .sysmem
  200004e8    200004e8    000001fc   00000000    rw- .data
  200006e4    200006e4    000001f1   00000000    rw- .bss
2000fc00    2000fc00    00000400   00000000    rw-
  2000fc00    2000fc00    00000400   00000000    rw- .stack


SECTION ALLOCATION MAP

 output                                  attributes/
section   page    origin      length       input sections
--------  ----  ----------  ----------   ----------------
.intvecs   0    00000000    000000e4     
                  00000000    000000e4     startup_msp432p401r_ccs.obj (.intvecs:retain)

.text      0    000000e4    00003e74     
                  000000e4    00000a4e     rtsv7M4_T_le_v4SPD16_eabi.lib : _printfi.c.obj (.text:__TI_printfi)
                  00000b32    00000002     startup_msp432p401r_ccs.obj (.text:Default_Handler)
                  00000b34    00000270     rtsv7M4_T_le_v4SPD16_eabi.lib : _printfi.c.obj (.text:_pconv_a)
                  00000da4    00000234     main.obj (.text:main)
                  00000fd8    000001d0     rtsv7M4_T_le_v4SPD16_eabi.lib : _printfi.c.obj (.text:_pconv_g)
                  000011a8    000001b6                                   : fd_add_t2.asm.obj (.text)
                  0000135e    00000002                                   : _lock.c.obj (.text:_nop)
                  00001360    00000144     msp432p4xx_driverlib.lib : timer_a.o (.text:privateTimer_AProcessClockSourceDivider)
                  000014a4    0000013c     rtsv7M4_T_le_v4SPD16_eabi.lib : _printfi.c.obj (.text:_pconv_e)
                  000015e0    00000136                                   : fd_div_t2.asm.obj (.text)
                  00001716    00000002                                   : div0.asm.obj (.text)
                  00001718    00000124                                   : _printfi.c.obj (.text:fcvt)
                  0000183c    0000011c     msp432p4xx_driverlib.lib : uart.o (.text:UART_initModule)
                  00001958    0000011a     main.obj (.text:checkGuess)
                  00001a72    00000002     --HOLE-- [fill = 0]
                  00001a74    00000114     rtsv7M4_T_le_v4SPD16_eabi.lib : fputs.c.obj (.text:fputs)
                  00001b88    00000110                                   : fopen.c.obj (.text:_openfile)
                  00001c98    00000110                                   : s_scalbn.c.obj (.text:scalbn)
                  00001da8    00000106     main.obj (.text:readBumpers)
                  00001eae    00000104     main.obj (.text:setRGB)
                  00001fb2    00000002     --HOLE-- [fill = 0]
                  00001fb4    00000100     rtsv7M4_T_le_v4SPD16_eabi.lib : memory.c.obj (.text:aligned_alloc)
                  000020b4    000000fc                                   : fd_mul_t2.asm.obj (.text)
                  000021b0    000000ea     main.obj (.text:printResult)
                  0000229a    00000002     --HOLE-- [fill = 0]
                  0000229c    000000e4     rtsv7M4_T_le_v4SPD16_eabi.lib : memory.c.obj (.text:free)
                  00002380    000000dc                                   : setvbuf.c.obj (.text:setvbuf)
                  0000245c    000000d2     msp432p4xx_driverlib.lib : timer_a.o (.text:Timer_A_registerInterrupt)
                  0000252e    00000002     --HOLE-- [fill = 0]
                  00002530    000000bc     rtsv7M4_T_le_v4SPD16_eabi.lib : open.c.obj (.text:open)
                  000025ec    000000b8                                   : add_device.c.obj (.text:add_device)
                  000026a4    000000b1                                   : _printfi.c.obj (.text:_ltostr)
                  00002755    00000003     --HOLE-- [fill = 0]
                  00002758    000000a4     main.obj (.text:Timer_ISR)
                  000027fc    0000009c     engr2350_msp432.obj (.text:init_std_uart)
                  00002898    0000009c     rtsv7M4_T_le_v4SPD16_eabi.lib : memcpy_t2.asm.obj (.text)
                  00002934    00000098     system_msp432p401r.obj (.text:SystemInit)
                  000029cc    00000096     rtsv7M4_T_le_v4SPD16_eabi.lib : ull_div_t2.asm.obj (.text)
                  00002a62    00000002     --HOLE-- [fill = 0]
                  00002a64    0000008c                                   : fputc.c.obj (.text:fputc)
                  00002af0    00000086                                   : fd_cmp_t2.asm.obj (.text:__aeabi_cdcmple)
                  00002b76    00000086                                   : fd_cmp_t2.asm.obj (.text:__aeabi_cdrcmple)
                  00002bfc    00000080     msp432p4xx_driverlib.lib : interrupt.o (.text:Interrupt_enableInterrupt)
                  00002c7c    00000080     engr2350_msp432.obj (.text:dopen)
                  00002cfc    0000007a     rtsv7M4_T_le_v4SPD16_eabi.lib : memset_t2.asm.obj (.text)
                  00002d76    00000002     --HOLE-- [fill = 0]
                  00002d78    00000074                                   : fclose.c.obj (.text:__TI_closefile)
                  00002dec    00000070                                   : memory.c.obj (.text:split)
                  00002e5c    0000006e                                   : _printfi.c.obj (.text:_mcpy)
                  00002eca    00000002     --HOLE-- [fill = 0]
                  00002ecc    0000006c                                   : hostrename.c.obj (.text:HOSTrename)
                  00002f38    0000006c     main.obj (.text:Update_Timer)
                  00002fa4    00000068     rtsv7M4_T_le_v4SPD16_eabi.lib : hostlseek.c.obj (.text:HOSTlseek)
                  0000300c    00000068     msp432p4xx_driverlib.lib : timer_a.o (.text:Timer_A_configureUpMode)
                  00003074    00000068     rtsv7M4_T_le_v4SPD16_eabi.lib : copy_decompress_lzss.c.obj (.text:decompress:lzss:__TI_decompress_lzss)
                  000030dc    00000068                                   : printf.c.obj (.text:printf)
                  00003144    00000064                                   : s_frexp.c.obj (.text:frexp)
                  000031a8    00000064                                   : fseek.c.obj (.text:fseek)
                  0000320c    00000062                                   : _io_perm.c.obj (.text:__TI_wrt_ok)
                  0000326e    00000002     --HOLE-- [fill = 0]
                  00003270    00000060                                   : hostopen.c.obj (.text:HOSTopen)
                  000032d0    00000060     main.obj (.text:create_sequence)
                  00003330    0000005c     msp432p4xx_driverlib.lib : interrupt.o (.text:Interrupt_registerInterrupt)
                  0000338c    0000005c     rtsv7M4_T_le_v4SPD16_eabi.lib : close.c.obj (.text:close)
                  000033e8    00000058     msp432p4xx_driverlib.lib : gpio.o (.text:GPIO_setAsInputPinWithPullUpResistor)
                  00003440    00000058     rtsv7M4_T_le_v4SPD16_eabi.lib : hostread.c.obj (.text:HOSTread)
                  00003498    00000058                                   : hostwrite.c.obj (.text:HOSTwrite)
                  000034f0    00000056                                   : _printfi.c.obj (.text:_pconv_f)
                  00003546    00000002     --HOLE-- [fill = 0]
                  00003548    00000054     main.obj (.text:Timer_Init)
                  0000359c    00000054     rtsv7M4_T_le_v4SPD16_eabi.lib : _ltoa.c.obj (.text:__TI_ltoa)
                  000035f0    00000054     engr2350_msp432.obj (.text:dread)
                  00003644    00000052     rtsv7M4_T_le_v4SPD16_eabi.lib : _printfi.c.obj (.text:_ecpy)
                  00003696    00000002     --HOLE-- [fill = 0]
                  00003698    0000004c     msp432p4xx_driverlib.lib : gpio.o (.text:GPIO_setAsInputPin)
                  000036e4    0000004c     rtsv7M4_T_le_v4SPD16_eabi.lib : fflush.c.obj (.text:__TI_doflush)
                  00003730    0000004c                                   : atoi.c.obj (.text:atoi)
                  0000377c    00000048     engr2350_msp432.obj (.text:dwrite)
                  000037c4    00000048     rtsv7M4_T_le_v4SPD16_eabi.lib : exit.c.obj (.text:exit)
                  0000380c    00000048                                   : fd_toi_t2.asm.obj (.text)
                  00003854    00000044                                   : hostclose.c.obj (.text:HOSTclose)
                  00003898    00000044                                   : hostunlink.c.obj (.text:HOSTunlink)
                  000038dc    00000044                                   : autoinit.c.obj (.text:__TI_auto_init_nobinit_nopinit:__TI_auto_init_nobinit_nopinit)
                  00003920    00000044                                   : getdevice.c.obj (.text:getdevice)
                  00003964    00000044     main.obj (.text:reset_user_sequence)
                  000039a8    00000040     msp432p4xx_driverlib.lib : gpio.o (.text:GPIO_setAsOutputPin)
                  000039e8    0000003e     rtsv7M4_T_le_v4SPD16_eabi.lib : _printfi.c.obj (.text:_fcpy)
                  00003a26    00000002     --HOLE-- [fill = 0]
                  00003a28    00000038                                   : trgmsg.c.obj (.text:__TI_writemsg)
                  00003a60    00000036                                   : strncpy.c.obj (.text:strncpy)
                  00003a96    00000002     --HOLE-- [fill = 0]
                  00003a98    00000034                                   : fopen.c.obj (.text:__TI_cleanup)
                  00003acc    00000034                                   : trgmsg.c.obj (.text:__TI_readmsg)
                  00003b00    00000034                                   : boot_cortex_m.c.obj (.text:_c_int00_noargs:_c_int00_noargs)
                  00003b34    00000034                                   : fopen.c.obj (.text:freopen)
                  00003b68    00000034     main.obj (.text:half_second_delay)
                  00003b9c    00000034     rtsv7M4_T_le_v4SPD16_eabi.lib : rand.c.obj (.text:rand)
                  00003bd0    00000030     msp432p4xx_driverlib.lib : gpio.o (.text:GPIO_getInputPinValue)
                  00003c00    00000030     rtsv7M4_T_le_v4SPD16_eabi.lib : getdevice.c.obj (.text:finddevice)
                  00003c30    0000002e                                   : i_tofd_t2.asm.obj (.text)
                  00003c5e    00000002     --HOLE-- [fill = 0]
                  00003c60    0000002c     main.obj (.text:Reset_Timer)
                  00003c8c    0000002c     rtsv7M4_T_le_v4SPD16_eabi.lib : unlink.c.obj (.text:unlink)
                  00003cb8    00000028     msp432p4xx_driverlib.lib : gpio.o (.text:GPIO_setOutputHighOnPin)
                  00003ce0    00000028                              : gpio.o (.text:GPIO_setOutputLowOnPin)
                  00003d08    00000028     rtsv7M4_T_le_v4SPD16_eabi.lib : memory.c.obj (.text:free_list_insert)
                  00003d30    00000028                                   : lseek.c.obj (.text:lseek)
                  00003d58    00000028                                   : write.c.obj (.text:write)
                  00003d80    00000020                                   : memchr.c.obj (.text:memchr)
                  00003da0    0000001c     main.obj (.text:GPIO_Init)
                  00003dbc    0000001c     engr2350_msp432.obj (.text:dclose)
                  00003dd8    0000001c     rtsv7M4_T_le_v4SPD16_eabi.lib : copy_zero_init.c.obj (.text:decompress:ZI:__TI_zero_init_nomemset:__TI_zero_init_nomemset)
                  00003df4    0000001c                                   : memory.c.obj (.text:free_list_remove)
                  00003e10    0000001c                                   : memccpy.c.obj (.text:memccpy)
                  00003e2c    0000001a                                   : s_copysign.c.obj (.text:copysign)
                  00003e46    00000018                                   : strcmp.c.obj (.text:strcmp)
                  00003e5e    00000016     msp432p4xx_driverlib.lib : timer_a.o (.text:Timer_A_clearInterruptFlag)
                  00003e74    00000016                              : timer_a.o (.text:Timer_A_startCounter)
                  00003e8a    00000016     rtsv7M4_T_le_v4SPD16_eabi.lib : strchr.c.obj (.text:strchr)
                  00003ea0    00000014                                   : strcpy.c.obj (.text:strcpy)
                  00003eb4    00000014                                   : strlen.c.obj (.text:strlen)
                  00003ec8    00000012     engr2350_msp432.obj (.text:dlseek)
                  00003eda    00000012     rtsv7M4_T_le_v4SPD16_eabi.lib : wcslen.c.obj (.text:wcslen)
                  00003eec    00000010     engr2350_msp432.obj (.text:drename)
                  00003efc    0000000e     rtsv7M4_T_le_v4SPD16_eabi.lib : copy_decompress_none.c.obj (.text:decompress:none:__TI_decompress_none)
                  00003f0a    0000000e     engr2350_msp432.obj (.text:dunlink)
                  00003f18    0000000c     startup_msp432p401r_ccs.obj (.text:Reset_Handler)
                  00003f24    0000000c     rtsv7M4_T_le_v4SPD16_eabi.lib : fputc.c.obj (.text:putchar)
                  00003f30    00000008     engr2350_msp432.obj (.text:SysInit)
                  00003f38    00000008     rtsv7M4_T_le_v4SPD16_eabi.lib : errno.c.obj (.text:__aeabi_errno_addr)
                  00003f40    00000008                                   : memory.c.obj (.text:malloc)
                  00003f48    00000004                                   : printf.c.obj (.text:_outc)
                  00003f4c    00000004                                   : printf.c.obj (.text:_outs)
                  00003f50    00000004                                   : pre_init.c.obj (.text:_system_pre_init)
                  00003f54    00000004                                   : exit.c.obj (.text:abort:abort)

.const     0    00003f58    00000169     
                  00003f58    00000101     rtsv7M4_T_le_v4SPD16_eabi.lib : ctype.c.obj (.const:.string:_ctypes_)
                  00004059    00000003     --HOLE-- [fill = 0]
                  0000405c    00000030     msp432p4xx_driverlib.lib : gpio.o (.const:GPIO_PORT_TO_BASE)
                  0000408c    00000028     engr2350_msp432.obj (.const:$P$T1$2)
                  000040b4    00000008     msp432p4xx_driverlib.lib : interrupt.o (.const:g_pulEnRegs)
                  000040bc    00000005     engr2350_msp432.obj (.const:.string:$P$T0$1)

.cinit     0    000040c8    000000a0     
                  000040c8    0000006a     (.cinit..data.load) [load image, compression = lzss]
                  00004132    00000002     --HOLE-- [fill = 0]
                  00004134    0000000c     (__TI_handler_table)
                  00004140    00000008     (.cinit..bss.load) [load image, compression = zero_init]
                  00004148    00000008     (.cinit..vtable.load) [load image, compression = zero_init]
                  00004150    00000018     (__TI_cinit_table)

.init_array 
*          0    00000000    00000000     UNINITIALIZED

.binit     0    00000000    00000000     

.vtable    0    20000000    000000e8     UNINITIALIZED
                  20000000    000000e8     msp432p4xx_driverlib.lib : interrupt.o (.vtable)

.sysmem    0    200000e8    00000400     UNINITIALIZED
                  200000e8    00000010     rtsv7M4_T_le_v4SPD16_eabi.lib : memory.c.obj (.sysmem)
                  200000f8    000003f0     --HOLE--

.data      0    200004e8    000001fc     UNINITIALIZED
                  200004e8    000000f0     rtsv7M4_T_le_v4SPD16_eabi.lib : defs.c.obj (.data:_ftable)
                  200005d8    00000078                                   : host_device.c.obj (.data:_device)
                  20000650    00000050                                   : host_device.c.obj (.data:_stream)
                  200006a0    00000010                                   : defs.c.obj (.data)
                  200006b0    0000000c                                   : exit.c.obj (.data:$O1$$)
                  200006bc    00000008                                   : _lock.c.obj (.data:$O1$$)
                  200006c4    00000008                                   : memory.c.obj (.data:$O1$$)
                  200006cc    00000008     main.obj (.data)
                  200006d4    00000004     rtsv7M4_T_le_v4SPD16_eabi.lib : add_device.c.obj (.data)
                  200006d8    00000004                                   : errno.c.obj (.data)
                  200006dc    00000004                                   : open.c.obj (.data)
                  200006e0    00000004                                   : rand.c.obj (.data)

.bss       0    200006e4    000001f1     UNINITIALIZED
                  200006e4    00000120     rtsv7M4_T_le_v4SPD16_eabi.lib : trgmsg.c.obj (.bss:_CIOBUF_)
                  20000804    000000a0     (.common:__TI_tmpnams)
                  200008a4    00000018     (.common:timer)
                  200008bc    00000008     (.common:parmbuf)
                  200008c4    00000004     (.common:gen_sequence)
                  200008c8    00000004     (.common:result)
                  200008cc    00000004     (.common:time)
                  200008d0    00000004     (.common:user_sequence)
                  200008d4    00000001     (.common:pb1)

.stack     0    2000fc00    00000400     UNINITIALIZED
                  2000fc00    00000004     rtsv7M4_T_le_v4SPD16_eabi.lib : boot_cortex_m.c.obj (.stack)
                  2000fc04    000003fc     --HOLE--

__llvm_prf_cnts 
*          0    20000000    00000000     UNINITIALIZED

MODULE SUMMARY

       Module                        code    ro data   rw data
       ------                        ----    -------   -------
    .\
       main.obj                      2246    0         98     
    +--+-----------------------------+-------+---------+---------+
       Total:                        2246    0         98     
                                                              
    .\src\
       engr2350_msp432.obj           524     45        0      
       startup_msp432p401r_ccs.obj   14      228       0      
       system_msp432p401r.obj        152     0         0      
    +--+-----------------------------+-------+---------+---------+
       Total:                        690     273       0      
                                                              
    C:/ti/simplelink_msp432p4_sdk_3_40_01_02/source/ti/devices/msp432p4xx/driverlib/ccs/msp432p4xx_driverlib.lib
       interrupt.o                   220     8         464    
       timer_a.o                     682     0         0      
       gpio.o                        356     48        0      
       uart.o                        284     0         0      
    +--+-----------------------------+-------+---------+---------+
       Total:                        1542    56        464    
                                                              
    C:\ti\ccs1240\ccs\tools\compiler\ti-cgt-arm_20.2.7.LTS\lib\rtsv7M4_T_le_v4SPD16_eabi.lib
       _printfi.c.obj                4851    0         0      
       defs.c.obj                    0       0         832    
       memory.c.obj                  672     0         16     
       trgmsg.c.obj                  108     0         576    
       fd_add_t2.asm.obj             438     0         0      
       host_device.c.obj             0       0         400    
       fopen.c.obj                   376     0         0      
       fd_div_t2.asm.obj             310     0         0      
       fputs.c.obj                   276     0         0      
       s_scalbn.c.obj                272     0         0      
       fd_cmp_t2.asm.obj             268     0         0      
       ctype.c.obj                   0       257       0      
       fd_mul_t2.asm.obj             252     0         0      
       setvbuf.c.obj                 220     0         0      
       open.c.obj                    188     0         8      
       add_device.c.obj              184     0         8      
       memcpy_t2.asm.obj             156     0         0      
       fputc.c.obj                   152     0         0      
       ull_div_t2.asm.obj            150     0         0      
       memset_t2.asm.obj             122     0         0      
       fclose.c.obj                  116     0         0      
       getdevice.c.obj               116     0         0      
       hostopen.c.obj                96      0         16     
       printf.c.obj                  112     0         0      
       hostrename.c.obj              108     0         0      
       copy_decompress_lzss.c.obj    104     0         0      
       hostlseek.c.obj               104     0         0      
       exit.c.obj                    76      0         24     
       fseek.c.obj                   100     0         0      
       s_frexp.c.obj                 100     0         0      
       _io_perm.c.obj                98      0         0      
       close.c.obj                   92      0         0      
       hostread.c.obj                88      0         0      
       hostwrite.c.obj               88      0         0      
       _ltoa.c.obj                   84      0         0      
       atoi.c.obj                    76      0         0      
       fflush.c.obj                  76      0         0      
       fd_toi_t2.asm.obj             72      0         0      
       autoinit.c.obj                68      0         0      
       hostclose.c.obj               68      0         0      
       hostunlink.c.obj              68      0         0      
       rand.c.obj                    52      0         8      
       strncpy.c.obj                 54      0         0      
       boot_cortex_m.c.obj           52      0         0      
       i_tofd_t2.asm.obj             46      0         0      
       unlink.c.obj                  44      0         0      
       lseek.c.obj                   40      0         0      
       write.c.obj                   40      0         0      
       memchr.c.obj                  32      0         0      
       copy_zero_init.c.obj          28      0         0      
       memccpy.c.obj                 28      0         0      
       s_copysign.c.obj              26      0         0      
       strcmp.c.obj                  24      0         0      
       strchr.c.obj                  22      0         0      
       strcpy.c.obj                  20      0         0      
       strlen.c.obj                  20      0         0      
       _lock.c.obj                   2       0         16     
       wcslen.c.obj                  18      0         0      
       errno.c.obj                   8       0         8      
       copy_decompress_none.c.obj    14      0         0      
       pre_init.c.obj                4       0         0      
       div0.asm.obj                  2       0         0      
    +--+-----------------------------+-------+---------+---------+
       Total:                        11481   257       1912   
                                                              
       Heap:                         0       0         2048   
       Stack:                        0       0         2048   
       Linker Generated:             0       158       0      
    +--+-----------------------------+-------+---------+---------+
       Grand Total:                  15959   744       6570   


LINKER GENERATED COPY TABLES

__TI_cinit_table @ 00004150 records: 3, size/record: 8, table size: 24
	.data: load addr=000040c8, load size=0000006a bytes, run addr=200004e8, run size=000001fc bytes, compression=lzss
	.bss: load addr=00004140, load size=00000008 bytes, run addr=200006e4, run size=000001f1 bytes, compression=zero_init
	.vtable: load addr=00004148, load size=00000008 bytes, run addr=20000000, run size=000000e8 bytes, compression=zero_init


LINKER GENERATED HANDLER TABLE

__TI_handler_table @ 00004134 records: 3, size/record: 4, table size: 12
	index: 0, handler: __TI_zero_init
	index: 1, handler: __TI_decompress_lzss
	index: 2, handler: __TI_decompress_none


GLOBAL SYMBOLS: SORTED ALPHABETICALLY BY Name 

address   name                                
-------   ----                                
00000b33  ADC14_IRQHandler                    
00000b33  AES256_IRQHandler                   
00000b33  BusFault_Handler                    
00003f55  C$$EXIT                             
00003a57  C$$IO$$                             
00000b33  COMP_E0_IRQHandler                  
00000b33  COMP_E1_IRQHandler                  
00000b33  CS_IRQHandler                       
00000b33  DMA_ERR_IRQHandler                  
00000b33  DMA_INT0_IRQHandler                 
00000b33  DMA_INT1_IRQHandler                 
00000b33  DMA_INT2_IRQHandler                 
00000b33  DMA_INT3_IRQHandler                 
00000b33  DebugMon_Handler                    
00000b33  Default_Handler                     
00000b33  EUSCIA0_IRQHandler                  
00000b33  EUSCIA1_IRQHandler                  
00000b33  EUSCIA2_IRQHandler                  
00000b33  EUSCIA3_IRQHandler                  
00000b33  EUSCIB0_IRQHandler                  
00000b33  EUSCIB1_IRQHandler                  
00000b33  EUSCIB2_IRQHandler                  
00000b33  EUSCIB3_IRQHandler                  
00000b33  FLCTL_IRQHandler                    
00000b33  FPU_IRQHandler                      
00003da1  GPIO_Init                           
00003bd1  GPIO_getInputPinValue               
00003699  GPIO_setAsInputPin                  
000033e9  GPIO_setAsInputPinWithPullUpResistor
000039a9  GPIO_setAsOutputPin                 
00003cb9  GPIO_setOutputHighOnPin             
00003ce1  GPIO_setOutputLowOnPin              
00003855  HOSTclose                           
00002fa5  HOSTlseek                           
00003271  HOSTopen                            
00003441  HOSTread                            
00002ecd  HOSTrename                          
00003899  HOSTunlink                          
00003499  HOSTwrite                           
00000b33  HardFault_Handler                   
00002bfd  Interrupt_enableInterrupt           
00003331  Interrupt_registerInterrupt         
00000b33  MemManage_Handler                   
00000b33  NMI_Handler                         
00000b33  PCM_IRQHandler                      
00000b33  PORT1_IRQHandler                    
00000b33  PORT2_IRQHandler                    
00000b33  PORT3_IRQHandler                    
00000b33  PORT4_IRQHandler                    
00000b33  PORT5_IRQHandler                    
00000b33  PORT6_IRQHandler                    
00000b33  PSS_IRQHandler                      
00000b33  PendSV_Handler                      
00000b33  RTC_C_IRQHandler                    
00003f19  Reset_Handler                       
00003c61  Reset_Timer                         
00000b33  SVC_Handler                         
00003f31  SysInit                             
00000b33  SysTick_Handler                     
00002935  SystemInit                          
00000b33  T32_INT1_IRQHandler                 
00000b33  T32_INT2_IRQHandler                 
00000b33  T32_INTC_IRQHandler                 
00000b33  TA0_0_IRQHandler                    
00000b33  TA0_N_IRQHandler                    
00000b33  TA1_0_IRQHandler                    
00000b33  TA1_N_IRQHandler                    
00000b33  TA2_0_IRQHandler                    
00000b33  TA2_N_IRQHandler                    
00000b33  TA3_0_IRQHandler                    
00000b33  TA3_N_IRQHandler                    
00003e5f  Timer_A_clearInterruptFlag          
0000300d  Timer_A_configureUpMode             
0000245d  Timer_A_registerInterrupt           
00003e75  Timer_A_startCounter                
00002759  Timer_ISR                           
00003549  Timer_Init                          
0000183d  UART_initModule                     
00002f39  Update_Timer                        
00000b33  UsageFault_Handler                  
4000480c  WDTCTL_SYM                          
00000b33  WDT_A_IRQHandler                    
200006e4  __CIOBUF_                           
20010000  __STACK_END                         
00000400  __STACK_SIZE                        
00000400  __SYSMEM_SIZE                       
00004150  __TI_CINIT_Base                     
00004168  __TI_CINIT_Limit                    
00004134  __TI_Handler_Table_Base             
00004140  __TI_Handler_Table_Limit            
000038dd  __TI_auto_init_nobinit_nopinit      
00003a99  __TI_cleanup                        
200006b0  __TI_cleanup_ptr                    
00002d79  __TI_closefile                      
00003075  __TI_decompress_lzss                
00003efd  __TI_decompress_none                
000036e5  __TI_doflush                        
200006b4  __TI_dtors_ptr                      
200006b8  __TI_enable_exit_profile_output     
200006a0  __TI_ft_end                         
0000359d  __TI_ltoa                           
ffffffff  __TI_pprof_out_hndl                 
000000e5  __TI_printfi                        
ffffffff  __TI_prof_data_size                 
ffffffff  __TI_prof_data_start                
00003acd  __TI_readmsg                        
00000000  __TI_static_base__                  
20000804  __TI_tmpnams                        
00003a29  __TI_writemsg                       
0000320d  __TI_wrt_ok                         
00003dd9  __TI_zero_init_nomemset             
00002af1  __aeabi_cdcmpeq                     
00002af1  __aeabi_cdcmple                     
00002b77  __aeabi_cdrcmple                    
0000380d  __aeabi_d2iz                        
000011b3  __aeabi_dadd                        
000015e1  __aeabi_ddiv                        
000020b5  __aeabi_dmul                        
000011a9  __aeabi_dsub                        
00003f39  __aeabi_errno_addr                  
00003c31  __aeabi_i2d                         
00001717  __aeabi_idiv0                       
00001717  __aeabi_ldiv0                       
00002cfd  __aeabi_memclr                      
00002cfd  __aeabi_memclr4                     
00002cfd  __aeabi_memclr8                     
00002899  __aeabi_memcpy                      
00002899  __aeabi_memcpy4                     
00002899  __aeabi_memcpy8                     
00002cff  __aeabi_memset                      
00002cff  __aeabi_memset4                     
00002cff  __aeabi_memset8                     
200006ac  __aeabi_stderr                      
200006a4  __aeabi_stdin                       
200006a8  __aeabi_stdout                      
000029cd  __aeabi_uldivmod                    
ffffffff  __binit__                           
ffffffff  __c_args__                          
UNDEFED   __mpu_init                          
2000fc00  __stack                             
20000000  __start___llvm_prf_cnts             
20000000  __stop___llvm_prf_cnts              
00003b01  _c_int00_noargs                     
00003f58  _ctypes_                            
200005d8  _device                             
200004e8  _ftable                             
200006bc  _lock                               
0000135f  _nop                                
20000650  _stream                             
200000e8  _sys_memory                         
UNDEFED   _system_post_cinit                  
00003f51  _system_pre_init                    
200006c0  _unlock                             
00003f55  abort                               
000025ed  add_device                          
00001fb5  aligned_alloc                       
00003731  atoi                                
ffffffff  binit                               
00001959  checkGuess                          
0000338d  close                               
00003e2d  copysign                            
00003e2d  copysignl                           
200006cc  counter1                            
200006ce  counter2                            
000032d1  create_sequence                     
00003dbd  dclose                              
00003ec9  dlseek                              
00002c7d  dopen                               
000035f1  dread                               
00003eed  drename                             
00003f0b  dunlink                             
0000377d  dwrite                              
200006d8  errno                               
000037c5  exit                                
00003c01  finddevice                          
200006cf  flag                                
00002a65  fputc                               
00001a75  fputs                               
0000229d  free                                
00003b35  freopen                             
00003145  frexp                               
00003145  frexpl                              
000031a9  fseek                               
20000000  g_pfnRAMVectors                     
200006d0  game_started                        
200008c4  gen_sequence                        
00003921  getdevice                           
00003b69  half_second_delay                   
200006d3  index                               
000027fd  init_std_uart                       
00000000  interruptVectors                    
00001c99  ldexp                               
00001c99  ldexpl                              
00003d31  lseek                               
00000da5  main                                
00003f41  malloc                              
00001fb5  memalign                            
00003e11  memccpy                             
00003d81  memchr                              
00002899  memcpy                              
00002d05  memset                              
200006d1  number_of_games                     
200006d2  number_of_guesses                   
00002531  open                                
200008bc  parmbuf                             
200008d4  pb1                                 
000021b1  printResult                         
000030dd  printf                              
00002a65  putc                                
00003f25  putchar                             
00003b9d  rand                                
00001da9  readBumpers                         
00003c8d  remove                              
00003965  reset_user_sequence                 
200008c8  result                              
00001c99  scalbn                              
00001c99  scalbnl                             
00001eaf  setRGB                              
00002381  setvbuf                             
00003e8b  strchr                              
00003e47  strcmp                              
00003ea1  strcpy                              
00003eb5  strlen                              
00003a61  strncpy                             
200008cc  time                                
200008a4  timer                               
00003c8d  unlink                              
200008d0  user_sequence                       
00003edb  wcslen                              
00003d59  write                               


GLOBAL SYMBOLS: SORTED BY Symbol Address 

address   name                                
-------   ----                                
00000000  __TI_static_base__                  
00000000  interruptVectors                    
000000e5  __TI_printfi                        
00000400  __STACK_SIZE                        
00000400  __SYSMEM_SIZE                       
00000b33  ADC14_IRQHandler                    
00000b33  AES256_IRQHandler                   
00000b33  BusFault_Handler                    
00000b33  COMP_E0_IRQHandler                  
00000b33  COMP_E1_IRQHandler                  
00000b33  CS_IRQHandler                       
00000b33  DMA_ERR_IRQHandler                  
00000b33  DMA_INT0_IRQHandler                 
00000b33  DMA_INT1_IRQHandler                 
00000b33  DMA_INT2_IRQHandler                 
00000b33  DMA_INT3_IRQHandler                 
00000b33  DebugMon_Handler                    
00000b33  Default_Handler                     
00000b33  EUSCIA0_IRQHandler                  
00000b33  EUSCIA1_IRQHandler                  
00000b33  EUSCIA2_IRQHandler                  
00000b33  EUSCIA3_IRQHandler                  
00000b33  EUSCIB0_IRQHandler                  
00000b33  EUSCIB1_IRQHandler                  
00000b33  EUSCIB2_IRQHandler                  
00000b33  EUSCIB3_IRQHandler                  
00000b33  FLCTL_IRQHandler                    
00000b33  FPU_IRQHandler                      
00000b33  HardFault_Handler                   
00000b33  MemManage_Handler                   
00000b33  NMI_Handler                         
00000b33  PCM_IRQHandler                      
00000b33  PORT1_IRQHandler                    
00000b33  PORT2_IRQHandler                    
00000b33  PORT3_IRQHandler                    
00000b33  PORT4_IRQHandler                    
00000b33  PORT5_IRQHandler                    
00000b33  PORT6_IRQHandler                    
00000b33  PSS_IRQHandler                      
00000b33  PendSV_Handler                      
00000b33  RTC_C_IRQHandler                    
00000b33  SVC_Handler                         
00000b33  SysTick_Handler                     
00000b33  T32_INT1_IRQHandler                 
00000b33  T32_INT2_IRQHandler                 
00000b33  T32_INTC_IRQHandler                 
00000b33  TA0_0_IRQHandler                    
00000b33  TA0_N_IRQHandler                    
00000b33  TA1_0_IRQHandler                    
00000b33  TA1_N_IRQHandler                    
00000b33  TA2_0_IRQHandler                    
00000b33  TA2_N_IRQHandler                    
00000b33  TA3_0_IRQHandler                    
00000b33  TA3_N_IRQHandler                    
00000b33  UsageFault_Handler                  
00000b33  WDT_A_IRQHandler                    
00000da5  main                                
000011a9  __aeabi_dsub                        
000011b3  __aeabi_dadd                        
0000135f  _nop                                
000015e1  __aeabi_ddiv                        
00001717  __aeabi_idiv0                       
00001717  __aeabi_ldiv0                       
0000183d  UART_initModule                     
00001959  checkGuess                          
00001a75  fputs                               
00001c99  ldexp                               
00001c99  ldexpl                              
00001c99  scalbn                              
00001c99  scalbnl                             
00001da9  readBumpers                         
00001eaf  setRGB                              
00001fb5  aligned_alloc                       
00001fb5  memalign                            
000020b5  __aeabi_dmul                        
000021b1  printResult                         
0000229d  free                                
00002381  setvbuf                             
0000245d  Timer_A_registerInterrupt           
00002531  open                                
000025ed  add_device                          
00002759  Timer_ISR                           
000027fd  init_std_uart                       
00002899  __aeabi_memcpy                      
00002899  __aeabi_memcpy4                     
00002899  __aeabi_memcpy8                     
00002899  memcpy                              
00002935  SystemInit                          
000029cd  __aeabi_uldivmod                    
00002a65  fputc                               
00002a65  putc                                
00002af1  __aeabi_cdcmpeq                     
00002af1  __aeabi_cdcmple                     
00002b77  __aeabi_cdrcmple                    
00002bfd  Interrupt_enableInterrupt           
00002c7d  dopen                               
00002cfd  __aeabi_memclr                      
00002cfd  __aeabi_memclr4                     
00002cfd  __aeabi_memclr8                     
00002cff  __aeabi_memset                      
00002cff  __aeabi_memset4                     
00002cff  __aeabi_memset8                     
00002d05  memset                              
00002d79  __TI_closefile                      
00002ecd  HOSTrename                          
00002f39  Update_Timer                        
00002fa5  HOSTlseek                           
0000300d  Timer_A_configureUpMode             
00003075  __TI_decompress_lzss                
000030dd  printf                              
00003145  frexp                               
00003145  frexpl                              
000031a9  fseek                               
0000320d  __TI_wrt_ok                         
00003271  HOSTopen                            
000032d1  create_sequence                     
00003331  Interrupt_registerInterrupt         
0000338d  close                               
000033e9  GPIO_setAsInputPinWithPullUpResistor
00003441  HOSTread                            
00003499  HOSTwrite                           
00003549  Timer_Init                          
0000359d  __TI_ltoa                           
000035f1  dread                               
00003699  GPIO_setAsInputPin                  
000036e5  __TI_doflush                        
00003731  atoi                                
0000377d  dwrite                              
000037c5  exit                                
0000380d  __aeabi_d2iz                        
00003855  HOSTclose                           
00003899  HOSTunlink                          
000038dd  __TI_auto_init_nobinit_nopinit      
00003921  getdevice                           
00003965  reset_user_sequence                 
000039a9  GPIO_setAsOutputPin                 
00003a29  __TI_writemsg                       
00003a57  C$$IO$$                             
00003a61  strncpy                             
00003a99  __TI_cleanup                        
00003acd  __TI_readmsg                        
00003b01  _c_int00_noargs                     
00003b35  freopen                             
00003b69  half_second_delay                   
00003b9d  rand                                
00003bd1  GPIO_getInputPinValue               
00003c01  finddevice                          
00003c31  __aeabi_i2d                         
00003c61  Reset_Timer                         
00003c8d  remove                              
00003c8d  unlink                              
00003cb9  GPIO_setOutputHighOnPin             
00003ce1  GPIO_setOutputLowOnPin              
00003d31  lseek                               
00003d59  write                               
00003d81  memchr                              
00003da1  GPIO_Init                           
00003dbd  dclose                              
00003dd9  __TI_zero_init_nomemset             
00003e11  memccpy                             
00003e2d  copysign                            
00003e2d  copysignl                           
00003e47  strcmp                              
00003e5f  Timer_A_clearInterruptFlag          
00003e75  Timer_A_startCounter                
00003e8b  strchr                              
00003ea1  strcpy                              
00003eb5  strlen                              
00003ec9  dlseek                              
00003edb  wcslen                              
00003eed  drename                             
00003efd  __TI_decompress_none                
00003f0b  dunlink                             
00003f19  Reset_Handler                       
00003f25  putchar                             
00003f31  SysInit                             
00003f39  __aeabi_errno_addr                  
00003f41  malloc                              
00003f51  _system_pre_init                    
00003f55  C$$EXIT                             
00003f55  abort                               
00003f58  _ctypes_                            
00004134  __TI_Handler_Table_Base             
00004140  __TI_Handler_Table_Limit            
00004150  __TI_CINIT_Base                     
00004168  __TI_CINIT_Limit                    
20000000  __start___llvm_prf_cnts             
20000000  __stop___llvm_prf_cnts              
20000000  g_pfnRAMVectors                     
200000e8  _sys_memory                         
200004e8  _ftable                             
200005d8  _device                             
20000650  _stream                             
200006a0  __TI_ft_end                         
200006a4  __aeabi_stdin                       
200006a8  __aeabi_stdout                      
200006ac  __aeabi_stderr                      
200006b0  __TI_cleanup_ptr                    
200006b4  __TI_dtors_ptr                      
200006b8  __TI_enable_exit_profile_output     
200006bc  _lock                               
200006c0  _unlock                             
200006cc  counter1                            
200006ce  counter2                            
200006cf  flag                                
200006d0  game_started                        
200006d1  number_of_games                     
200006d2  number_of_guesses                   
200006d3  index                               
200006d8  errno                               
200006e4  __CIOBUF_                           
20000804  __TI_tmpnams                        
200008a4  timer                               
200008bc  parmbuf                             
200008c4  gen_sequence                        
200008c8  result                              
200008cc  time                                
200008d0  user_sequence                       
200008d4  pb1                                 
2000fc00  __stack                             
20010000  __STACK_END                         
4000480c  WDTCTL_SYM                          
ffffffff  __TI_pprof_out_hndl                 
ffffffff  __TI_prof_data_size                 
ffffffff  __TI_prof_data_start                
ffffffff  __binit__                           
ffffffff  __c_args__                          
ffffffff  binit                               
UNDEFED   __mpu_init                          
UNDEFED   _system_post_cinit                  

[230 symbols]
