<?xml version="1.0" encoding="ISO-8859-1" ?>
<link_info>
   <banner>TI ARM Linker PC v20.2.7.LTS</banner>
   <copyright>Copyright (c) 1996-2018 Texas Instruments Incorporated</copyright>
   <link_time>0x65398d67</link_time>
   <link_errors>0x0</link_errors>
   <output_file>TemplateProject.out</output_file>
   <entry_point>
      <name>_c_int00_noargs</name>
      <address>0x1671</address>
   </entry_point>
   <input_file_list>
      <input_file id="fl-2">
         <path>.\</path>
         <kind>object</kind>
         <file>main.obj</file>
         <name>main.obj</name>
      </input_file>
      <input_file id="fl-3">
         <path>.\src\</path>
         <kind>object</kind>
         <file>engr2350_msp432.obj</file>
         <name>engr2350_msp432.obj</name>
      </input_file>
      <input_file id="fl-4">
         <path>.\src\</path>
         <kind>object</kind>
         <file>startup_msp432p401r_ccs.obj</file>
         <name>startup_msp432p401r_ccs.obj</name>
      </input_file>
      <input_file id="fl-5">
         <path>.\src\</path>
         <kind>object</kind>
         <file>system_msp432p401r.obj</file>
         <name>system_msp432p401r.obj</name>
      </input_file>
      <input_file id="fl-f">
         <kind>object</kind>
         <file>&lt;internal&gt;</file>
         <name>&lt;internal&gt;</name>
      </input_file>
      <input_file id="fl-10">
         <path>C:\ti\simplelink_msp432p4_sdk_3_40_01_02\source\ti\devices\msp432p4xx\driverlib\ccs\</path>
         <kind>archive</kind>
         <file>msp432p4xx_driverlib.lib</file>
         <name>gpio.o</name>
      </input_file>
      <input_file id="fl-11">
         <path>C:\ti\simplelink_msp432p4_sdk_3_40_01_02\source\ti\devices\msp432p4xx\driverlib\ccs\</path>
         <kind>archive</kind>
         <file>msp432p4xx_driverlib.lib</file>
         <name>interrupt.o</name>
      </input_file>
      <input_file id="fl-12">
         <path>C:\ti\simplelink_msp432p4_sdk_3_40_01_02\source\ti\devices\msp432p4xx\driverlib\ccs\</path>
         <kind>archive</kind>
         <file>msp432p4xx_driverlib.lib</file>
         <name>timer_a.o</name>
      </input_file>
      <input_file id="fl-13">
         <path>C:\ti\simplelink_msp432p4_sdk_3_40_01_02\source\ti\devices\msp432p4xx\driverlib\ccs\</path>
         <kind>archive</kind>
         <file>msp432p4xx_driverlib.lib</file>
         <name>uart.o</name>
      </input_file>
      <input_file id="fl-14">
         <path>C:\ti\simplelink_msp432p4_sdk_3_40_01_02\source\ti\devices\msp432p4xx\driverlib\ccs\</path>
         <kind>archive</kind>
         <file>msp432p4xx_driverlib.lib</file>
         <name>cpu.o</name>
      </input_file>
      <input_file id="fl-ca">
         <path>C:\ti\ccs1240\ccs\tools\compiler\ti-cgt-arm_20.2.7.LTS\lib\</path>
         <kind>archive</kind>
         <file>rtsv7M4_T_le_v4SPD16_eabi.lib</file>
         <name>fgetc.c.obj</name>
      </input_file>
      <input_file id="fl-cb">
         <path>C:\ti\ccs1240\ccs\tools\compiler\ti-cgt-arm_20.2.7.LTS\lib\</path>
         <kind>archive</kind>
         <file>rtsv7M4_T_le_v4SPD16_eabi.lib</file>
         <name>fopen.c.obj</name>
      </input_file>
      <input_file id="fl-cc">
         <path>C:\ti\ccs1240\ccs\tools\compiler\ti-cgt-arm_20.2.7.LTS\lib\</path>
         <kind>archive</kind>
         <file>rtsv7M4_T_le_v4SPD16_eabi.lib</file>
         <name>_bufread.c.obj</name>
      </input_file>
      <input_file id="fl-cd">
         <path>C:\ti\ccs1240\ccs\tools\compiler\ti-cgt-arm_20.2.7.LTS\lib\</path>
         <kind>archive</kind>
         <file>rtsv7M4_T_le_v4SPD16_eabi.lib</file>
         <name>_io_perm.c.obj</name>
      </input_file>
      <input_file id="fl-ce">
         <path>C:\ti\ccs1240\ccs\tools\compiler\ti-cgt-arm_20.2.7.LTS\lib\</path>
         <kind>archive</kind>
         <file>rtsv7M4_T_le_v4SPD16_eabi.lib</file>
         <name>setvbuf.c.obj</name>
      </input_file>
      <input_file id="fl-cf">
         <path>C:\ti\ccs1240\ccs\tools\compiler\ti-cgt-arm_20.2.7.LTS\lib\</path>
         <kind>archive</kind>
         <file>rtsv7M4_T_le_v4SPD16_eabi.lib</file>
         <name>fd_cmp_t2.asm.obj</name>
      </input_file>
      <input_file id="fl-d0">
         <path>C:\ti\ccs1240\ccs\tools\compiler\ti-cgt-arm_20.2.7.LTS\lib\</path>
         <kind>archive</kind>
         <file>rtsv7M4_T_le_v4SPD16_eabi.lib</file>
         <name>i_tofd_t2.asm.obj</name>
      </input_file>
      <input_file id="fl-d1">
         <path>C:\ti\ccs1240\ccs\tools\compiler\ti-cgt-arm_20.2.7.LTS\lib\</path>
         <kind>archive</kind>
         <file>rtsv7M4_T_le_v4SPD16_eabi.lib</file>
         <name>memset_t2.asm.obj</name>
      </input_file>
      <input_file id="fl-d2">
         <path>C:\ti\ccs1240\ccs\tools\compiler\ti-cgt-arm_20.2.7.LTS\lib\</path>
         <kind>archive</kind>
         <file>rtsv7M4_T_le_v4SPD16_eabi.lib</file>
         <name>copy_zero_init.c.obj</name>
      </input_file>
      <input_file id="fl-d3">
         <path>C:\ti\ccs1240\ccs\tools\compiler\ti-cgt-arm_20.2.7.LTS\lib\</path>
         <kind>archive</kind>
         <file>rtsv7M4_T_le_v4SPD16_eabi.lib</file>
         <name>copy_decompress_none.c.obj</name>
      </input_file>
      <input_file id="fl-d4">
         <path>C:\ti\ccs1240\ccs\tools\compiler\ti-cgt-arm_20.2.7.LTS\lib\</path>
         <kind>archive</kind>
         <file>rtsv7M4_T_le_v4SPD16_eabi.lib</file>
         <name>copy_decompress_lzss.c.obj</name>
      </input_file>
      <input_file id="fl-d5">
         <path>C:\ti\ccs1240\ccs\tools\compiler\ti-cgt-arm_20.2.7.LTS\lib\</path>
         <kind>archive</kind>
         <file>rtsv7M4_T_le_v4SPD16_eabi.lib</file>
         <name>exit.c.obj</name>
      </input_file>
      <input_file id="fl-d6">
         <path>C:\ti\ccs1240\ccs\tools\compiler\ti-cgt-arm_20.2.7.LTS\lib\</path>
         <kind>archive</kind>
         <file>rtsv7M4_T_le_v4SPD16_eabi.lib</file>
         <name>_lock.c.obj</name>
      </input_file>
      <input_file id="fl-d7">
         <path>C:\ti\ccs1240\ccs\tools\compiler\ti-cgt-arm_20.2.7.LTS\lib\</path>
         <kind>archive</kind>
         <file>rtsv7M4_T_le_v4SPD16_eabi.lib</file>
         <name>defs.c.obj</name>
      </input_file>
      <input_file id="fl-d8">
         <path>C:\ti\ccs1240\ccs\tools\compiler\ti-cgt-arm_20.2.7.LTS\lib\</path>
         <kind>archive</kind>
         <file>rtsv7M4_T_le_v4SPD16_eabi.lib</file>
         <name>memory.c.obj</name>
      </input_file>
      <input_file id="fl-d9">
         <path>C:\ti\ccs1240\ccs\tools\compiler\ti-cgt-arm_20.2.7.LTS\lib\</path>
         <kind>archive</kind>
         <file>rtsv7M4_T_le_v4SPD16_eabi.lib</file>
         <name>boot_cortex_m.c.obj</name>
      </input_file>
      <input_file id="fl-da">
         <path>C:\ti\ccs1240\ccs\tools\compiler\ti-cgt-arm_20.2.7.LTS\lib\</path>
         <kind>archive</kind>
         <file>rtsv7M4_T_le_v4SPD16_eabi.lib</file>
         <name>read.c.obj</name>
      </input_file>
      <input_file id="fl-db">
         <path>C:\ti\ccs1240\ccs\tools\compiler\ti-cgt-arm_20.2.7.LTS\lib\</path>
         <kind>archive</kind>
         <file>rtsv7M4_T_le_v4SPD16_eabi.lib</file>
         <name>open.c.obj</name>
      </input_file>
      <input_file id="fl-dc">
         <path>C:\ti\ccs1240\ccs\tools\compiler\ti-cgt-arm_20.2.7.LTS\lib\</path>
         <kind>archive</kind>
         <file>rtsv7M4_T_le_v4SPD16_eabi.lib</file>
         <name>add_device.c.obj</name>
      </input_file>
      <input_file id="fl-dd">
         <path>C:\ti\ccs1240\ccs\tools\compiler\ti-cgt-arm_20.2.7.LTS\lib\</path>
         <kind>archive</kind>
         <file>rtsv7M4_T_le_v4SPD16_eabi.lib</file>
         <name>fclose.c.obj</name>
      </input_file>
      <input_file id="fl-de">
         <path>C:\ti\ccs1240\ccs\tools\compiler\ti-cgt-arm_20.2.7.LTS\lib\</path>
         <kind>archive</kind>
         <file>rtsv7M4_T_le_v4SPD16_eabi.lib</file>
         <name>fflush.c.obj</name>
      </input_file>
      <input_file id="fl-df">
         <path>C:\ti\ccs1240\ccs\tools\compiler\ti-cgt-arm_20.2.7.LTS\lib\</path>
         <kind>archive</kind>
         <file>rtsv7M4_T_le_v4SPD16_eabi.lib</file>
         <name>fseek.c.obj</name>
      </input_file>
      <input_file id="fl-e0">
         <path>C:\ti\ccs1240\ccs\tools\compiler\ti-cgt-arm_20.2.7.LTS\lib\</path>
         <kind>archive</kind>
         <file>rtsv7M4_T_le_v4SPD16_eabi.lib</file>
         <name>getdevice.c.obj</name>
      </input_file>
      <input_file id="fl-e1">
         <path>C:\ti\ccs1240\ccs\tools\compiler\ti-cgt-arm_20.2.7.LTS\lib\</path>
         <kind>archive</kind>
         <file>rtsv7M4_T_le_v4SPD16_eabi.lib</file>
         <name>memcpy_t2.asm.obj</name>
      </input_file>
      <input_file id="fl-e2">
         <path>C:\ti\ccs1240\ccs\tools\compiler\ti-cgt-arm_20.2.7.LTS\lib\</path>
         <kind>archive</kind>
         <file>rtsv7M4_T_le_v4SPD16_eabi.lib</file>
         <name>autoinit.c.obj</name>
      </input_file>
      <input_file id="fl-e3">
         <path>C:\ti\ccs1240\ccs\tools\compiler\ti-cgt-arm_20.2.7.LTS\lib\</path>
         <kind>archive</kind>
         <file>rtsv7M4_T_le_v4SPD16_eabi.lib</file>
         <name>pre_init.c.obj</name>
      </input_file>
      <input_file id="fl-e4">
         <path>C:\ti\ccs1240\ccs\tools\compiler\ti-cgt-arm_20.2.7.LTS\lib\</path>
         <kind>archive</kind>
         <file>rtsv7M4_T_le_v4SPD16_eabi.lib</file>
         <name>cpy_tbl.c.obj</name>
      </input_file>
      <input_file id="fl-e5">
         <path>C:\ti\ccs1240\ccs\tools\compiler\ti-cgt-arm_20.2.7.LTS\lib\</path>
         <kind>archive</kind>
         <file>rtsv7M4_T_le_v4SPD16_eabi.lib</file>
         <name>args_main.c.obj</name>
      </input_file>
      <input_file id="fl-e6">
         <path>C:\ti\ccs1240\ccs\tools\compiler\ti-cgt-arm_20.2.7.LTS\lib\</path>
         <kind>archive</kind>
         <file>rtsv7M4_T_le_v4SPD16_eabi.lib</file>
         <name>strchr.c.obj</name>
      </input_file>
      <input_file id="fl-e7">
         <path>C:\ti\ccs1240\ccs\tools\compiler\ti-cgt-arm_20.2.7.LTS\lib\</path>
         <kind>archive</kind>
         <file>rtsv7M4_T_le_v4SPD16_eabi.lib</file>
         <name>strcmp.c.obj</name>
      </input_file>
      <input_file id="fl-e8">
         <path>C:\ti\ccs1240\ccs\tools\compiler\ti-cgt-arm_20.2.7.LTS\lib\</path>
         <kind>archive</kind>
         <file>rtsv7M4_T_le_v4SPD16_eabi.lib</file>
         <name>strncpy.c.obj</name>
      </input_file>
      <input_file id="fl-e9">
         <path>C:\ti\ccs1240\ccs\tools\compiler\ti-cgt-arm_20.2.7.LTS\lib\</path>
         <kind>archive</kind>
         <file>rtsv7M4_T_le_v4SPD16_eabi.lib</file>
         <name>write.c.obj</name>
      </input_file>
      <input_file id="fl-ea">
         <path>C:\ti\ccs1240\ccs\tools\compiler\ti-cgt-arm_20.2.7.LTS\lib\</path>
         <kind>archive</kind>
         <file>rtsv7M4_T_le_v4SPD16_eabi.lib</file>
         <name>host_device.c.obj</name>
      </input_file>
      <input_file id="fl-eb">
         <path>C:\ti\ccs1240\ccs\tools\compiler\ti-cgt-arm_20.2.7.LTS\lib\</path>
         <kind>archive</kind>
         <file>rtsv7M4_T_le_v4SPD16_eabi.lib</file>
         <name>remove.c.obj</name>
      </input_file>
      <input_file id="fl-ec">
         <path>C:\ti\ccs1240\ccs\tools\compiler\ti-cgt-arm_20.2.7.LTS\lib\</path>
         <kind>archive</kind>
         <file>rtsv7M4_T_le_v4SPD16_eabi.lib</file>
         <name>lseek.c.obj</name>
      </input_file>
      <input_file id="fl-ed">
         <path>C:\ti\ccs1240\ccs\tools\compiler\ti-cgt-arm_20.2.7.LTS\lib\</path>
         <kind>archive</kind>
         <file>rtsv7M4_T_le_v4SPD16_eabi.lib</file>
         <name>close.c.obj</name>
      </input_file>
      <input_file id="fl-ee">
         <path>C:\ti\ccs1240\ccs\tools\compiler\ti-cgt-arm_20.2.7.LTS\lib\</path>
         <kind>archive</kind>
         <file>rtsv7M4_T_le_v4SPD16_eabi.lib</file>
         <name>unlink.c.obj</name>
      </input_file>
      <input_file id="fl-ef">
         <path>C:\ti\ccs1240\ccs\tools\compiler\ti-cgt-arm_20.2.7.LTS\lib\</path>
         <kind>archive</kind>
         <file>rtsv7M4_T_le_v4SPD16_eabi.lib</file>
         <name>hostclose.c.obj</name>
      </input_file>
      <input_file id="fl-f0">
         <path>C:\ti\ccs1240\ccs\tools\compiler\ti-cgt-arm_20.2.7.LTS\lib\</path>
         <kind>archive</kind>
         <file>rtsv7M4_T_le_v4SPD16_eabi.lib</file>
         <name>hostlseek.c.obj</name>
      </input_file>
      <input_file id="fl-f1">
         <path>C:\ti\ccs1240\ccs\tools\compiler\ti-cgt-arm_20.2.7.LTS\lib\</path>
         <kind>archive</kind>
         <file>rtsv7M4_T_le_v4SPD16_eabi.lib</file>
         <name>hostopen.c.obj</name>
      </input_file>
      <input_file id="fl-f2">
         <path>C:\ti\ccs1240\ccs\tools\compiler\ti-cgt-arm_20.2.7.LTS\lib\</path>
         <kind>archive</kind>
         <file>rtsv7M4_T_le_v4SPD16_eabi.lib</file>
         <name>hostread.c.obj</name>
      </input_file>
      <input_file id="fl-f3">
         <path>C:\ti\ccs1240\ccs\tools\compiler\ti-cgt-arm_20.2.7.LTS\lib\</path>
         <kind>archive</kind>
         <file>rtsv7M4_T_le_v4SPD16_eabi.lib</file>
         <name>hostrename.c.obj</name>
      </input_file>
      <input_file id="fl-f4">
         <path>C:\ti\ccs1240\ccs\tools\compiler\ti-cgt-arm_20.2.7.LTS\lib\</path>
         <kind>archive</kind>
         <file>rtsv7M4_T_le_v4SPD16_eabi.lib</file>
         <name>hostunlink.c.obj</name>
      </input_file>
      <input_file id="fl-f5">
         <path>C:\ti\ccs1240\ccs\tools\compiler\ti-cgt-arm_20.2.7.LTS\lib\</path>
         <kind>archive</kind>
         <file>rtsv7M4_T_le_v4SPD16_eabi.lib</file>
         <name>hostwrite.c.obj</name>
      </input_file>
      <input_file id="fl-f6">
         <path>C:\ti\ccs1240\ccs\tools\compiler\ti-cgt-arm_20.2.7.LTS\lib\</path>
         <kind>archive</kind>
         <file>rtsv7M4_T_le_v4SPD16_eabi.lib</file>
         <name>trgmsg.c.obj</name>
      </input_file>
      <input_file id="fl-f7">
         <path>C:\ti\ccs1240\ccs\tools\compiler\ti-cgt-arm_20.2.7.LTS\lib\</path>
         <kind>archive</kind>
         <file>rtsv7M4_T_le_v4SPD16_eabi.lib</file>
         <name>strcpy.c.obj</name>
      </input_file>
      <input_file id="fl-f8">
         <path>C:\ti\ccs1240\ccs\tools\compiler\ti-cgt-arm_20.2.7.LTS\lib\</path>
         <kind>archive</kind>
         <file>rtsv7M4_T_le_v4SPD16_eabi.lib</file>
         <name>strlen.c.obj</name>
      </input_file>
   </input_file_list>
   <object_component_list>
      <object_component id="oc-26">
         <name>.intvecs:retain</name>
         <load_address>0x0</load_address>
         <run_address>0x0</run_address>
         <size>0xe4</size>
         <input_file_ref idref="fl-4"/>
      </object_component>
      <object_component id="oc-221">
         <name>.text:privateTimer_AProcessClockSourceDivider</name>
         <load_address>0xe4</load_address>
         <run_address>0xe4</run_address>
         <size>0x144</size>
         <input_file_ref idref="fl-12"/>
      </object_component>
      <object_component id="oc-2b3">
         <name>.text:UART_initModule</name>
         <load_address>0x228</load_address>
         <run_address>0x228</run_address>
         <size>0x11c</size>
         <input_file_ref idref="fl-13"/>
      </object_component>
      <object_component id="oc-281">
         <name>.text:_openfile</name>
         <load_address>0x344</load_address>
         <run_address>0x344</run_address>
         <size>0x110</size>
         <input_file_ref idref="fl-cb"/>
      </object_component>
      <object_component id="oc-37b">
         <name>.text:aligned_alloc</name>
         <load_address>0x454</load_address>
         <run_address>0x454</run_address>
         <size>0x100</size>
         <input_file_ref idref="fl-d8"/>
      </object_component>
      <object_component id="oc-289">
         <name>.text:free</name>
         <load_address>0x554</load_address>
         <run_address>0x554</run_address>
         <size>0xe4</size>
         <input_file_ref idref="fl-d8"/>
      </object_component>
      <object_component id="oc-1e5">
         <name>.text:setvbuf</name>
         <load_address>0x638</load_address>
         <run_address>0x638</run_address>
         <size>0xdc</size>
         <input_file_ref idref="fl-ce"/>
      </object_component>
      <object_component id="oc-a0">
         <name>.text:main</name>
         <load_address>0x714</load_address>
         <run_address>0x714</run_address>
         <size>0xd0</size>
         <input_file_ref idref="fl-2"/>
      </object_component>
      <object_component id="oc-365">
         <name>.text:open</name>
         <load_address>0x7e4</load_address>
         <run_address>0x7e4</run_address>
         <size>0xbc</size>
         <input_file_ref idref="fl-db"/>
      </object_component>
      <object_component id="oc-1d9">
         <name>.text:add_device</name>
         <load_address>0x8a0</load_address>
         <run_address>0x8a0</run_address>
         <size>0xb8</size>
         <input_file_ref idref="fl-dc"/>
      </object_component>
      <object_component id="oc-e9">
         <name>.text:Timer_Init</name>
         <load_address>0x958</load_address>
         <run_address>0x958</run_address>
         <size>0xb4</size>
         <input_file_ref idref="fl-2"/>
      </object_component>
      <object_component id="oc-231">
         <name>.text:__TI_buff_read</name>
         <load_address>0xa0c</load_address>
         <run_address>0xa0c</run_address>
         <size>0x9c</size>
         <input_file_ref idref="fl-cc"/>
      </object_component>
      <object_component id="oc-154">
         <name>.text:init_std_uart</name>
         <load_address>0xaa8</load_address>
         <run_address>0xaa8</run_address>
         <size>0x9c</size>
         <input_file_ref idref="fl-3"/>
      </object_component>
      <object_component id="oc-3a">
         <name>.text</name>
         <load_address>0xb44</load_address>
         <run_address>0xb44</run_address>
         <size>0x9c</size>
         <input_file_ref idref="fl-e1"/>
      </object_component>
      <object_component id="oc-b2">
         <name>.text:SystemInit</name>
         <load_address>0xbe0</load_address>
         <run_address>0xbe0</run_address>
         <size>0x98</size>
         <input_file_ref idref="fl-5"/>
      </object_component>
      <object_component id="oc-16d">
         <name>.text:GPIO_setAsPeripheralModuleFunctionOutputPin</name>
         <load_address>0xc78</load_address>
         <run_address>0xc78</run_address>
         <size>0x88</size>
         <input_file_ref idref="fl-10"/>
      </object_component>
      <object_component id="oc-fa">
         <name>.text:__aeabi_cdcmple</name>
         <load_address>0xd00</load_address>
         <run_address>0xd00</run_address>
         <size>0x86</size>
         <input_file_ref idref="fl-cf"/>
      </object_component>
      <object_component id="oc-70">
         <name>.text:Default_Handler</name>
         <load_address>0xd86</load_address>
         <run_address>0xd86</run_address>
         <size>0x2</size>
         <input_file_ref idref="fl-4"/>
      </object_component>
      <object_component id="oc-18a">
         <name>.text:fgetc</name>
         <load_address>0xd88</load_address>
         <run_address>0xd88</run_address>
         <size>0x84</size>
         <input_file_ref idref="fl-ca"/>
      </object_component>
      <object_component id="oc-20c">
         <name>.text:dopen</name>
         <load_address>0xe0c</load_address>
         <run_address>0xe0c</run_address>
         <size>0x80</size>
         <input_file_ref idref="fl-3"/>
      </object_component>
      <object_component id="oc-27b">
         <name>.text:__TI_closefile</name>
         <load_address>0xe8c</load_address>
         <run_address>0xe8c</run_address>
         <size>0x74</size>
         <input_file_ref idref="fl-dd"/>
      </object_component>
      <object_component id="oc-3e6">
         <name>.text:split</name>
         <load_address>0xf00</load_address>
         <run_address>0xf00</run_address>
         <size>0x70</size>
         <input_file_ref idref="fl-d8"/>
      </object_component>
      <object_component id="oc-341">
         <name>.text:HOSTrename</name>
         <load_address>0xf70</load_address>
         <run_address>0xf70</run_address>
         <size>0x6c</size>
         <input_file_ref idref="fl-f3"/>
      </object_component>
      <object_component id="oc-335">
         <name>.text:HOSTlseek</name>
         <load_address>0xfdc</load_address>
         <run_address>0xfdc</run_address>
         <size>0x68</size>
         <input_file_ref idref="fl-f0"/>
      </object_component>
      <object_component id="oc-174">
         <name>.text:Timer_A_configureUpMode</name>
         <load_address>0x1044</load_address>
         <run_address>0x1044</run_address>
         <size>0x68</size>
         <input_file_ref idref="fl-12"/>
      </object_component>
      <object_component id="oc-17">
         <name>.text:decompress:lzss:__TI_decompress_lzss</name>
         <load_address>0x10ac</load_address>
         <run_address>0x10ac</run_address>
         <size>0x68</size>
         <input_file_ref idref="fl-d4"/>
      </object_component>
      <object_component id="oc-31d">
         <name>.text:HOSTopen</name>
         <load_address>0x1114</load_address>
         <run_address>0x1114</run_address>
         <size>0x60</size>
         <input_file_ref idref="fl-f1"/>
      </object_component>
      <object_component id="oc-356">
         <name>.text:close</name>
         <load_address>0x1174</load_address>
         <run_address>0x1174</run_address>
         <size>0x5c</size>
         <input_file_ref idref="fl-ed"/>
      </object_component>
      <object_component id="oc-329">
         <name>.text:HOSTread</name>
         <load_address>0x11d0</load_address>
         <run_address>0x11d0</run_address>
         <size>0x58</size>
         <input_file_ref idref="fl-f2"/>
      </object_component>
      <object_component id="oc-32f">
         <name>.text:HOSTwrite</name>
         <load_address>0x1228</load_address>
         <run_address>0x1228</run_address>
         <size>0x58</size>
         <input_file_ref idref="fl-f5"/>
      </object_component>
      <object_component id="oc-1ee">
         <name>.text:dread</name>
         <load_address>0x1280</load_address>
         <run_address>0x1280</run_address>
         <size>0x54</size>
         <input_file_ref idref="fl-3"/>
      </object_component>
      <object_component id="oc-17a">
         <name>.text:Timer_A_initCompare</name>
         <load_address>0x12d4</load_address>
         <run_address>0x12d4</run_address>
         <size>0x4e</size>
         <input_file_ref idref="fl-12"/>
      </object_component>
      <object_component id="oc-2eb">
         <name>.text:__TI_doflush</name>
         <load_address>0x1322</load_address>
         <run_address>0x1322</run_address>
         <size>0x4c</size>
         <input_file_ref idref="fl-de"/>
      </object_component>
      <object_component id="oc-22b">
         <name>.text:__TI_rd_ok</name>
         <load_address>0x136e</load_address>
         <run_address>0x136e</run_address>
         <size>0x4a</size>
         <input_file_ref idref="fl-cd"/>
      </object_component>
      <object_component id="oc-1f4">
         <name>.text:dwrite</name>
         <load_address>0x13b8</load_address>
         <run_address>0x13b8</run_address>
         <size>0x48</size>
         <input_file_ref idref="fl-3"/>
      </object_component>
      <object_component id="oc-114">
         <name>.text:exit</name>
         <load_address>0x1400</load_address>
         <run_address>0x1400</run_address>
         <size>0x48</size>
         <input_file_ref idref="fl-d5"/>
      </object_component>
      <object_component id="oc-323">
         <name>.text:HOSTclose</name>
         <load_address>0x1448</load_address>
         <run_address>0x1448</run_address>
         <size>0x44</size>
         <input_file_ref idref="fl-ef"/>
      </object_component>
      <object_component id="oc-33b">
         <name>.text:HOSTunlink</name>
         <load_address>0x148c</load_address>
         <run_address>0x148c</run_address>
         <size>0x44</size>
         <input_file_ref idref="fl-f4"/>
      </object_component>
      <object_component id="oc-11a">
         <name>.text:__TI_auto_init_nobinit_nopinit:__TI_auto_init_nobinit_nopinit</name>
         <load_address>0x14d0</load_address>
         <run_address>0x14d0</run_address>
         <size>0x44</size>
         <input_file_ref idref="fl-e2"/>
      </object_component>
      <object_component id="oc-3d4">
         <name>.text:getdevice</name>
         <load_address>0x1514</load_address>
         <run_address>0x1514</run_address>
         <size>0x44</size>
         <input_file_ref idref="fl-e0"/>
      </object_component>
      <object_component id="oc-15b">
         <name>.text:GPIO_setAsOutputPin</name>
         <load_address>0x1558</load_address>
         <run_address>0x1558</run_address>
         <size>0x40</size>
         <input_file_ref idref="fl-10"/>
      </object_component>
      <object_component id="oc-3ae">
         <name>.text:__TI_writemsg</name>
         <load_address>0x1598</load_address>
         <run_address>0x1598</run_address>
         <size>0x38</size>
         <input_file_ref idref="fl-f6"/>
      </object_component>
      <object_component id="oc-26f">
         <name>.text:strncpy</name>
         <load_address>0x15d0</load_address>
         <run_address>0x15d0</run_address>
         <size>0x36</size>
         <input_file_ref idref="fl-e8"/>
      </object_component>
      <object_component id="oc-24a">
         <name>.text:_nop</name>
         <load_address>0x1606</load_address>
         <run_address>0x1606</run_address>
         <size>0x2</size>
         <input_file_ref idref="fl-d6"/>
      </object_component>
      <object_component id="oc-295">
         <name>.text:__TI_cleanup</name>
         <load_address>0x1608</load_address>
         <run_address>0x1608</run_address>
         <size>0x34</size>
         <input_file_ref idref="fl-cb"/>
      </object_component>
      <object_component id="oc-3b4">
         <name>.text:__TI_readmsg</name>
         <load_address>0x163c</load_address>
         <run_address>0x163c</run_address>
         <size>0x34</size>
         <input_file_ref idref="fl-f6"/>
      </object_component>
      <object_component id="oc-58">
         <name>.text:_c_int00_noargs:_c_int00_noargs</name>
         <load_address>0x1670</load_address>
         <run_address>0x1670</run_address>
         <size>0x34</size>
         <input_file_ref idref="fl-d9"/>
      </object_component>
      <object_component id="oc-1df">
         <name>.text:freopen</name>
         <load_address>0x16a4</load_address>
         <run_address>0x16a4</run_address>
         <size>0x34</size>
         <input_file_ref idref="fl-cb"/>
      </object_component>
      <object_component id="oc-269">
         <name>.text:finddevice</name>
         <load_address>0x16d8</load_address>
         <run_address>0x16d8</run_address>
         <size>0x30</size>
         <input_file_ref idref="fl-e0"/>
      </object_component>
      <object_component id="oc-e3">
         <name>.text:GPIO_Init</name>
         <load_address>0x1708</load_address>
         <run_address>0x1708</run_address>
         <size>0x2e</size>
         <input_file_ref idref="fl-2"/>
      </object_component>
      <object_component id="oc-f5">
         <name>.text</name>
         <load_address>0x1736</load_address>
         <run_address>0x1736</run_address>
         <size>0x2e</size>
         <input_file_ref idref="fl-d0"/>
      </object_component>
      <object_component id="oc-35c">
         <name>.text:unlink</name>
         <load_address>0x1764</load_address>
         <run_address>0x1764</run_address>
         <size>0x2c</size>
         <input_file_ref idref="fl-ee"/>
      </object_component>
      <object_component id="oc-161">
         <name>.text:GPIO_setOutputHighOnPin</name>
         <load_address>0x1790</load_address>
         <run_address>0x1790</run_address>
         <size>0x28</size>
         <input_file_ref idref="fl-10"/>
      </object_component>
      <object_component id="oc-167">
         <name>.text:GPIO_setOutputLowOnPin</name>
         <load_address>0x17b8</load_address>
         <run_address>0x17b8</run_address>
         <size>0x28</size>
         <input_file_ref idref="fl-10"/>
      </object_component>
      <object_component id="oc-ff">
         <name>.text:Timer_A_setCompareValue</name>
         <load_address>0x17e0</load_address>
         <run_address>0x17e0</run_address>
         <size>0x28</size>
         <input_file_ref idref="fl-12"/>
      </object_component>
      <object_component id="oc-374">
         <name>.text:free_list_insert</name>
         <load_address>0x1808</load_address>
         <run_address>0x1808</run_address>
         <size>0x28</size>
         <input_file_ref idref="fl-d8"/>
      </object_component>
      <object_component id="oc-237">
         <name>.text:read</name>
         <load_address>0x1830</load_address>
         <run_address>0x1830</run_address>
         <size>0x28</size>
         <input_file_ref idref="fl-da"/>
      </object_component>
      <object_component id="oc-38d">
         <name>.text:write</name>
         <load_address>0x1858</load_address>
         <run_address>0x1858</run_address>
         <size>0x28</size>
         <input_file_ref idref="fl-e9"/>
      </object_component>
      <object_component id="oc-212">
         <name>.text:dclose</name>
         <load_address>0x1880</load_address>
         <run_address>0x1880</run_address>
         <size>0x1c</size>
         <input_file_ref idref="fl-3"/>
      </object_component>
      <object_component id="oc-46">
         <name>.text:decompress:ZI:__TI_zero_init_nomemset:__TI_zero_init_nomemset</name>
         <load_address>0x189c</load_address>
         <run_address>0x189c</run_address>
         <size>0x1c</size>
         <input_file_ref idref="fl-d2"/>
      </object_component>
      <object_component id="oc-36e">
         <name>.text:free_list_remove</name>
         <load_address>0x18b8</load_address>
         <run_address>0x18b8</run_address>
         <size>0x1c</size>
         <input_file_ref idref="fl-d8"/>
      </object_component>
      <object_component id="oc-313">
         <name>.text:strcmp</name>
         <load_address>0x18d4</load_address>
         <run_address>0x18d4</run_address>
         <size>0x18</size>
         <input_file_ref idref="fl-e7"/>
      </object_component>
      <object_component id="oc-180">
         <name>.text:Timer_A_startCounter</name>
         <load_address>0x18ec</load_address>
         <run_address>0x18ec</run_address>
         <size>0x16</size>
         <input_file_ref idref="fl-12"/>
      </object_component>
      <object_component id="oc-414">
         <name>.text:strchr</name>
         <load_address>0x1902</load_address>
         <run_address>0x1902</run_address>
         <size>0x16</size>
         <input_file_ref idref="fl-e6"/>
      </object_component>
      <object_component id="oc-3c8">
         <name>.text:strcpy</name>
         <load_address>0x1918</load_address>
         <run_address>0x1918</run_address>
         <size>0x14</size>
         <input_file_ref idref="fl-f7"/>
      </object_component>
      <object_component id="oc-3a8">
         <name>.text:strlen</name>
         <load_address>0x192c</load_address>
         <run_address>0x192c</run_address>
         <size>0x14</size>
         <input_file_ref idref="fl-f8"/>
      </object_component>
      <object_component id="oc-1fa">
         <name>.text:dlseek</name>
         <load_address>0x1940</load_address>
         <run_address>0x1940</run_address>
         <size>0x12</size>
         <input_file_ref idref="fl-3"/>
      </object_component>
      <object_component id="oc-206">
         <name>.text:drename</name>
         <load_address>0x1952</load_address>
         <run_address>0x1952</run_address>
         <size>0x10</size>
         <input_file_ref idref="fl-3"/>
      </object_component>
      <object_component id="oc-1d">
         <name>.text:decompress:none:__TI_decompress_none</name>
         <load_address>0x1962</load_address>
         <run_address>0x1962</run_address>
         <size>0xe</size>
         <input_file_ref idref="fl-d3"/>
      </object_component>
      <object_component id="oc-200">
         <name>.text:dunlink</name>
         <load_address>0x1970</load_address>
         <run_address>0x1970</run_address>
         <size>0xe</size>
         <input_file_ref idref="fl-3"/>
      </object_component>
      <object_component id="oc-6a">
         <name>.text:Reset_Handler</name>
         <load_address>0x197e</load_address>
         <run_address>0x197e</run_address>
         <size>0xc</size>
         <input_file_ref idref="fl-4"/>
      </object_component>
      <object_component id="oc-ef">
         <name>.text:getchar</name>
         <load_address>0x198c</load_address>
         <run_address>0x198c</run_address>
         <size>0xc</size>
         <input_file_ref idref="fl-ca"/>
      </object_component>
      <object_component id="oc-dd">
         <name>.text:SysInit</name>
         <load_address>0x1998</load_address>
         <run_address>0x1998</run_address>
         <size>0x8</size>
         <input_file_ref idref="fl-3"/>
      </object_component>
      <object_component id="oc-28f">
         <name>.text:malloc</name>
         <load_address>0x19a0</load_address>
         <run_address>0x19a0</run_address>
         <size>0x8</size>
         <input_file_ref idref="fl-d8"/>
      </object_component>
      <object_component id="oc-9a">
         <name>.text:_system_pre_init</name>
         <load_address>0x19a8</load_address>
         <run_address>0x19a8</run_address>
         <size>0x4</size>
         <input_file_ref idref="fl-e3"/>
      </object_component>
      <object_component id="oc-10e">
         <name>.text:abort:abort</name>
         <load_address>0x19ac</load_address>
         <run_address>0x19ac</run_address>
         <size>0x4</size>
         <input_file_ref idref="fl-d5"/>
      </object_component>
      <object_component id="oc-21a">
         <name>.const:GPIO_PORT_TO_BASE</name>
         <load_address>0x19b0</load_address>
         <run_address>0x19b0</run_address>
         <size>0x30</size>
         <input_file_ref idref="fl-10"/>
      </object_component>
      <object_component id="oc-2b9">
         <name>.const:$P$T1$2</name>
         <load_address>0x19e0</load_address>
         <run_address>0x19e0</run_address>
         <size>0x28</size>
         <input_file_ref idref="fl-3"/>
      </object_component>
      <object_component id="oc-1eb">
         <name>.const:.string:$P$T0$1</name>
         <load_address>0x1a08</load_address>
         <run_address>0x1a08</run_address>
         <size>0x5</size>
         <input_file_ref idref="fl-3"/>
      </object_component>
      <object_component id="oc-461">
         <name>.cinit..data.load</name>
         <load_address>0x1a10</load_address>
         <run_address>0x1a10</run_address>
         <size>0x68</size>
      </object_component>
      <object_component id="oc-45f">
         <name>__TI_handler_table</name>
         <load_address>0x1a78</load_address>
         <run_address>0x1a78</run_address>
         <size>0xc</size>
      </object_component>
      <object_component id="oc-462">
         <name>.cinit..bss.load</name>
         <load_address>0x1a88</load_address>
         <run_address>0x1a88</run_address>
         <size>0x8</size>
      </object_component>
      <object_component id="oc-460">
         <name>__TI_cinit_table</name>
         <load_address>0x1a90</load_address>
         <run_address>0x1a90</run_address>
         <size>0x10</size>
      </object_component>
      <object_component id="oc-433">
         <name>.binit</name>
         <load_address>0x0</load_address>
         <run_address>0x0</run_address>
         <size>0x0</size>
      </object_component>
      <object_component id="oc-105">
         <name>.data</name>
         <load_address>0x200007e4</load_address>
         <run_address>0x200007e4</run_address>
         <size>0x4</size>
         <input_file_ref idref="fl-2"/>
      </object_component>
      <object_component id="oc-1a4">
         <name>.data:$O1$$</name>
         <load_address>0x200007c8</load_address>
         <run_address>0x200007c8</run_address>
         <size>0xc</size>
         <input_file_ref idref="fl-d5"/>
      </object_component>
      <object_component id="oc-1a7">
         <name>.data:$O1$$</name>
         <load_address>0x200007d4</load_address>
         <run_address>0x200007d4</run_address>
         <size>0x8</size>
         <input_file_ref idref="fl-d6"/>
      </object_component>
      <object_component id="oc-190">
         <name>.data:_ftable</name>
         <load_address>0x20000600</load_address>
         <run_address>0x20000600</run_address>
         <size>0xf0</size>
         <input_file_ref idref="fl-d7"/>
      </object_component>
      <object_component id="oc-2f1">
         <name>.data</name>
         <load_address>0x200007b8</load_address>
         <run_address>0x200007b8</run_address>
         <size>0x10</size>
         <input_file_ref idref="fl-d7"/>
      </object_component>
      <object_component id="oc-3e1">
         <name>.data:$O1$$</name>
         <load_address>0x200007dc</load_address>
         <run_address>0x200007dc</run_address>
         <size>0x8</size>
         <input_file_ref idref="fl-d8"/>
      </object_component>
      <object_component id="oc-3de">
         <name>.data</name>
         <load_address>0x200007ec</load_address>
         <run_address>0x200007ec</run_address>
         <size>0x4</size>
         <input_file_ref idref="fl-db"/>
      </object_component>
      <object_component id="oc-275">
         <name>.data</name>
         <load_address>0x200007e8</load_address>
         <run_address>0x200007e8</run_address>
         <size>0x4</size>
         <input_file_ref idref="fl-dc"/>
      </object_component>
      <object_component id="oc-276">
         <name>.data:_device</name>
         <load_address>0x200006f0</load_address>
         <run_address>0x200006f0</run_address>
         <size>0x78</size>
         <input_file_ref idref="fl-ea"/>
      </object_component>
      <object_component id="oc-2f6">
         <name>.data:_stream</name>
         <load_address>0x20000768</load_address>
         <run_address>0x20000768</run_address>
         <size>0x50</size>
         <input_file_ref idref="fl-ea"/>
      </object_component>
      <object_component id="oc-3fc">
         <name>.bss:_CIOBUF_</name>
         <uninitialized>true</uninitialized>
         <run_address>0x20000400</run_address>
         <size>0x120</size>
         <input_file_ref idref="fl-f6"/>
      </object_component>
      <object_component id="oc-186">
         <name>.common:timer_config</name>
         <uninitialized>true</uninitialized>
         <run_address>0x200005c0</run_address>
         <size>0x18</size>
      </object_component>
      <object_component id="oc-187">
         <name>.common:CCR_three</name>
         <uninitialized>true</uninitialized>
         <run_address>0x200005e8</run_address>
         <size>0x10</size>
      </object_component>
      <object_component id="oc-188">
         <name>.common:CCR_four</name>
         <uninitialized>true</uninitialized>
         <run_address>0x200005d8</run_address>
         <size>0x10</size>
      </object_component>
      <object_component id="oc-362">
         <name>.common:__TI_tmpnams</name>
         <uninitialized>true</uninitialized>
         <run_address>0x20000520</run_address>
         <size>0xa0</size>
      </object_component>
      <object_component id="oc-3ba">
         <name>.common:parmbuf</name>
         <uninitialized>true</uninitialized>
         <run_address>0x200005f8</run_address>
         <size>0x8</size>
      </object_component>
      <object_component id="oc-29">
         <name>.sysmem</name>
         <uninitialized>true</uninitialized>
         <run_address>0x20000000</run_address>
         <size>0x10</size>
         <input_file_ref idref="fl-d8"/>
      </object_component>
      <object_component id="oc-465">
         <name>.sysmem</name>
         <uninitialized>true</uninitialized>
         <run_address>0x20000000</run_address>
         <size>0x0</size>
      </object_component>
      <object_component id="oc-2c">
         <name>.stack</name>
         <uninitialized>true</uninitialized>
         <run_address>0x2000fc00</run_address>
         <size>0x4</size>
         <input_file_ref idref="fl-d9"/>
      </object_component>
      <object_component id="oc-464">
         <name>.stack</name>
         <uninitialized>true</uninitialized>
         <run_address>0x2000fc00</run_address>
         <size>0x0</size>
      </object_component>
      <object_component id="oc-152">
         <name>.debug_info</name>
         <load_address>0x0</load_address>
         <run_address>0x0</run_address>
         <size>0x857</size>
         <input_file_ref idref="fl-2"/>
      </object_component>
      <object_component id="oc-106">
         <name>.debug_info</name>
         <load_address>0x857</load_address>
         <run_address>0x857</run_address>
         <size>0x149</size>
         <input_file_ref idref="fl-2"/>
      </object_component>
      <object_component id="oc-a3">
         <name>.debug_info</name>
         <load_address>0x9a0</load_address>
         <run_address>0x9a0</run_address>
         <size>0x227</size>
         <input_file_ref idref="fl-2"/>
      </object_component>
      <object_component id="oc-e6">
         <name>.debug_info</name>
         <load_address>0xbc7</load_address>
         <run_address>0xbc7</run_address>
         <size>0x1bf</size>
         <input_file_ref idref="fl-2"/>
      </object_component>
      <object_component id="oc-ec">
         <name>.debug_info</name>
         <load_address>0xd86</load_address>
         <run_address>0xd86</run_address>
         <size>0x18d</size>
         <input_file_ref idref="fl-2"/>
      </object_component>
      <object_component id="oc-bc">
         <name>.debug_info</name>
         <load_address>0xf13</load_address>
         <run_address>0xf13</run_address>
         <size>0x26b</size>
         <input_file_ref idref="fl-2"/>
      </object_component>
      <object_component id="oc-1ca">
         <name>.debug_info</name>
         <load_address>0x117e</load_address>
         <run_address>0x117e</run_address>
         <size>0x1028</size>
         <input_file_ref idref="fl-2"/>
      </object_component>
      <object_component id="oc-1c5">
         <name>.debug_info</name>
         <load_address>0x21a6</load_address>
         <run_address>0x21a6</run_address>
         <size>0x37e2</size>
         <input_file_ref idref="fl-2"/>
      </object_component>
      <object_component id="oc-1cf">
         <name>.debug_info</name>
         <load_address>0x5988</load_address>
         <run_address>0x5988</run_address>
         <size>0x341</size>
         <input_file_ref idref="fl-2"/>
      </object_component>
      <object_component id="oc-35">
         <name>.debug_info</name>
         <load_address>0x5cc9</load_address>
         <run_address>0x5cc9</run_address>
         <size>0x84</size>
         <input_file_ref idref="fl-2"/>
      </object_component>
      <object_component id="oc-14d">
         <name>.debug_info</name>
         <load_address>0x5d4d</load_address>
         <run_address>0x5d4d</run_address>
         <size>0x2a4</size>
         <input_file_ref idref="fl-2"/>
      </object_component>
      <object_component id="oc-1d4">
         <name>.debug_info</name>
         <load_address>0x5ff1</load_address>
         <run_address>0x5ff1</run_address>
         <size>0xef</size>
         <input_file_ref idref="fl-2"/>
      </object_component>
      <object_component id="oc-109">
         <name>.debug_info</name>
         <load_address>0x60e0</load_address>
         <run_address>0x60e0</run_address>
         <size>0xbb</size>
         <input_file_ref idref="fl-2"/>
      </object_component>
      <object_component id="oc-2ca">
         <name>.debug_info</name>
         <load_address>0x619b</load_address>
         <run_address>0x619b</run_address>
         <size>0xcc</size>
         <input_file_ref idref="fl-2"/>
      </object_component>
      <object_component id="oc-2ac">
         <name>.debug_info</name>
         <load_address>0x6267</load_address>
         <run_address>0x6267</run_address>
         <size>0x2c</size>
         <input_file_ref idref="fl-2"/>
      </object_component>
      <object_component id="oc-2bd">
         <name>.debug_info</name>
         <load_address>0x6293</load_address>
         <run_address>0x6293</run_address>
         <size>0x102</size>
         <input_file_ref idref="fl-2"/>
      </object_component>
      <object_component id="oc-219">
         <name>.debug_info</name>
         <load_address>0x6395</load_address>
         <run_address>0x6395</run_address>
         <size>0x791</size>
         <input_file_ref idref="fl-3"/>
      </object_component>
      <object_component id="oc-1ec">
         <name>.debug_info</name>
         <load_address>0x6b26</load_address>
         <run_address>0x6b26</run_address>
         <size>0xfe</size>
         <input_file_ref idref="fl-3"/>
      </object_component>
      <object_component id="oc-2ba">
         <name>.debug_info</name>
         <load_address>0x6c24</load_address>
         <run_address>0x6c24</run_address>
         <size>0xfe</size>
         <input_file_ref idref="fl-3"/>
      </object_component>
      <object_component id="oc-de">
         <name>.debug_info</name>
         <load_address>0x6d22</load_address>
         <run_address>0x6d22</run_address>
         <size>0x15b</size>
         <input_file_ref idref="fl-3"/>
      </object_component>
      <object_component id="oc-155">
         <name>.debug_info</name>
         <load_address>0x6e7d</load_address>
         <run_address>0x6e7d</run_address>
         <size>0x1ac</size>
         <input_file_ref idref="fl-3"/>
      </object_component>
      <object_component id="oc-20e">
         <name>.debug_info</name>
         <load_address>0x7029</load_address>
         <run_address>0x7029</run_address>
         <size>0x1f2</size>
         <input_file_ref idref="fl-3"/>
      </object_component>
      <object_component id="oc-213">
         <name>.debug_info</name>
         <load_address>0x721b</load_address>
         <run_address>0x721b</run_address>
         <size>0x17b</size>
         <input_file_ref idref="fl-3"/>
      </object_component>
      <object_component id="oc-1f0">
         <name>.debug_info</name>
         <load_address>0x7396</load_address>
         <run_address>0x7396</run_address>
         <size>0x1cb</size>
         <input_file_ref idref="fl-3"/>
      </object_component>
      <object_component id="oc-1f5">
         <name>.debug_info</name>
         <load_address>0x7561</load_address>
         <run_address>0x7561</run_address>
         <size>0x1cd</size>
         <input_file_ref idref="fl-3"/>
      </object_component>
      <object_component id="oc-1fc">
         <name>.debug_info</name>
         <load_address>0x772e</load_address>
         <run_address>0x772e</run_address>
         <size>0x1ca</size>
         <input_file_ref idref="fl-3"/>
      </object_component>
      <object_component id="oc-201">
         <name>.debug_info</name>
         <load_address>0x78f8</load_address>
         <run_address>0x78f8</run_address>
         <size>0x16e</size>
         <input_file_ref idref="fl-3"/>
      </object_component>
      <object_component id="oc-207">
         <name>.debug_info</name>
         <load_address>0x7a66</load_address>
         <run_address>0x7a66</run_address>
         <size>0x1b1</size>
         <input_file_ref idref="fl-3"/>
      </object_component>
      <object_component id="oc-2c5">
         <name>.debug_info</name>
         <load_address>0x7c17</load_address>
         <run_address>0x7c17</run_address>
         <size>0x37e2</size>
         <input_file_ref idref="fl-3"/>
      </object_component>
      <object_component id="oc-2a5">
         <name>.debug_info</name>
         <load_address>0xb3f9</load_address>
         <run_address>0xb3f9</run_address>
         <size>0x8b</size>
         <input_file_ref idref="fl-3"/>
      </object_component>
      <object_component id="oc-78">
         <name>.debug_info</name>
         <load_address>0xb484</load_address>
         <run_address>0xb484</run_address>
         <size>0x2ed</size>
         <input_file_ref idref="fl-4"/>
      </object_component>
      <object_component id="oc-27">
         <name>.debug_info</name>
         <load_address>0xb771</load_address>
         <run_address>0xb771</run_address>
         <size>0x119</size>
         <input_file_ref idref="fl-4"/>
      </object_component>
      <object_component id="oc-6b">
         <name>.debug_info</name>
         <load_address>0xb88a</load_address>
         <run_address>0xb88a</run_address>
         <size>0x17c</size>
         <input_file_ref idref="fl-4"/>
      </object_component>
      <object_component id="oc-71">
         <name>.debug_info</name>
         <load_address>0xba06</load_address>
         <run_address>0xba06</run_address>
         <size>0x164</size>
         <input_file_ref idref="fl-4"/>
      </object_component>
      <object_component id="oc-b5">
         <name>.debug_info</name>
         <load_address>0xbb6a</load_address>
         <run_address>0xbb6a</run_address>
         <size>0x159</size>
         <input_file_ref idref="fl-5"/>
      </object_component>
      <object_component id="oc-2d1">
         <name>.debug_info</name>
         <load_address>0xbcc3</load_address>
         <run_address>0xbcc3</run_address>
         <size>0x701</size>
         <input_file_ref idref="fl-10"/>
      </object_component>
      <object_component id="oc-21b">
         <name>.debug_info</name>
         <load_address>0xc3c4</load_address>
         <run_address>0xc3c4</run_address>
         <size>0x135</size>
         <input_file_ref idref="fl-10"/>
      </object_component>
      <object_component id="oc-15e">
         <name>.debug_info</name>
         <load_address>0xc4f9</load_address>
         <run_address>0xc4f9</run_address>
         <size>0x252</size>
         <input_file_ref idref="fl-10"/>
      </object_component>
      <object_component id="oc-170">
         <name>.debug_info</name>
         <load_address>0xc74b</load_address>
         <run_address>0xc74b</run_address>
         <size>0x2a5</size>
         <input_file_ref idref="fl-10"/>
      </object_component>
      <object_component id="oc-163">
         <name>.debug_info</name>
         <load_address>0xc9f0</load_address>
         <run_address>0xc9f0</run_address>
         <size>0x25a</size>
         <input_file_ref idref="fl-10"/>
      </object_component>
      <object_component id="oc-169">
         <name>.debug_info</name>
         <load_address>0xcc4a</load_address>
         <run_address>0xcc4a</run_address>
         <size>0x258</size>
         <input_file_ref idref="fl-10"/>
      </object_component>
      <object_component id="oc-2e4">
         <name>.debug_info</name>
         <load_address>0xcea2</load_address>
         <run_address>0xcea2</run_address>
         <size>0x26b</size>
         <input_file_ref idref="fl-10"/>
      </object_component>
      <object_component id="oc-2da">
         <name>.debug_info</name>
         <load_address>0xd10d</load_address>
         <run_address>0xd10d</run_address>
         <size>0x1028</size>
         <input_file_ref idref="fl-10"/>
      </object_component>
      <object_component id="oc-2d5">
         <name>.debug_info</name>
         <load_address>0xe135</load_address>
         <run_address>0xe135</run_address>
         <size>0x431a</size>
         <input_file_ref idref="fl-10"/>
      </object_component>
      <object_component id="oc-243">
         <name>.debug_info</name>
         <load_address>0x1244f</load_address>
         <run_address>0x1244f</run_address>
         <size>0x297</size>
         <input_file_ref idref="fl-10"/>
      </object_component>
      <object_component id="oc-19c">
         <name>.debug_info</name>
         <load_address>0x126e6</load_address>
         <run_address>0x126e6</run_address>
         <size>0xef</size>
         <input_file_ref idref="fl-10"/>
      </object_component>
      <object_component id="oc-197">
         <name>.debug_info</name>
         <load_address>0x127d5</load_address>
         <run_address>0x127d5</run_address>
         <size>0xbb</size>
         <input_file_ref idref="fl-10"/>
      </object_component>
      <object_component id="oc-228">
         <name>.debug_info</name>
         <load_address>0x12890</load_address>
         <run_address>0x12890</run_address>
         <size>0x725</size>
         <input_file_ref idref="fl-12"/>
      </object_component>
      <object_component id="oc-223">
         <name>.debug_info</name>
         <load_address>0x12fb5</load_address>
         <run_address>0x12fb5</run_address>
         <size>0x25e</size>
         <input_file_ref idref="fl-12"/>
      </object_component>
      <object_component id="oc-182">
         <name>.debug_info</name>
         <load_address>0x13213</load_address>
         <run_address>0x13213</run_address>
         <size>0x215</size>
         <input_file_ref idref="fl-12"/>
      </object_component>
      <object_component id="oc-176">
         <name>.debug_info</name>
         <load_address>0x13428</load_address>
         <run_address>0x13428</run_address>
         <size>0x23d</size>
         <input_file_ref idref="fl-12"/>
      </object_component>
      <object_component id="oc-17c">
         <name>.debug_info</name>
         <load_address>0x13665</load_address>
         <run_address>0x13665</run_address>
         <size>0x21a</size>
         <input_file_ref idref="fl-12"/>
      </object_component>
      <object_component id="oc-102">
         <name>.debug_info</name>
         <load_address>0x1387f</load_address>
         <run_address>0x1387f</run_address>
         <size>0x289</size>
         <input_file_ref idref="fl-12"/>
      </object_component>
      <object_component id="oc-2df">
         <name>.debug_info</name>
         <load_address>0x13b08</load_address>
         <run_address>0x13b08</run_address>
         <size>0x341</size>
         <input_file_ref idref="fl-12"/>
      </object_component>
      <object_component id="oc-386">
         <name>.debug_info</name>
         <load_address>0x13e49</load_address>
         <run_address>0x13e49</run_address>
         <size>0x6eb</size>
         <input_file_ref idref="fl-13"/>
      </object_component>
      <object_component id="oc-2b4">
         <name>.debug_info</name>
         <load_address>0x14534</load_address>
         <run_address>0x14534</run_address>
         <size>0x234</size>
         <input_file_ref idref="fl-13"/>
      </object_component>
      <object_component id="oc-3ef">
         <name>.debug_info</name>
         <load_address>0x14768</load_address>
         <run_address>0x14768</run_address>
         <size>0x102</size>
         <input_file_ref idref="fl-13"/>
      </object_component>
      <object_component id="oc-23e">
         <name>.debug_info</name>
         <load_address>0x1486a</load_address>
         <run_address>0x1486a</run_address>
         <size>0x375</size>
         <input_file_ref idref="fl-ca"/>
      </object_component>
      <object_component id="oc-18d">
         <name>.debug_info</name>
         <load_address>0x14bdf</load_address>
         <run_address>0x14bdf</run_address>
         <size>0x1d1</size>
         <input_file_ref idref="fl-ca"/>
      </object_component>
      <object_component id="oc-f0">
         <name>.debug_info</name>
         <load_address>0x14db0</load_address>
         <run_address>0x14db0</run_address>
         <size>0x13e</size>
         <input_file_ref idref="fl-ca"/>
      </object_component>
      <object_component id="oc-2fd">
         <name>.debug_info</name>
         <load_address>0x14eee</load_address>
         <run_address>0x14eee</run_address>
         <size>0xb2</size>
         <input_file_ref idref="fl-ca"/>
      </object_component>
      <object_component id="oc-288">
         <name>.debug_info</name>
         <load_address>0x14fa0</load_address>
         <run_address>0x14fa0</run_address>
         <size>0x3f5</size>
         <input_file_ref idref="fl-cb"/>
      </object_component>
      <object_component id="oc-283">
         <name>.debug_info</name>
         <load_address>0x15395</load_address>
         <run_address>0x15395</run_address>
         <size>0x20e</size>
         <input_file_ref idref="fl-cb"/>
      </object_component>
      <object_component id="oc-297">
         <name>.debug_info</name>
         <load_address>0x155a3</load_address>
         <run_address>0x155a3</run_address>
         <size>0x176</size>
         <input_file_ref idref="fl-cb"/>
      </object_component>
      <object_component id="oc-1e0">
         <name>.debug_info</name>
         <load_address>0x15719</load_address>
         <run_address>0x15719</run_address>
         <size>0x1e4</size>
         <input_file_ref idref="fl-cb"/>
      </object_component>
      <object_component id="oc-c3">
         <name>.debug_info</name>
         <load_address>0x158fd</load_address>
         <run_address>0x158fd</run_address>
         <size>0x2c</size>
         <input_file_ref idref="fl-cb"/>
      </object_component>
      <object_component id="oc-2f5">
         <name>.debug_info</name>
         <load_address>0x15929</load_address>
         <run_address>0x15929</run_address>
         <size>0x370</size>
         <input_file_ref idref="fl-cc"/>
      </object_component>
      <object_component id="oc-234">
         <name>.debug_info</name>
         <load_address>0x15c99</load_address>
         <run_address>0x15c99</run_address>
         <size>0x1e2</size>
         <input_file_ref idref="fl-cc"/>
      </object_component>
      <object_component id="oc-2ea">
         <name>.debug_info</name>
         <load_address>0x15e7b</load_address>
         <run_address>0x15e7b</run_address>
         <size>0x300</size>
         <input_file_ref idref="fl-cd"/>
      </object_component>
      <object_component id="oc-22e">
         <name>.debug_info</name>
         <load_address>0x1617b</load_address>
         <run_address>0x1617b</run_address>
         <size>0x18e</size>
         <input_file_ref idref="fl-cd"/>
      </object_component>
      <object_component id="oc-29d">
         <name>.debug_info</name>
         <load_address>0x16309</load_address>
         <run_address>0x16309</run_address>
         <size>0xbf</size>
         <input_file_ref idref="fl-cd"/>
      </object_component>
      <object_component id="oc-29c">
         <name>.debug_info</name>
         <load_address>0x163c8</load_address>
         <run_address>0x163c8</run_address>
         <size>0x374</size>
         <input_file_ref idref="fl-ce"/>
      </object_component>
      <object_component id="oc-1e6">
         <name>.debug_info</name>
         <load_address>0x1673c</load_address>
         <run_address>0x1673c</run_address>
         <size>0x20b</size>
         <input_file_ref idref="fl-ce"/>
      </object_component>
      <object_component id="oc-fb">
         <name>.debug_info</name>
         <load_address>0x16947</load_address>
         <run_address>0x16947</run_address>
         <size>0x128</size>
         <input_file_ref idref="fl-cf"/>
      </object_component>
      <object_component id="oc-f8">
         <name>.debug_info</name>
         <load_address>0x16a6f</load_address>
         <run_address>0x16a6f</run_address>
         <size>0x12c</size>
         <input_file_ref idref="fl-d0"/>
      </object_component>
      <object_component id="oc-93">
         <name>.debug_info</name>
         <load_address>0x16b9b</load_address>
         <run_address>0x16b9b</run_address>
         <size>0x2d4</size>
         <input_file_ref idref="fl-d2"/>
      </object_component>
      <object_component id="oc-47">
         <name>.debug_info</name>
         <load_address>0x16e6f</load_address>
         <run_address>0x16e6f</run_address>
         <size>0x1d2</size>
         <input_file_ref idref="fl-d2"/>
      </object_component>
      <object_component id="oc-8e">
         <name>.debug_info</name>
         <load_address>0x17041</load_address>
         <run_address>0x17041</run_address>
         <size>0x46</size>
         <input_file_ref idref="fl-d2"/>
      </object_component>
      <object_component id="oc-d4">
         <name>.debug_info</name>
         <load_address>0x17087</load_address>
         <run_address>0x17087</run_address>
         <size>0x2c</size>
         <input_file_ref idref="fl-d2"/>
      </object_component>
      <object_component id="oc-45">
         <name>.debug_info</name>
         <load_address>0x170b3</load_address>
         <run_address>0x170b3</run_address>
         <size>0x2a8</size>
         <input_file_ref idref="fl-d3"/>
      </object_component>
      <object_component id="oc-21">
         <name>.debug_info</name>
         <load_address>0x1735b</load_address>
         <run_address>0x1735b</run_address>
         <size>0x1ea</size>
         <input_file_ref idref="fl-d3"/>
      </object_component>
      <object_component id="oc-40">
         <name>.debug_info</name>
         <load_address>0x17545</load_address>
         <run_address>0x17545</run_address>
         <size>0x46</size>
         <input_file_ref idref="fl-d3"/>
      </object_component>
      <object_component id="oc-86">
         <name>.debug_info</name>
         <load_address>0x1758b</load_address>
         <run_address>0x1758b</run_address>
         <size>0x2c</size>
         <input_file_ref idref="fl-d3"/>
      </object_component>
      <object_component id="oc-84">
         <name>.debug_info</name>
         <load_address>0x175b7</load_address>
         <run_address>0x175b7</run_address>
         <size>0x29e</size>
         <input_file_ref idref="fl-d4"/>
      </object_component>
      <object_component id="oc-18">
         <name>.debug_info</name>
         <load_address>0x17855</load_address>
         <run_address>0x17855</run_address>
         <size>0x250</size>
         <input_file_ref idref="fl-d4"/>
      </object_component>
      <object_component id="oc-30">
         <name>.debug_info</name>
         <load_address>0x17aa5</load_address>
         <run_address>0x17aa5</run_address>
         <size>0x60</size>
         <input_file_ref idref="fl-d4"/>
      </object_component>
      <object_component id="oc-cd">
         <name>.debug_info</name>
         <load_address>0x17b05</load_address>
         <run_address>0x17b05</run_address>
         <size>0x46</size>
         <input_file_ref idref="fl-d4"/>
      </object_component>
      <object_component id="oc-7f">
         <name>.debug_info</name>
         <load_address>0x17b4b</load_address>
         <run_address>0x17b4b</run_address>
         <size>0x39</size>
         <input_file_ref idref="fl-d4"/>
      </object_component>
      <object_component id="oc-1ab">
         <name>.debug_info</name>
         <load_address>0x17b84</load_address>
         <run_address>0x17b84</run_address>
         <size>0x3ad</size>
         <input_file_ref idref="fl-d5"/>
      </object_component>
      <object_component id="oc-1a5">
         <name>.debug_info</name>
         <load_address>0x17f31</load_address>
         <run_address>0x17f31</run_address>
         <size>0x190</size>
         <input_file_ref idref="fl-d5"/>
      </object_component>
      <object_component id="oc-111">
         <name>.debug_info</name>
         <load_address>0x180c1</load_address>
         <run_address>0x180c1</run_address>
         <size>0x122</size>
         <input_file_ref idref="fl-d5"/>
      </object_component>
      <object_component id="oc-117">
         <name>.debug_info</name>
         <load_address>0x181e3</load_address>
         <run_address>0x181e3</run_address>
         <size>0x184</size>
         <input_file_ref idref="fl-d5"/>
      </object_component>
      <object_component id="oc-252">
         <name>.debug_info</name>
         <load_address>0x18367</load_address>
         <run_address>0x18367</run_address>
         <size>0x2c9</size>
         <input_file_ref idref="fl-d6"/>
      </object_component>
      <object_component id="oc-1a8">
         <name>.debug_info</name>
         <load_address>0x18630</load_address>
         <run_address>0x18630</run_address>
         <size>0x11e</size>
         <input_file_ref idref="fl-d6"/>
      </object_component>
      <object_component id="oc-24b">
         <name>.debug_info</name>
         <load_address>0x1874e</load_address>
         <run_address>0x1874e</run_address>
         <size>0x12e</size>
         <input_file_ref idref="fl-d6"/>
      </object_component>
      <object_component id="oc-241">
         <name>.debug_info</name>
         <load_address>0x1887c</load_address>
         <run_address>0x1887c</run_address>
         <size>0x144</size>
         <input_file_ref idref="fl-d7"/>
      </object_component>
      <object_component id="oc-191">
         <name>.debug_info</name>
         <load_address>0x189c0</load_address>
         <run_address>0x189c0</run_address>
         <size>0x102</size>
         <input_file_ref idref="fl-d7"/>
      </object_component>
      <object_component id="oc-2f2">
         <name>.debug_info</name>
         <load_address>0x18ac2</load_address>
         <run_address>0x18ac2</run_address>
         <size>0x18f</size>
         <input_file_ref idref="fl-d7"/>
      </object_component>
      <object_component id="oc-7b">
         <name>.debug_info</name>
         <load_address>0x18c51</load_address>
         <run_address>0x18c51</run_address>
         <size>0x3b2</size>
         <input_file_ref idref="fl-d8"/>
      </object_component>
      <object_component id="oc-2a">
         <name>.debug_info</name>
         <load_address>0x19003</load_address>
         <run_address>0x19003</run_address>
         <size>0x10c</size>
         <input_file_ref idref="fl-d8"/>
      </object_component>
      <object_component id="oc-3e2">
         <name>.debug_info</name>
         <load_address>0x1910f</load_address>
         <run_address>0x1910f</run_address>
         <size>0x13f</size>
         <input_file_ref idref="fl-d8"/>
      </object_component>
      <object_component id="oc-290">
         <name>.debug_info</name>
         <load_address>0x1924e</load_address>
         <run_address>0x1924e</run_address>
         <size>0x168</size>
         <input_file_ref idref="fl-d8"/>
      </object_component>
      <object_component id="oc-36f">
         <name>.debug_info</name>
         <load_address>0x193b6</load_address>
         <run_address>0x193b6</run_address>
         <size>0x18e</size>
         <input_file_ref idref="fl-d8"/>
      </object_component>
      <object_component id="oc-375">
         <name>.debug_info</name>
         <load_address>0x19544</load_address>
         <run_address>0x19544</run_address>
         <size>0x19f</size>
         <input_file_ref idref="fl-d8"/>
      </object_component>
      <object_component id="oc-28a">
         <name>.debug_info</name>
         <load_address>0x196e3</load_address>
         <run_address>0x196e3</run_address>
         <size>0x203</size>
         <input_file_ref idref="fl-d8"/>
      </object_component>
      <object_component id="oc-3e7">
         <name>.debug_info</name>
         <load_address>0x198e6</load_address>
         <run_address>0x198e6</run_address>
         <size>0x1db</size>
         <input_file_ref idref="fl-d8"/>
      </object_component>
      <object_component id="oc-37c">
         <name>.debug_info</name>
         <load_address>0x19ac1</load_address>
         <run_address>0x19ac1</run_address>
         <size>0x299</size>
         <input_file_ref idref="fl-d8"/>
      </object_component>
      <object_component id="oc-c8">
         <name>.debug_info</name>
         <load_address>0x19d5a</load_address>
         <run_address>0x19d5a</run_address>
         <size>0xb2</size>
         <input_file_ref idref="fl-d8"/>
      </object_component>
      <object_component id="oc-2d">
         <name>.debug_info</name>
         <load_address>0x19e0c</load_address>
         <run_address>0x19e0c</run_address>
         <size>0x10b</size>
         <input_file_ref idref="fl-d9"/>
      </object_component>
      <object_component id="oc-59">
         <name>.debug_info</name>
         <load_address>0x19f17</load_address>
         <run_address>0x19f17</run_address>
         <size>0x1a9</size>
         <input_file_ref idref="fl-d9"/>
      </object_component>
      <object_component id="oc-2fa">
         <name>.debug_info</name>
         <load_address>0x1a0c0</load_address>
         <run_address>0x1a0c0</run_address>
         <size>0x396</size>
         <input_file_ref idref="fl-da"/>
      </object_component>
      <object_component id="oc-23b">
         <name>.debug_info</name>
         <load_address>0x1a456</load_address>
         <run_address>0x1a456</run_address>
         <size>0x18a</size>
         <input_file_ref idref="fl-da"/>
      </object_component>
      <object_component id="oc-39d">
         <name>.debug_info</name>
         <load_address>0x1a5e0</load_address>
         <run_address>0x1a5e0</run_address>
         <size>0x120</size>
         <input_file_ref idref="fl-da"/>
      </object_component>
      <object_component id="oc-3e0">
         <name>.debug_info</name>
         <load_address>0x1a700</load_address>
         <run_address>0x1a700</run_address>
         <size>0x402</size>
         <input_file_ref idref="fl-db"/>
      </object_component>
      <object_component id="oc-366">
         <name>.debug_info</name>
         <load_address>0x1ab02</load_address>
         <run_address>0x1ab02</run_address>
         <size>0x245</size>
         <input_file_ref idref="fl-db"/>
      </object_component>
      <object_component id="oc-27a">
         <name>.debug_info</name>
         <load_address>0x1ad47</load_address>
         <run_address>0x1ad47</run_address>
         <size>0x445</size>
         <input_file_ref idref="fl-dc"/>
      </object_component>
      <object_component id="oc-1da">
         <name>.debug_info</name>
         <load_address>0x1b18c</load_address>
         <run_address>0x1b18c</run_address>
         <size>0x2db</size>
         <input_file_ref idref="fl-dc"/>
      </object_component>
      <object_component id="oc-351">
         <name>.debug_info</name>
         <load_address>0x1b467</load_address>
         <run_address>0x1b467</run_address>
         <size>0xea</size>
         <input_file_ref idref="fl-dc"/>
      </object_component>
      <object_component id="oc-34c">
         <name>.debug_info</name>
         <load_address>0x1b551</load_address>
         <run_address>0x1b551</run_address>
         <size>0x2c</size>
         <input_file_ref idref="fl-dc"/>
      </object_component>
      <object_component id="oc-364">
         <name>.debug_info</name>
         <load_address>0x1b57d</load_address>
         <run_address>0x1b57d</run_address>
         <size>0x3a5</size>
         <input_file_ref idref="fl-dd"/>
      </object_component>
      <object_component id="oc-27d">
         <name>.debug_info</name>
         <load_address>0x1b922</load_address>
         <run_address>0x1b922</run_address>
         <size>0x1f3</size>
         <input_file_ref idref="fl-dd"/>
      </object_component>
      <object_component id="oc-394">
         <name>.debug_info</name>
         <load_address>0x1bb15</load_address>
         <run_address>0x1bb15</run_address>
         <size>0x347</size>
         <input_file_ref idref="fl-de"/>
      </object_component>
      <object_component id="oc-2ef">
         <name>.debug_info</name>
         <load_address>0x1be5c</load_address>
         <run_address>0x1be5c</run_address>
         <size>0x18a</size>
         <input_file_ref idref="fl-de"/>
      </object_component>
      <object_component id="oc-31a">
         <name>.debug_info</name>
         <load_address>0x1bfe6</load_address>
         <run_address>0x1bfe6</run_address>
         <size>0x42c</size>
         <input_file_ref idref="fl-e0"/>
      </object_component>
      <object_component id="oc-26a">
         <name>.debug_info</name>
         <load_address>0x1c412</load_address>
         <run_address>0x1c412</run_address>
         <size>0x192</size>
         <input_file_ref idref="fl-e0"/>
      </object_component>
      <object_component id="oc-3d7">
         <name>.debug_info</name>
         <load_address>0x1c5a4</load_address>
         <run_address>0x1c5a4</run_address>
         <size>0x1eb</size>
         <input_file_ref idref="fl-e0"/>
      </object_component>
      <object_component id="oc-3b">
         <name>.debug_info</name>
         <load_address>0x1c78f</load_address>
         <run_address>0x1c78f</run_address>
         <size>0x119</size>
         <input_file_ref idref="fl-e1"/>
      </object_component>
      <object_component id="oc-1ae">
         <name>.debug_info</name>
         <load_address>0x1c8a8</load_address>
         <run_address>0x1c8a8</run_address>
         <size>0x4b3</size>
         <input_file_ref idref="fl-e2"/>
      </object_component>
      <object_component id="oc-11c">
         <name>.debug_info</name>
         <load_address>0x1cd5b</load_address>
         <run_address>0x1cd5b</run_address>
         <size>0x1a6</size>
         <input_file_ref idref="fl-e2"/>
      </object_component>
      <object_component id="oc-258">
         <name>.debug_info</name>
         <load_address>0x1cf01</load_address>
         <run_address>0x1cf01</run_address>
         <size>0x39</size>
         <input_file_ref idref="fl-e2"/>
      </object_component>
      <object_component id="oc-307">
         <name>.debug_info</name>
         <load_address>0x1cf3a</load_address>
         <run_address>0x1cf3a</run_address>
         <size>0x39</size>
         <input_file_ref idref="fl-e2"/>
      </object_component>
      <object_component id="oc-25d">
         <name>.debug_info</name>
         <load_address>0x1cf73</load_address>
         <run_address>0x1cf73</run_address>
         <size>0x39</size>
         <input_file_ref idref="fl-e2"/>
      </object_component>
      <object_component id="oc-262">
         <name>.debug_info</name>
         <load_address>0x1cfac</load_address>
         <run_address>0x1cfac</run_address>
         <size>0xcd</size>
         <input_file_ref idref="fl-e2"/>
      </object_component>
      <object_component id="oc-9b">
         <name>.debug_info</name>
         <load_address>0x1d079</load_address>
         <run_address>0x1d079</run_address>
         <size>0x153</size>
         <input_file_ref idref="fl-e3"/>
      </object_component>
      <object_component id="oc-42d">
         <name>.debug_info</name>
         <load_address>0x1d1cc</load_address>
         <run_address>0x1d1cc</run_address>
         <size>0x29a</size>
         <input_file_ref idref="fl-e6"/>
      </object_component>
      <object_component id="oc-415">
         <name>.debug_info</name>
         <load_address>0x1d466</load_address>
         <run_address>0x1d466</run_address>
         <size>0x262</size>
         <input_file_ref idref="fl-e6"/>
      </object_component>
      <object_component id="oc-3a3">
         <name>.debug_info</name>
         <load_address>0x1d6c8</load_address>
         <run_address>0x1d6c8</run_address>
         <size>0x28a</size>
         <input_file_ref idref="fl-e7"/>
      </object_component>
      <object_component id="oc-314">
         <name>.debug_info</name>
         <load_address>0x1d952</load_address>
         <run_address>0x1d952</run_address>
         <size>0x273</size>
         <input_file_ref idref="fl-e7"/>
      </object_component>
      <object_component id="oc-31c">
         <name>.debug_info</name>
         <load_address>0x1dbc5</load_address>
         <run_address>0x1dbc5</run_address>
         <size>0x2af</size>
         <input_file_ref idref="fl-e8"/>
      </object_component>
      <object_component id="oc-270">
         <name>.debug_info</name>
         <load_address>0x1de74</load_address>
         <run_address>0x1de74</run_address>
         <size>0x277</size>
         <input_file_ref idref="fl-e8"/>
      </object_component>
      <object_component id="oc-3f5">
         <name>.debug_info</name>
         <load_address>0x1e0eb</load_address>
         <run_address>0x1e0eb</run_address>
         <size>0x397</size>
         <input_file_ref idref="fl-e9"/>
      </object_component>
      <object_component id="oc-390">
         <name>.debug_info</name>
         <load_address>0x1e482</load_address>
         <run_address>0x1e482</run_address>
         <size>0x18f</size>
         <input_file_ref idref="fl-e9"/>
      </object_component>
      <object_component id="oc-349">
         <name>.debug_info</name>
         <load_address>0x1e611</load_address>
         <run_address>0x1e611</run_address>
         <size>0x337</size>
         <input_file_ref idref="fl-ea"/>
      </object_component>
      <object_component id="oc-277">
         <name>.debug_info</name>
         <load_address>0x1e948</load_address>
         <run_address>0x1e948</run_address>
         <size>0x109</size>
         <input_file_ref idref="fl-ea"/>
      </object_component>
      <object_component id="oc-2f7">
         <name>.debug_info</name>
         <load_address>0x1ea51</load_address>
         <run_address>0x1ea51</run_address>
         <size>0x109</size>
         <input_file_ref idref="fl-ea"/>
      </object_component>
      <object_component id="oc-3d3">
         <name>.debug_info</name>
         <load_address>0x1eb5a</load_address>
         <run_address>0x1eb5a</run_address>
         <size>0x3cf</size>
         <input_file_ref idref="fl-ed"/>
      </object_component>
      <object_component id="oc-357">
         <name>.debug_info</name>
         <load_address>0x1ef29</load_address>
         <run_address>0x1ef29</run_address>
         <size>0x195</size>
         <input_file_ref idref="fl-ed"/>
      </object_component>
      <object_component id="oc-3db">
         <name>.debug_info</name>
         <load_address>0x1f0be</load_address>
         <run_address>0x1f0be</run_address>
         <size>0x3d1</size>
         <input_file_ref idref="fl-ee"/>
      </object_component>
      <object_component id="oc-35e">
         <name>.debug_info</name>
         <load_address>0x1f48f</load_address>
         <run_address>0x1f48f</run_address>
         <size>0x1a5</size>
         <input_file_ref idref="fl-ee"/>
      </object_component>
      <object_component id="oc-3bf">
         <name>.debug_info</name>
         <load_address>0x1f634</load_address>
         <run_address>0x1f634</run_address>
         <size>0x373</size>
         <input_file_ref idref="fl-ef"/>
      </object_component>
      <object_component id="oc-325">
         <name>.debug_info</name>
         <load_address>0x1f9a7</load_address>
         <run_address>0x1f9a7</run_address>
         <size>0x1bc</size>
         <input_file_ref idref="fl-ef"/>
      </object_component>
      <object_component id="oc-3c5">
         <name>.debug_info</name>
         <load_address>0x1fb63</load_address>
         <run_address>0x1fb63</run_address>
         <size>0x378</size>
         <input_file_ref idref="fl-f0"/>
      </object_component>
      <object_component id="oc-337">
         <name>.debug_info</name>
         <load_address>0x1fedb</load_address>
         <run_address>0x1fedb</run_address>
         <size>0x210</size>
         <input_file_ref idref="fl-f0"/>
      </object_component>
      <object_component id="oc-3bb">
[...]
      </symbol>
      <symbol id="sm-137">
         <name>dopen</name>
         <value>0xe0d</value>
         <object_component_ref idref="oc-20c"/>
      </symbol>
      <symbol id="sm-138">
         <name>dlseek</name>
         <value>0x1941</value>
         <object_component_ref idref="oc-1fa"/>
      </symbol>
      <symbol id="sm-139">
         <name>dclose</name>
         <value>0x1881</value>
         <object_component_ref idref="oc-212"/>
      </symbol>
      <symbol id="sm-13a">
         <name>dwrite</name>
         <value>0x13b9</value>
         <object_component_ref idref="oc-1f4"/>
      </symbol>
      <symbol id="sm-13b">
         <name>drename</name>
         <value>0x1953</value>
         <object_component_ref idref="oc-206"/>
      </symbol>
      <symbol id="sm-157">
         <name>Reset_Handler</name>
         <value>0x197f</value>
         <object_component_ref idref="oc-6a"/>
      </symbol>
      <symbol id="sm-158">
         <name>Default_Handler</name>
         <value>0xd87</value>
         <object_component_ref idref="oc-70"/>
      </symbol>
      <symbol id="sm-159">
         <name>interruptVectors</name>
         <value>0x0</value>
         <object_component_ref idref="oc-26"/>
      </symbol>
      <symbol id="sm-16c">
         <name>SystemInit</name>
         <value>0xbe1</value>
         <object_component_ref idref="oc-b2"/>
      </symbol>
      <symbol id="sm-1c3">
         <name>GPIO_setOutputHighOnPin</name>
         <value>0x1791</value>
         <object_component_ref idref="oc-161"/>
      </symbol>
      <symbol id="sm-1c4">
         <name>GPIO_setAsOutputPin</name>
         <value>0x1559</value>
         <object_component_ref idref="oc-15b"/>
      </symbol>
      <symbol id="sm-1c5">
         <name>GPIO_setOutputLowOnPin</name>
         <value>0x17b9</value>
         <object_component_ref idref="oc-167"/>
      </symbol>
      <symbol id="sm-1c6">
         <name>GPIO_setAsPeripheralModuleFunctionOutputPin</name>
         <value>0xc79</value>
         <object_component_ref idref="oc-16d"/>
      </symbol>
      <symbol id="sm-20d">
         <name>Timer_A_setCompareValue</name>
         <value>0x17e1</value>
         <object_component_ref idref="oc-ff"/>
      </symbol>
      <symbol id="sm-20e">
         <name>Timer_A_initCompare</name>
         <value>0x12d5</value>
         <object_component_ref idref="oc-17a"/>
      </symbol>
      <symbol id="sm-20f">
         <name>Timer_A_startCounter</name>
         <value>0x18ed</value>
         <object_component_ref idref="oc-180"/>
      </symbol>
      <symbol id="sm-210">
         <name>Timer_A_configureUpMode</name>
         <value>0x1045</value>
         <object_component_ref idref="oc-174"/>
      </symbol>
      <symbol id="sm-233">
         <name>UART_initModule</name>
         <value>0x229</value>
         <object_component_ref idref="oc-2b3"/>
      </symbol>
      <symbol id="sm-257">
         <name>getc</name>
         <value>0xd89</value>
         <object_component_ref idref="oc-18a"/>
      </symbol>
      <symbol id="sm-258">
         <name>getchar</name>
         <value>0x198d</value>
         <object_component_ref idref="oc-ef"/>
      </symbol>
      <symbol id="sm-259">
         <name>fgetc</name>
         <value>0xd89</value>
         <object_component_ref idref="oc-18a"/>
      </symbol>
      <symbol id="sm-299">
         <name>__TI_cleanup</name>
         <value>0x1609</value>
         <object_component_ref idref="oc-295"/>
      </symbol>
      <symbol id="sm-29a">
         <name>freopen</name>
         <value>0x16a5</value>
         <object_component_ref idref="oc-1df"/>
      </symbol>
      <symbol id="sm-2b3">
         <name>__TI_buff_read</name>
         <value>0xa0d</value>
         <object_component_ref idref="oc-231"/>
      </symbol>
      <symbol id="sm-2ca">
         <name>__TI_rd_ok</name>
         <value>0x136f</value>
         <object_component_ref idref="oc-22b"/>
      </symbol>
      <symbol id="sm-2e6">
         <name>setvbuf</name>
         <value>0x639</value>
         <object_component_ref idref="oc-1e5"/>
      </symbol>
      <symbol id="sm-2f8">
         <name>__aeabi_cdcmpeq</name>
         <value>0xd01</value>
         <object_component_ref idref="oc-fa"/>
      </symbol>
      <symbol id="sm-2f9">
         <name>__aeabi_cdcmple</name>
         <value>0xd01</value>
         <object_component_ref idref="oc-fa"/>
      </symbol>
      <symbol id="sm-303">
         <name>__aeabi_i2d</name>
         <value>0x1737</value>
         <object_component_ref idref="oc-f5"/>
      </symbol>
      <symbol id="sm-31d">
         <name>__TI_zero_init_nomemset</name>
         <value>0x189d</value>
         <object_component_ref idref="oc-46"/>
      </symbol>
      <symbol id="sm-334">
         <name>__TI_decompress_none</name>
         <value>0x1963</value>
         <object_component_ref idref="oc-1d"/>
      </symbol>
      <symbol id="sm-357">
         <name>__TI_decompress_lzss</name>
         <value>0x10ad</value>
         <object_component_ref idref="oc-17"/>
      </symbol>
      <symbol id="sm-37d">
         <name>C$$EXIT</name>
         <value>0x19ad</value>
         <object_component_ref idref="oc-10e"/>
      </symbol>
      <symbol id="sm-37e">
         <name>abort</name>
         <value>0x19ad</value>
         <object_component_ref idref="oc-10e"/>
      </symbol>
      <symbol id="sm-37f">
         <name>__TI_dtors_ptr</name>
         <value>0x200007cc</value>
         <object_component_ref idref="oc-1a4"/>
      </symbol>
      <symbol id="sm-380">
         <name>__TI_cleanup_ptr</name>
         <value>0x200007c8</value>
         <object_component_ref idref="oc-1a4"/>
      </symbol>
      <symbol id="sm-381">
         <name>__TI_enable_exit_profile_output</name>
         <value>0x200007d0</value>
         <object_component_ref idref="oc-1a4"/>
      </symbol>
      <symbol id="sm-382">
         <name>exit</name>
         <value>0x1401</value>
         <object_component_ref idref="oc-114"/>
      </symbol>
      <symbol id="sm-397">
         <name>_nop</name>
         <value>0x1607</value>
         <object_component_ref idref="oc-24a"/>
      </symbol>
      <symbol id="sm-398">
         <name>_lock</name>
         <value>0x200007d4</value>
         <object_component_ref idref="oc-1a7"/>
      </symbol>
      <symbol id="sm-399">
         <name>_unlock</name>
         <value>0x200007d8</value>
         <object_component_ref idref="oc-1a7"/>
      </symbol>
      <symbol id="sm-3ae">
         <name>__TI_tmpnams</name>
         <value>0x20000520</value>
      </symbol>
      <symbol id="sm-3af">
         <name>__aeabi_stdout</name>
         <value>0x200007c0</value>
         <object_component_ref idref="oc-2f1"/>
      </symbol>
      <symbol id="sm-3b0">
         <name>__aeabi_stderr</name>
         <value>0x200007c4</value>
         <object_component_ref idref="oc-2f1"/>
      </symbol>
      <symbol id="sm-3b1">
         <name>__aeabi_stdin</name>
         <value>0x200007bc</value>
         <object_component_ref idref="oc-2f1"/>
      </symbol>
      <symbol id="sm-3b2">
         <name>_ftable</name>
         <value>0x20000600</value>
         <object_component_ref idref="oc-190"/>
      </symbol>
      <symbol id="sm-3b3">
         <name>__TI_ft_end</name>
         <value>0x200007b8</value>
         <object_component_ref idref="oc-2f1"/>
      </symbol>
      <symbol id="sm-437">
         <name>_sys_memory</name>
         <value>0x20000000</value>
         <object_component_ref idref="oc-29"/>
      </symbol>
      <symbol id="sm-438">
         <name>free</name>
         <value>0x555</value>
         <object_component_ref idref="oc-289"/>
      </symbol>
      <symbol id="sm-439">
         <name>memalign</name>
         <value>0x455</value>
         <object_component_ref idref="oc-37b"/>
      </symbol>
      <symbol id="sm-43a">
         <name>malloc</name>
         <value>0x19a1</value>
         <object_component_ref idref="oc-28f"/>
      </symbol>
      <symbol id="sm-43b">
         <name>aligned_alloc</name>
         <value>0x455</value>
         <object_component_ref idref="oc-37b"/>
      </symbol>
      <symbol id="sm-44e">
         <name>__stack</name>
         <value>0x2000fc00</value>
         <object_component_ref idref="oc-2c"/>
      </symbol>
      <symbol id="sm-44f">
         <name>_c_int00_noargs</name>
         <value>0x1671</value>
         <object_component_ref idref="oc-58"/>
      </symbol>
      <symbol id="sm-464">
         <name>read</name>
         <value>0x1831</value>
         <object_component_ref idref="oc-237"/>
      </symbol>
      <symbol id="sm-481">
         <name>open</name>
         <value>0x7e5</value>
         <object_component_ref idref="oc-365"/>
      </symbol>
      <symbol id="sm-4a6">
         <name>add_device</name>
         <value>0x8a1</value>
         <object_component_ref idref="oc-1d9"/>
      </symbol>
      <symbol id="sm-4bb">
         <name>__TI_closefile</name>
         <value>0xe8d</value>
         <object_component_ref idref="oc-27b"/>
      </symbol>
      <symbol id="sm-4cb">
         <name>__TI_doflush</name>
         <value>0x1323</value>
         <object_component_ref idref="oc-2eb"/>
      </symbol>
      <symbol id="sm-4ea">
         <name>finddevice</name>
         <value>0x16d9</value>
         <object_component_ref idref="oc-269"/>
      </symbol>
      <symbol id="sm-4eb">
         <name>getdevice</name>
         <value>0x1515</value>
         <object_component_ref idref="oc-3d4"/>
      </symbol>
      <symbol id="sm-506">
         <name>memcpy</name>
         <value>0xb45</value>
         <object_component_ref idref="oc-3a"/>
      </symbol>
      <symbol id="sm-507">
         <name>__aeabi_memcpy</name>
         <value>0xb45</value>
         <object_component_ref idref="oc-3a"/>
      </symbol>
      <symbol id="sm-508">
         <name>__aeabi_memcpy8</name>
         <value>0xb45</value>
         <object_component_ref idref="oc-3a"/>
      </symbol>
      <symbol id="sm-509">
         <name>__aeabi_memcpy4</name>
         <value>0xb45</value>
         <object_component_ref idref="oc-3a"/>
      </symbol>
      <symbol id="sm-531">
         <name>__TI_auto_init_nobinit_nopinit</name>
         <value>0x14d1</value>
         <object_component_ref idref="oc-11a"/>
      </symbol>
      <symbol id="sm-53b">
         <name>_system_pre_init</name>
         <value>0x19a9</value>
         <object_component_ref idref="oc-9a"/>
      </symbol>
      <symbol id="sm-54d">
         <name>strchr</name>
         <value>0x1903</value>
         <object_component_ref idref="oc-414"/>
      </symbol>
      <symbol id="sm-55c">
         <name>strcmp</name>
         <value>0x18d5</value>
         <object_component_ref idref="oc-313"/>
      </symbol>
      <symbol id="sm-56c">
         <name>strncpy</name>
         <value>0x15d1</value>
         <object_component_ref idref="oc-26f"/>
      </symbol>
      <symbol id="sm-57c">
         <name>write</name>
         <value>0x1859</value>
         <object_component_ref idref="oc-38d"/>
      </symbol>
      <symbol id="sm-58d">
         <name>_stream</name>
         <value>0x20000768</value>
         <object_component_ref idref="oc-2f6"/>
      </symbol>
      <symbol id="sm-58e">
         <name>_device</name>
         <value>0x200006f0</value>
         <object_component_ref idref="oc-276"/>
      </symbol>
      <symbol id="sm-5a4">
         <name>close</name>
         <value>0x1175</value>
         <object_component_ref idref="oc-356"/>
      </symbol>
      <symbol id="sm-5b4">
         <name>unlink</name>
         <value>0x1765</value>
         <object_component_ref idref="oc-35c"/>
      </symbol>
      <symbol id="sm-5c5">
         <name>HOSTclose</name>
         <value>0x1449</value>
         <object_component_ref idref="oc-323"/>
      </symbol>
      <symbol id="sm-5d6">
         <name>HOSTlseek</name>
         <value>0xfdd</value>
         <object_component_ref idref="oc-335"/>
      </symbol>
      <symbol id="sm-5e8">
         <name>parmbuf</name>
         <value>0x200005f8</value>
      </symbol>
      <symbol id="sm-5e9">
         <name>HOSTopen</name>
         <value>0x1115</value>
         <object_component_ref idref="oc-31d"/>
      </symbol>
      <symbol id="sm-5fa">
         <name>HOSTread</name>
         <value>0x11d1</value>
         <object_component_ref idref="oc-329"/>
      </symbol>
      <symbol id="sm-60b">
         <name>HOSTrename</name>
         <value>0xf71</value>
         <object_component_ref idref="oc-341"/>
      </symbol>
      <symbol id="sm-61c">
         <name>HOSTunlink</name>
         <value>0x148d</value>
         <object_component_ref idref="oc-33b"/>
      </symbol>
      <symbol id="sm-62d">
         <name>HOSTwrite</name>
         <value>0x1229</value>
         <object_component_ref idref="oc-32f"/>
      </symbol>
      <symbol id="sm-651">
         <name>__TI_readmsg</name>
         <value>0x163d</value>
         <object_component_ref idref="oc-3b4"/>
      </symbol>
      <symbol id="sm-652">
         <name>C$$IO$$</name>
         <value>0x15c7</value>
         <object_component_ref idref="oc-3ae"/>
      </symbol>
      <symbol id="sm-653">
         <name>__CIOBUF_</name>
         <value>0x20000400</value>
         <object_component_ref idref="oc-3fc"/>
      </symbol>
      <symbol id="sm-654">
         <name>__TI_writemsg</name>
         <value>0x1599</value>
         <object_component_ref idref="oc-3ae"/>
      </symbol>
      <symbol id="sm-662">
         <name>strcpy</name>
         <value>0x1919</value>
         <object_component_ref idref="oc-3c8"/>
      </symbol>
      <symbol id="sm-670">
         <name>strlen</name>
         <value>0x192d</value>
         <object_component_ref idref="oc-3a8"/>
      </symbol>
      <symbol id="sm-671">
         <name>__TI_static_base__</name>
         <value>0x0</value>
      </symbol>
      <symbol id="sm-674">
         <name>__mpu_init</name>
         <value>0x0</value>
      </symbol>
      <symbol id="sm-675">
         <name>_system_post_cinit</name>
         <value>0x0</value>
      </symbol>
      <symbol id="sm-676">
         <name>NMI_Handler</name>
         <value>0xd87</value>
      </symbol>
      <symbol id="sm-677">
         <name>HardFault_Handler</name>
         <value>0xd87</value>
      </symbol>
      <symbol id="sm-678">
         <name>MemManage_Handler</name>
         <value>0xd87</value>
      </symbol>
      <symbol id="sm-679">
         <name>BusFault_Handler</name>
         <value>0xd87</value>
      </symbol>
      <symbol id="sm-67a">
         <name>UsageFault_Handler</name>
         <value>0xd87</value>
      </symbol>
      <symbol id="sm-67b">
         <name>SVC_Handler</name>
         <value>0xd87</value>
      </symbol>
      <symbol id="sm-67c">
         <name>DebugMon_Handler</name>
         <value>0xd87</value>
      </symbol>
      <symbol id="sm-67d">
         <name>PendSV_Handler</name>
         <value>0xd87</value>
      </symbol>
      <symbol id="sm-67e">
         <name>SysTick_Handler</name>
         <value>0xd87</value>
      </symbol>
      <symbol id="sm-67f">
         <name>PSS_IRQHandler</name>
         <value>0xd87</value>
      </symbol>
      <symbol id="sm-680">
         <name>CS_IRQHandler</name>
         <value>0xd87</value>
      </symbol>
      <symbol id="sm-681">
         <name>PCM_IRQHandler</name>
         <value>0xd87</value>
      </symbol>
      <symbol id="sm-682">
         <name>WDT_A_IRQHandler</name>
         <value>0xd87</value>
      </symbol>
      <symbol id="sm-683">
         <name>FPU_IRQHandler</name>
         <value>0xd87</value>
      </symbol>
      <symbol id="sm-684">
         <name>FLCTL_IRQHandler</name>
         <value>0xd87</value>
      </symbol>
      <symbol id="sm-685">
         <name>COMP_E0_IRQHandler</name>
         <value>0xd87</value>
      </symbol>
      <symbol id="sm-686">
         <name>COMP_E1_IRQHandler</name>
         <value>0xd87</value>
      </symbol>
      <symbol id="sm-687">
         <name>TA0_0_IRQHandler</name>
         <value>0xd87</value>
      </symbol>
      <symbol id="sm-688">
         <name>TA0_N_IRQHandler</name>
         <value>0xd87</value>
      </symbol>
      <symbol id="sm-689">
         <name>TA1_0_IRQHandler</name>
         <value>0xd87</value>
      </symbol>
      <symbol id="sm-68a">
         <name>TA1_N_IRQHandler</name>
         <value>0xd87</value>
      </symbol>
      <symbol id="sm-68b">
         <name>TA2_0_IRQHandler</name>
         <value>0xd87</value>
      </symbol>
      <symbol id="sm-68c">
         <name>TA2_N_IRQHandler</name>
         <value>0xd87</value>
      </symbol>
      <symbol id="sm-68d">
         <name>TA3_0_IRQHandler</name>
         <value>0xd87</value>
      </symbol>
      <symbol id="sm-68e">
         <name>TA3_N_IRQHandler</name>
         <value>0xd87</value>
      </symbol>
      <symbol id="sm-68f">
         <name>EUSCIA0_IRQHandler</name>
         <value>0xd87</value>
      </symbol>
      <symbol id="sm-690">
         <name>EUSCIA1_IRQHandler</name>
         <value>0xd87</value>
      </symbol>
      <symbol id="sm-691">
         <name>EUSCIA2_IRQHandler</name>
         <value>0xd87</value>
      </symbol>
      <symbol id="sm-692">
         <name>EUSCIA3_IRQHandler</name>
         <value>0xd87</value>
      </symbol>
      <symbol id="sm-693">
         <name>EUSCIB0_IRQHandler</name>
         <value>0xd87</value>
      </symbol>
      <symbol id="sm-694">
         <name>EUSCIB1_IRQHandler</name>
         <value>0xd87</value>
      </symbol>
      <symbol id="sm-695">
         <name>EUSCIB2_IRQHandler</name>
         <value>0xd87</value>
      </symbol>
      <symbol id="sm-696">
         <name>EUSCIB3_IRQHandler</name>
         <value>0xd87</value>
      </symbol>
      <symbol id="sm-697">
         <name>ADC14_IRQHandler</name>
         <value>0xd87</value>
      </symbol>
      <symbol id="sm-698">
         <name>T32_INT1_IRQHandler</name>
         <value>0xd87</value>
      </symbol>
      <symbol id="sm-699">
         <name>T32_INT2_IRQHandler</name>
         <value>0xd87</value>
      </symbol>
      <symbol id="sm-69a">
         <name>T32_INTC_IRQHandler</name>
         <value>0xd87</value>
      </symbol>
      <symbol id="sm-69b">
         <name>AES256_IRQHandler</name>
         <value>0xd87</value>
      </symbol>
      <symbol id="sm-69c">
         <name>RTC_C_IRQHandler</name>
         <value>0xd87</value>
      </symbol>
      <symbol id="sm-69d">
         <name>DMA_ERR_IRQHandler</name>
         <value>0xd87</value>
      </symbol>
      <symbol id="sm-69e">
         <name>DMA_INT3_IRQHandler</name>
         <value>0xd87</value>
      </symbol>
      <symbol id="sm-69f">
         <name>DMA_INT2_IRQHandler</name>
         <value>0xd87</value>
      </symbol>
      <symbol id="sm-6a0">
         <name>DMA_INT1_IRQHandler</name>
         <value>0xd87</value>
      </symbol>
      <symbol id="sm-6a1">
         <name>DMA_INT0_IRQHandler</name>
         <value>0xd87</value>
      </symbol>
      <symbol id="sm-6a2">
         <name>PORT1_IRQHandler</name>
         <value>0xd87</value>
      </symbol>
      <symbol id="sm-6a3">
         <name>PORT2_IRQHandler</name>
         <value>0xd87</value>
      </symbol>
      <symbol id="sm-6a4">
         <name>PORT3_IRQHandler</name>
         <value>0xd87</value>
      </symbol>
      <symbol id="sm-6a5">
         <name>PORT4_IRQHandler</name>
         <value>0xd87</value>
      </symbol>
      <symbol id="sm-6a6">
         <name>PORT5_IRQHandler</name>
         <value>0xd87</value>
      </symbol>
      <symbol id="sm-6a7">
         <name>PORT6_IRQHandler</name>
         <value>0xd87</value>
      </symbol>
      <symbol id="sm-6a8">
         <name>remove</name>
         <value>0x1765</value>
      </symbol>
   </symbol_table>
   <title>Link successful</title>
</link_info>
